Component: ARM Compiler 5.06 update 7 (build 960) Tool: armlink [4d3601]

==============================================================================

Section Cross References

    system_stm32f4xx.o(i.SystemCoreClockUpdate) refers to system_stm32f4xx.o(.data) for SystemCoreClock
    system_stm32f4xx.o(i.SystemInit) refers to system_stm32f4xx.o(i.SetSysClock) for SetSysClock
    main.o(i.main) refers to board.o(i.board_init) for board_init
    main.o(i.main) refers to nvic_init.o(i.NVIC_Configuration) for NVIC_Configuration
    main.o(i.main) refers to bsp_uart.o(i.uart1_init) for uart1_init
    main.o(i.main) refers to dma_init.o(i.DMA_Uart1_Init_Config) for DMA_Uart1_Init_Config
    main.o(i.main) refers to dma_init.o(i.DMA_DCMI_Init_Config) for DMA_DCMI_Init_Config
    main.o(i.main) refers to dcmi.o(i.DCMI_Camera_Init) for DCMI_Camera_Init
    main.o(i.main) refers to i2c_init.o(i.User_I2C_Init) for User_I2C_Init
    main.o(i.main) refers to spi_init.o(i.SPI_FLASH_BUS_Init) for SPI_FLASH_BUS_Init
    main.o(i.main) refers to spi_init.o(i.SPI_Screen_BUS_Init) for SPI_Screen_BUS_Init
    main.o(i.main) refers to spi_screen_init.o(i.LCD_Screen_Init) for LCD_Screen_Init
    main.o(i.main) refers to spi_screen_init.o(i.LCD_Address_Set) for LCD_Address_Set
    main.o(i.main) refers to spi_screen_init.o(i.LCD_Fill) for LCD_Fill
    main.o(i.main) refers to ov2640_init.o(i.OV2640_Image_Config) for OV2640_Image_Config
    main.o(i.main) refers to stm32f4xx_spi.o(i.SPI_Cmd) for SPI_Cmd
    main.o(i.main) refers to stm32f4xx_spi.o(i.SPI_DataSizeConfig) for SPI_DataSizeConfig
    main.o(i.main) refers to stm32f4xx_gpio.o(i.GPIO_WriteBit) for GPIO_WriteBit
    main.o(i.main) refers to stm32f4xx_dma.o(i.DMA_Cmd) for DMA_Cmd
    main.o(i.main) refers to stm32f4xx_dcmi.o(i.DCMI_Cmd) for DCMI_Cmd
    main.o(i.main) refers to stm32f4xx_dcmi.o(i.DCMI_CaptureCmd) for DCMI_CaptureCmd
    main.o(i.main) refers to printf8.o(i.__0printf$8) for __2printf
    main.o(i.main) refers to memcpya.o(.text) for __aeabi_memcpy
    main.o(i.main) refers to response.o(i.do_process) for do_process
    main.o(i.main) refers to response.o(.bss) for test_data
    main.o(i.main) refers to dma_init.o(.data) for usart1_rx_len
    main.o(i.main) refers to dma_init.o(.bss) for DMA_USART1_RX_BUF
    stm32f4xx_it.o(i.DMA2_Stream7_IRQHandler) refers to stm32f4xx_dma.o(i.DMA_GetITStatus) for DMA_GetITStatus
    stm32f4xx_it.o(i.DMA2_Stream7_IRQHandler) refers to stm32f4xx_dma.o(i.DMA_ClearITPendingBit) for DMA_ClearITPendingBit
    stm32f4xx_it.o(i.DMA2_Stream7_IRQHandler) refers to stm32f4xx_dma.o(i.DMA_Cmd) for DMA_Cmd
    stm32f4xx_it.o(i.DMA2_Stream7_IRQHandler) refers to stm32f4xx_usart.o(i.USART_ITConfig) for USART_ITConfig
    stm32f4xx_it.o(i.USART1_IRQHandler) refers to stm32f4xx_usart.o(i.USART_GetITStatus) for USART_GetITStatus
    stm32f4xx_it.o(i.USART1_IRQHandler) refers to stm32f4xx_dma.o(i.DMA_Cmd) for DMA_Cmd
    stm32f4xx_it.o(i.USART1_IRQHandler) refers to stm32f4xx_dma.o(i.DMA_GetCurrDataCounter) for DMA_GetCurrDataCounter
    stm32f4xx_it.o(i.USART1_IRQHandler) refers to stm32f4xx_dma.o(i.DMA_ClearFlag) for DMA_ClearFlag
    stm32f4xx_it.o(i.USART1_IRQHandler) refers to stm32f4xx_dma.o(i.DMA_SetCurrDataCounter) for DMA_SetCurrDataCounter
    stm32f4xx_it.o(i.USART1_IRQHandler) refers to stm32f4xx_usart.o(i.USART_ReceiveData) for USART_ReceiveData
    stm32f4xx_it.o(i.USART1_IRQHandler) refers to stm32f4xx_usart.o(i.USART_ClearITPendingBit) for USART_ClearITPendingBit
    stm32f4xx_it.o(i.USART1_IRQHandler) refers to stm32f4xx_usart.o(i.USART_ITConfig) for USART_ITConfig
    stm32f4xx_it.o(i.USART1_IRQHandler) refers to response.o(.bss) for test_data
    stm32f4xx_it.o(i.USART1_IRQHandler) refers to dma_init.o(.data) for usart1_rx_len
    startup_stm32f40xx.o(RESET) refers to startup_stm32f40xx.o(STACK) for __initial_sp
    startup_stm32f40xx.o(RESET) refers to startup_stm32f40xx.o(.text) for Reset_Handler
    startup_stm32f40xx.o(RESET) refers to stm32f4xx_it.o(i.NMI_Handler) for NMI_Handler
    startup_stm32f40xx.o(RESET) refers to stm32f4xx_it.o(i.HardFault_Handler) for HardFault_Handler
    startup_stm32f40xx.o(RESET) refers to stm32f4xx_it.o(i.MemManage_Handler) for MemManage_Handler
    startup_stm32f40xx.o(RESET) refers to stm32f4xx_it.o(i.BusFault_Handler) for BusFault_Handler
    startup_stm32f40xx.o(RESET) refers to stm32f4xx_it.o(i.UsageFault_Handler) for UsageFault_Handler
    startup_stm32f40xx.o(RESET) refers to stm32f4xx_it.o(i.SVC_Handler) for SVC_Handler
    startup_stm32f40xx.o(RESET) refers to stm32f4xx_it.o(i.DebugMon_Handler) for DebugMon_Handler
    startup_stm32f40xx.o(RESET) refers to stm32f4xx_it.o(i.PendSV_Handler) for PendSV_Handler
    startup_stm32f40xx.o(RESET) refers to stm32f4xx_it.o(i.SysTick_Handler) for SysTick_Handler
    startup_stm32f40xx.o(RESET) refers to stm32f4xx_it.o(i.USART1_IRQHandler) for USART1_IRQHandler
[...]
    Removing stm32f4xx_usart.o(i.USART_OneBitMethodCmd), (24 bytes).
    Removing stm32f4xx_usart.o(i.USART_OverSampling8Cmd), (22 bytes).
    Removing stm32f4xx_usart.o(i.USART_ReceiverWakeUpCmd), (24 bytes).
    Removing stm32f4xx_usart.o(i.USART_SendBreak), (10 bytes).
    Removing stm32f4xx_usart.o(i.USART_SendData), (8 bytes).
    Removing stm32f4xx_usart.o(i.USART_SetAddress), (18 bytes).
    Removing stm32f4xx_usart.o(i.USART_SetGuardTime), (16 bytes).
    Removing stm32f4xx_usart.o(i.USART_SetPrescaler), (16 bytes).
    Removing stm32f4xx_usart.o(i.USART_SmartCardCmd), (24 bytes).
    Removing stm32f4xx_usart.o(i.USART_SmartCardNACKCmd), (24 bytes).
    Removing stm32f4xx_usart.o(i.USART_StructInit), (24 bytes).
    Removing stm32f4xx_usart.o(i.USART_WakeUpConfig), (18 bytes).
    Removing stm32f4xx_wwdg.o(.rev16_text), (4 bytes).
    Removing stm32f4xx_wwdg.o(.revsh_text), (4 bytes).
    Removing stm32f4xx_wwdg.o(.rrx_text), (6 bytes).
    Removing stm32f4xx_wwdg.o(i.WWDG_ClearFlag), (12 bytes).
    Removing stm32f4xx_wwdg.o(i.WWDG_DeInit), (22 bytes).
    Removing stm32f4xx_wwdg.o(i.WWDG_Enable), (16 bytes).
    Removing stm32f4xx_wwdg.o(i.WWDG_EnableIT), (12 bytes).
    Removing stm32f4xx_wwdg.o(i.WWDG_GetFlagStatus), (20 bytes).
    Removing stm32f4xx_wwdg.o(i.WWDG_SetCounter), (16 bytes).
    Removing stm32f4xx_wwdg.o(i.WWDG_SetPrescaler), (24 bytes).
    Removing stm32f4xx_wwdg.o(i.WWDG_SetWindowValue), (40 bytes).
    Removing i2c_init.o(.rev16_text), (4 bytes).
    Removing i2c_init.o(.revsh_text), (4 bytes).
    Removing i2c_init.o(.rrx_text), (6 bytes).
    Removing i2c_handle.o(.rev16_text), (4 bytes).
    Removing i2c_handle.o(.revsh_text), (4 bytes).
    Removing i2c_handle.o(.rrx_text), (6 bytes).
    Removing response.o(.rev16_text), (4 bytes).
    Removing response.o(.revsh_text), (4 bytes).
    Removing response.o(.rrx_text), (6 bytes).
    Removing spi_control.o(.rev16_text), (4 bytes).
    Removing spi_control.o(.revsh_text), (4 bytes).
    Removing spi_control.o(.rrx_text), (6 bytes).
    Removing spi_control.o(i.SPI_FLASH_BufferRead), (112 bytes).
    Removing spi_control.o(i.SPI_FLASH_BufferWrite), (118 bytes).
    Removing spi_control.o(i.SPI_FLASH_PageWrite), (136 bytes).
    Removing spi_control.o(i.SPI_FLASH_ReadID), (96 bytes).
    Removing spi_control.o(i.SPI_FLASH_SectorErase), (80 bytes).
    Removing spi_control.o(i.SPI_FLASH_WaitForWriteEnd), (88 bytes).
    Removing spi_control.o(i.SPI_FLASH_WriteEnable), (36 bytes).
    Removing spi_control.o(i.SPI_Send_receive_Byte), (112 bytes).
    Removing spi_control.o(i.SPI_TIMEOUT_UserCallback), (68 bytes).
    Removing spi_control.o(.constdata), (48 bytes).
    Removing spi_control.o(.conststring), (242 bytes).
    Removing spi_init.o(.rev16_text), (4 bytes).
    Removing spi_init.o(.revsh_text), (4 bytes).
    Removing spi_init.o(.rrx_text), (6 bytes).
    Removing test_code.o(.rev16_text), (4 bytes).
    Removing test_code.o(.revsh_text), (4 bytes).
    Removing test_code.o(.rrx_text), (6 bytes).
    Removing test_code.o(i.test_SPI_Flash), (340 bytes).
    Removing dma_init.o(.rev16_text), (4 bytes).
    Removing dma_init.o(.revsh_text), (4 bytes).
    Removing dma_init.o(.rrx_text), (6 bytes).
    Removing dma_init.o(i.usart_send_String_DMA), (56 bytes).
    Removing nvic_init.o(.rev16_text), (4 bytes).
    Removing nvic_init.o(.revsh_text), (4 bytes).
    Removing nvic_init.o(.rrx_text), (6 bytes).
    Removing spi_screen_init.o(.rev16_text), (4 bytes).
    Removing spi_screen_init.o(.revsh_text), (4 bytes).
    Removing spi_screen_init.o(.rrx_text), (6 bytes).
    Removing spi_screen_init.o(i.LCD_Pixel_Cycle), (58 bytes).
    Removing spi_screen_init.o(i.LCD_Write_Data_1Line_Tx), (104 bytes).
    Removing spi_screen_init.o(i.LCD_Write_Data_FullDuplex), (152 bytes).
    Removing dcmi.o(.rev16_text), (4 bytes).
    Removing dcmi.o(.revsh_text), (4 bytes).
    Removing dcmi.o(.rrx_text), (6 bytes).
    Removing ov2640_init.o(.rev16_text), (4 bytes).
    Removing ov2640_init.o(.revsh_text), (4 bytes).
    Removing ov2640_init.o(.rrx_text), (6 bytes).
    Removing ov2640_init.o(i.OV2640_ImageSize_Set), (80 bytes).
    Removing ov2640_init.o(i.OV2640_ImageWin_Set), (188 bytes).
    Removing dadd.o(.text), (334 bytes).
    Removing dmul.o(.text), (228 bytes).
    Removing ddiv.o(.text), (222 bytes).
    Removing dfixul.o(.text), (48 bytes).
    Removing cdrcmple.o(.text), (48 bytes).
    Removing depilogue.o(.text), (186 bytes).

855 unused section(s) (total 37468 bytes) removed from the image.

==============================================================================

Image Symbol Table

    Local Symbols

    Symbol Name                              Value     Ov Type        Size  Object(Section)

    ../clib/microlib/division.c              0x00000000   Number         0  uldiv.o ABSOLUTE
    ../clib/microlib/division.c              0x00000000   Number         0  uidiv.o ABSOLUTE
    ../clib/microlib/init/entry.s            0x00000000   Number         0  entry8a.o ABSOLUTE
    ../clib/microlib/init/entry.s            0x00000000   Number         0  entry11a.o ABSOLUTE
    ../clib/microlib/init/entry.s            0x00000000   Number         0  entry10b.o ABSOLUTE
    ../clib/microlib/init/entry.s            0x00000000   Number         0  entry8b.o ABSOLUTE
    ../clib/microlib/init/entry.s            0x00000000   Number         0  entry9a.o ABSOLUTE
    ../clib/microlib/init/entry.s            0x00000000   Number         0  entry10a.o ABSOLUTE
    ../clib/microlib/init/entry.s            0x00000000   Number         0  entry9b.o ABSOLUTE
    ../clib/microlib/init/entry.s            0x00000000   Number         0  entry.o ABSOLUTE
    ../clib/microlib/init/entry.s            0x00000000   Number         0  entry2.o ABSOLUTE
    ../clib/microlib/init/entry.s            0x00000000   Number         0  entry5.o ABSOLUTE
    ../clib/microlib/init/entry.s            0x00000000   Number         0  entry7a.o ABSOLUTE
    ../clib/microlib/init/entry.s            0x00000000   Number         0  entry12b.o ABSOLUTE
    ../clib/microlib/init/entry.s            0x00000000   Number         0  entry12a.o ABSOLUTE
    ../clib/microlib/init/entry.s            0x00000000   Number         0  entry7b.o ABSOLUTE
    ../clib/microlib/init/entry.s            0x00000000   Number         0  entry11b.o ABSOLUTE
    ../clib/microlib/longlong.c              0x00000000   Number         0  llshl.o ABSOLUTE
    ../clib/microlib/longlong.c              0x00000000   Number         0  llsshr.o ABSOLUTE
    ../clib/microlib/longlong.c              0x00000000   Number         0  llushr.o ABSOLUTE
    ../clib/microlib/printf/printf.c         0x00000000   Number         0  printf4.o ABSOLUTE
    ../clib/microlib/printf/printf.c         0x00000000   Number         0  printfa.o ABSOLUTE
    ../clib/microlib/printf/printf.c         0x00000000   Number         0  printf3.o ABSOLUTE
    ../clib/microlib/printf/printf.c         0x00000000   Number         0  printf2.o ABSOLUTE
    ../clib/microlib/printf/printf.c         0x00000000   Number         0  printf1.o ABSOLUTE
    ../clib/microlib/printf/printf.c         0x00000000   Number         0  printf0.o ABSOLUTE
    ../clib/microlib/printf/printf.c         0x00000000   Number         0  printfb.o ABSOLUTE
    ../clib/microlib/printf/printf.c         0x00000000   Number         0  printf8.o ABSOLUTE
    ../clib/microlib/printf/printf.c         0x00000000   Number         0  printf7.o ABSOLUTE
    ../clib/microlib/printf/printf.c         0x00000000   Number         0  printf6.o ABSOLUTE
    ../clib/microlib/printf/printf.c         0x00000000   Number         0  printf5.o ABSOLUTE
    ../clib/microlib/printf/stubs.s          0x00000000   Number         0  stubs.o ABSOLUTE
    ../clib/microlib/stdio/streams.c         0x00000000   Number         0  stdout.o ABSOLUTE
    ../clib/microlib/string/memcpy.c         0x00000000   Number         0  memcpyb.o ABSOLUTE
    ../clib/microlib/string/memcpy.c         0x00000000   Number         0  memcpya.o ABSOLUTE
    ../clib/microlib/stubs.s                 0x00000000   Number         0  iusefp.o ABSOLUTE
    ../fplib/microlib/fpadd.c                0x00000000   Number         0  dadd.o ABSOLUTE
    ../fplib/microlib/fpdiv.c                0x00000000   Number         0  ddiv.o ABSOLUTE
    ../fplib/microlib/fpepilogue.c           0x00000000   Number         0  depilogue.o ABSOLUTE
    ../fplib/microlib/fpfix.c                0x00000000   Number         0  dfixul.o ABSOLUTE
    ../fplib/microlib/fpmul.c                0x00000000   Number         0  dmul.o ABSOLUTE
    ..\..\PeripheralModule\OV2640\OV2640_init.c 0x00000000   Number         0  ov2640_init.o ABSOLUTE
    ..\..\PeripheralModule\SPI_Screen\SPI_Screen_init.c 0x00000000   Number         0  spi_screen_init.o ABSOLUTE
    ..\..\app\main.c                         0x00000000   Number         0  main.o ABSOLUTE
    ..\..\board\board.c                      0x00000000   Number         0  board.o ABSOLUTE
    ..\..\bsp\DCMI\DCMI.c                    0x00000000   Number         0  dcmi.o ABSOLUTE
    ..\..\bsp\DMA\DMA_Init.c                 0x00000000   Number         0  dma_init.o ABSOLUTE
    ..\..\bsp\I2C\i2c_handle.c               0x00000000   Number         0  i2c_handle.o ABSOLUTE
    ..\..\bsp\I2C\i2c_init.c                 0x00000000   Number         0  i2c_init.o ABSOLUTE
    ..\..\bsp\NVIC\NVIC_Init.c               0x00000000   Number         0  nvic_init.o ABSOLUTE
    ..\..\bsp\Response\response.c            0x00000000   Number         0  response.o ABSOLUTE
    ..\..\bsp\SPI\SPI_Control.c              0x00000000   Number         0  spi_control.o ABSOLUTE
    ..\..\bsp\SPI\Test_code.c                0x00000000   Number         0  test_code.o ABSOLUTE
    ..\..\bsp\SPI\spi_init.c                 0x00000000   Number         0  spi_init.o ABSOLUTE
    ..\..\bsp\uart\bsp_uart.c                0x00000000   Number         0  bsp_uart.o ABSOLUTE
    ..\..\libraries\CMSIS\Device\ST\STM32F4xx\Source\Templates\arm\startup_stm32f40xx.s 0x00000000   Number         0  startup_stm32f40xx.o ABSOLUTE
    ..\..\libraries\CMSIS\Device\ST\STM32F4xx\Source\Templates\system_stm32f4xx.c 0x00000000   Number         0  system_stm32f4xx.o ABSOLUTE
    ..\..\libraries\STM32F4xx_StdPeriph_Driver\src\misc.c 0x00000000   Number         0  misc.o ABSOLUTE
    ..\..\libraries\STM32F4xx_StdPeriph_Driver\src\stm32f4xx_adc.c 0x00000000   Number         0  stm32f4xx_adc.o ABSOLUTE
    ..\..\libraries\STM32F4xx_StdPeriph_Driver\src\stm32f4xx_can.c 0x00000000   Number         0  stm32f4xx_can.o ABSOLUTE
    ..\..\libraries\STM32F4xx_StdPeriph_Driver\src\stm32f4xx_cec.c 0x00000000   Number         0  stm32f4xx_cec.o ABSOLUTE
    ..\..\libraries\STM32F4xx_StdPeriph_Driver\src\stm32f4xx_crc.c 0x00000000   Number         0  stm32f4xx_crc.o ABSOLUTE
    ..\..\libraries\STM32F4xx_StdPeriph_Driver\src\stm32f4xx_cryp.c 0x00000000   Number         0  stm32f4xx_cryp.o ABSOLUTE
    ..\..\libraries\STM32F4xx_StdPeriph_Driver\src\stm32f4xx_cryp_aes.c 0x00000000   Number         0  stm32f4xx_cryp_aes.o ABSOLUTE
    ..\..\libraries\STM32F4xx_StdPeriph_Driver\src\stm32f4xx_cryp_des.c 0x00000000   Number         0  stm32f4xx_cryp_des.o ABSOLUTE
    ..\..\libraries\STM32F4xx_StdPeriph_Driver\src\stm32f4xx_cryp_tdes.c 0x00000000   Number         0  stm32f4xx_cryp_tdes.o ABSOLUTE
    ..\..\libraries\STM32F4xx_StdPeriph_Driver\src\stm32f4xx_dac.c 0x00000000   Number         0  stm32f4xx_dac.o ABSOLUTE
    ..\..\libraries\STM32F4xx_StdPeriph_Driver\src\stm32f4xx_dbgmcu.c 0x00000000   Number         0  stm32f4xx_dbgmcu.o ABSOLUTE
    ..\..\libraries\STM32F4xx_StdPeriph_Driver\src\stm32f4xx_dcmi.c 0x00000000   Number         0  stm32f4xx_dcmi.o ABSOLUTE
    ..\..\libraries\STM32F4xx_StdPeriph_Driver\src\stm32f4xx_dfsdm.c 0x00000000   Number         0  stm32f4xx_dfsdm.o ABSOLUTE
    ..\..\libraries\STM32F4xx_StdPeriph_Driver\src\stm32f4xx_dma.c 0x00000000   Number         0  stm32f4xx_dma.o ABSOLUTE
    ..\..\libraries\STM32F4xx_StdPeriph_Driver\src\stm32f4xx_dma2d.c 0x00000000   Number         0  stm32f4xx_dma2d.o ABSOLUTE
    ..\..\libraries\STM32F4xx_StdPeriph_Driver\src\stm32f4xx_dsi.c 0x00000000   Number         0  stm32f4xx_dsi.o ABSOLUTE
    ..\..\libraries\STM32F4xx_StdPeriph_Driver\src\stm32f4xx_exti.c 0x00000000   Number         0  stm32f4xx_exti.o ABSOLUTE
    ..\..\libraries\STM32F4xx_StdPeriph_Driver\src\stm32f4xx_flash.c 0x00000000   Number         0  stm32f4xx_flash.o ABSOLUTE
    ..\..\libraries\STM32F4xx_StdPeriph_Driver\src\stm32f4xx_flash_ramfunc.c 0x00000000   Number         0  stm32f4xx_flash_ramfunc.o ABSOLUTE
    ..\..\libraries\STM32F4xx_StdPeriph_Driver\src\stm32f4xx_fmpi2c.c 0x00000000   Number         0  stm32f4xx_fmpi2c.o ABSOLUTE
    ..\..\libraries\STM32F4xx_StdPeriph_Driver\src\stm32f4xx_fsmc.c 0x00000000   Number         0  stm32f4xx_fsmc.o ABSOLUTE
    ..\..\libraries\STM32F4xx_StdPeriph_Driver\src\stm32f4xx_gpio.c 0x00000000   Number         0  stm32f4xx_gpio.o ABSOLUTE
    ..\..\libraries\STM32F4xx_StdPeriph_Driver\src\stm32f4xx_hash.c 0x00000000   Number         0  stm32f4xx_hash.o ABSOLUTE
    ..\..\libraries\STM32F4xx_StdPeriph_Driver\src\stm32f4xx_hash_md5.c 0x00000000   Number         0  stm32f4xx_hash_md5.o ABSOLUTE
    ..\..\libraries\STM32F4xx_StdPeriph_Driver\src\stm32f4xx_hash_sha1.c 0x00000000   Number         0  stm32f4xx_hash_sha1.o ABSOLUTE
    ..\..\libraries\STM32F4xx_StdPeriph_Driver\src\stm32f4xx_i2c.c 0x00000000   Number         0  stm32f4xx_i2c.o ABSOLUTE
    ..\..\libraries\STM32F4xx_StdPeriph_Driver\src\stm32f4xx_iwdg.c 0x00000000   Number         0  stm32f4xx_iwdg.o ABSOLUTE
    ..\..\libraries\STM32F4xx_StdPeriph_Driver\src\stm32f4xx_lptim.c 0x00000000   Number         0  stm32f4xx_lptim.o ABSOLUTE
    ..\..\libraries\STM32F4xx_StdPeriph_Driver\src\stm32f4xx_ltdc.c 0x00000000   Number         0  stm32f4xx_ltdc.o ABSOLUTE
    ..\..\libraries\STM32F4xx_StdPeriph_Driver\src\stm32f4xx_pwr.c 0x00000000   Number         0  stm32f4xx_pwr.o ABSOLUTE
    ..\..\libraries\STM32F4xx_StdPeriph_Driver\src\stm32f4xx_qspi.c 0x00000000   Number         0  stm32f4xx_qspi.o ABSOLUTE
    ..\..\libraries\STM32F4xx_StdPeriph_Driver\src\stm32f4xx_rcc.c 0x00000000   Number         0  stm32f4xx_rcc.o ABSOLUTE
    ..\..\libraries\STM32F4xx_StdPeriph_Driver\src\stm32f4xx_rng.c 0x00000000   Number         0  stm32f4xx_rng.o ABSOLUTE
    ..\..\libraries\STM32F4xx_StdPeriph_Driver\src\stm32f4xx_rtc.c 0x00000000   Number         0  stm32f4xx_rtc.o ABSOLUTE
    ..\..\libraries\STM32F4xx_StdPeriph_Driver\src\stm32f4xx_sai.c 0x00000000   Number         0  stm32f4xx_sai.o ABSOLUTE
    ..\..\libraries\STM32F4xx_StdPeriph_Driver\src\stm32f4xx_sdio.c 0x00000000   Number         0  stm32f4xx_sdio.o ABSOLUTE
    ..\..\libraries\STM32F4xx_StdPeriph_Driver\src\stm32f4xx_spdifrx.c 0x00000000   Number         0  stm32f4xx_spdifrx.o ABSOLUTE
    ..\..\libraries\STM32F4xx_StdPeriph_Driver\src\stm32f4xx_spi.c 0x00000000   Number         0  stm32f4xx_spi.o ABSOLUTE
    ..\..\libraries\STM32F4xx_StdPeriph_Driver\src\stm32f4xx_syscfg.c 0x00000000   Number         0  stm32f4xx_syscfg.o ABSOLUTE
    ..\..\libraries\STM32F4xx_StdPeriph_Driver\src\stm32f4xx_tim.c 0x00000000   Number         0  stm32f4xx_tim.o ABSOLUTE
    ..\..\libraries\STM32F4xx_StdPeriph_Driver\src\stm32f4xx_usart.c 0x00000000   Number         0  stm32f4xx_usart.o ABSOLUTE
    ..\..\libraries\STM32F4xx_StdPeriph_Driver\src\stm32f4xx_wwdg.c 0x00000000   Number         0  stm32f4xx_wwdg.o ABSOLUTE
    ..\..\module\stm32f4xx_it.c              0x00000000   Number         0  stm32f4xx_it.o ABSOLUTE
    ..\\..\\PeripheralModule\\OV2640\\OV2640_init.c 0x00000000   Number         0  ov2640_init.o ABSOLUTE
    ..\\..\\PeripheralModule\\SPI_Screen\\SPI_Screen_init.c 0x00000000   Number         0  spi_screen_init.o ABSOLUTE
    ..\\..\\app\\main.c                      0x00000000   Number         0  main.o ABSOLUTE
    ..\\..\\board\\board.c                   0x00000000   Number         0  board.o ABSOLUTE
    ..\\..\\bsp\\DCMI\\DCMI.c                0x00000000   Number         0  dcmi.o ABSOLUTE
    ..\\..\\bsp\\DMA\\DMA_Init.c             0x00000000   Number         0  dma_init.o ABSOLUTE
    ..\\..\\bsp\\I2C\\i2c_handle.c           0x00000000   Number         0  i2c_handle.o ABSOLUTE
    ..\\..\\bsp\\I2C\\i2c_init.c             0x00000000   Number         0  i2c_init.o ABSOLUTE
    ..\\..\\bsp\\NVIC\\NVIC_Init.c           0x00000000   Number         0  nvic_init.o ABSOLUTE
    ..\\..\\bsp\\Response\\response.c        0x00000000   Number         0  response.o ABSOLUTE
    ..\\..\\bsp\\SPI\\SPI_Control.c          0x00000000   Number         0  spi_control.o ABSOLUTE
    ..\\..\\bsp\\SPI\\Test_code.c            0x00000000   Number         0  test_code.o ABSOLUTE
    ..\\..\\bsp\\SPI\\spi_init.c             0x00000000   Number         0  spi_init.o ABSOLUTE
    ..\\..\\bsp\\uart\\bsp_uart.c            0x00000000   Number         0  bsp_uart.o ABSOLUTE
    ..\\..\\libraries\\CMSIS\\Device\\ST\\STM32F4xx\\Source\\Templates\\system_stm32f4xx.c 0x00000000   Number         0  system_stm32f4xx.o ABSOLUTE
    ..\\..\\libraries\\STM32F4xx_StdPeriph_Driver\\src\\misc.c 0x00000000   Number         0  misc.o ABSOLUTE
    ..\\..\\libraries\\STM32F4xx_StdPeriph_Driver\\src\\stm32f4xx_adc.c 0x00000000   Number         0  stm32f4xx_adc.o ABSOLUTE
    ..\\..\\libraries\\STM32F4xx_StdPeriph_Driver\\src\\stm32f4xx_can.c 0x00000000   Number         0  stm32f4xx_can.o ABSOLUTE
    ..\\..\\libraries\\STM32F4xx_StdPeriph_Driver\\src\\stm32f4xx_cec.c 0x00000000   Number         0  stm32f4xx_cec.o ABSOLUTE
    ..\\..\\libraries\\STM32F4xx_StdPeriph_Driver\\src\\stm32f4xx_crc.c 0x00000000   Number         0  stm32f4xx_crc.o ABSOLUTE
    ..\\..\\libraries\\STM32F4xx_StdPeriph_Driver\\src\\stm32f4xx_cryp.c 0x00000000   Number         0  stm32f4xx_cryp.o ABSOLUTE
    ..\\..\\libraries\\STM32F4xx_StdPeriph_Driver\\src\\stm32f4xx_cryp_aes.c 0x00000000   Number         0  stm32f4xx_cryp_aes.o ABSOLUTE
    ..\\..\\libraries\\STM32F4xx_StdPeriph_Driver\\src\\stm32f4xx_cryp_des.c 0x00000000   Number         0  stm32f4xx_cryp_des.o ABSOLUTE
    ..\\..\\libraries\\STM32F4xx_StdPeriph_Driver\\src\\stm32f4xx_cryp_tdes.c 0x00000000   Number         0  stm32f4xx_cryp_tdes.o ABSOLUTE
    ..\\..\\libraries\\STM32F4xx_StdPeriph_Driver\\src\\stm32f4xx_dac.c 0x00000000   Number         0  stm32f4xx_dac.o ABSOLUTE
    ..\\..\\libraries\\STM32F4xx_StdPeriph_Driver\\src\\stm32f4xx_dbgmcu.c 0x00000000   Number         0  stm32f4xx_dbgmcu.o ABSOLUTE
    ..\\..\\libraries\\STM32F4xx_StdPeriph_Driver\\src\\stm32f4xx_dcmi.c 0x00000000   Number         0  stm32f4xx_dcmi.o ABSOLUTE
    ..\\..\\libraries\\STM32F4xx_StdPeriph_Driver\\src\\stm32f4xx_dfsdm.c 0x00000000   Number         0  stm32f4xx_dfsdm.o ABSOLUTE
    ..\\..\\libraries\\STM32F4xx_StdPeriph_Driver\\src\\stm32f4xx_dma.c 0x00000000   Number         0  stm32f4xx_dma.o ABSOLUTE
    ..\\..\\libraries\\STM32F4xx_StdPeriph_Driver\\src\\stm32f4xx_dma2d.c 0x00000000   Number         0  stm32f4xx_dma2d.o ABSOLUTE
    ..\\..\\libraries\\STM32F4xx_StdPeriph_Driver\\src\\stm32f4xx_dsi.c 0x00000000   Number         0  stm32f4xx_dsi.o ABSOLUTE
    ..\\..\\libraries\\STM32F4xx_StdPeriph_Driver\\src\\stm32f4xx_exti.c 0x00000000   Number         0  stm32f4xx_exti.o ABSOLUTE
    ..\\..\\libraries\\STM32F4xx_StdPeriph_Driver\\src\\stm32f4xx_flash.c 0x00000000   Number         0  stm32f4xx_flash.o ABSOLUTE
    ..\\..\\libraries\\STM32F4xx_StdPeriph_Driver\\src\\stm32f4xx_flash_ramfunc.c 0x00000000   Number         0  stm32f4xx_flash_ramfunc.o ABSOLUTE
    ..\\..\\libraries\\STM32F4xx_StdPeriph_Driver\\src\\stm32f4xx_fmpi2c.c 0x00000000   Number         0  stm32f4xx_fmpi2c.o ABSOLUTE
    ..\\..\\libraries\\STM32F4xx_StdPeriph_Driver\\src\\stm32f4xx_fsmc.c 0x00000000   Number         0  stm32f4xx_fsmc.o ABSOLUTE
    ..\\..\\libraries\\STM32F4xx_StdPeriph_Driver\\src\\stm32f4xx_gpio.c 0x00000000   Number         0  stm32f4xx_gpio.o ABSOLUTE
    ..\\..\\libraries\\STM32F4xx_StdPeriph_Driver\\src\\stm32f4xx_hash.c 0x00000000   Number         0  stm32f4xx_hash.o ABSOLUTE
    ..\\..\\libraries\\STM32F4xx_StdPeriph_Driver\\src\\stm32f4xx_hash_md5.c 0x00000000   Number         0  stm32f4xx_hash_md5.o ABSOLUTE
    ..\\..\\libraries\\STM32F4xx_StdPeriph_Driver\\src\\stm32f4xx_hash_sha1.c 0x00000000   Number         0  stm32f4xx_hash_sha1.o ABSOLUTE
    ..\\..\\libraries\\STM32F4xx_StdPeriph_Driver\\src\\stm32f4xx_i2c.c 0x00000000   Number         0  stm32f4xx_i2c.o ABSOLUTE
    ..\\..\\libraries\\STM32F4xx_StdPeriph_Driver\\src\\stm32f4xx_iwdg.c 0x00000000   Number         0  stm32f4xx_iwdg.o ABSOLUTE
    ..\\..\\libraries\\STM32F4xx_StdPeriph_Driver\\src\\stm32f4xx_lptim.c 0x00000000   Number         0  stm32f4xx_lptim.o ABSOLUTE
    ..\\..\\libraries\\STM32F4xx_StdPeriph_Driver\\src\\stm32f4xx_ltdc.c 0x00000000   Number         0  stm32f4xx_ltdc.o ABSOLUTE
    ..\\..\\libraries\\STM32F4xx_StdPeriph_Driver\\src\\stm32f4xx_pwr.c 0x00000000   Number         0  stm32f4xx_pwr.o ABSOLUTE
    ..\\..\\libraries\\STM32F4xx_StdPeriph_Driver\\src\\stm32f4xx_qspi.c 0x00000000   Number         0  stm32f4xx_qspi.o ABSOLUTE
    ..\\..\\libraries\\STM32F4xx_StdPeriph_Driver\\src\\stm32f4xx_rcc.c 0x00000000   Number         0  stm32f4xx_rcc.o ABSOLUTE
    ..\\..\\libraries\\STM32F4xx_StdPeriph_Driver\\src\\stm32f4xx_rng.c 0x00000000   Number         0  stm32f4xx_rng.o ABSOLUTE
    ..\\..\\libraries\\STM32F4xx_StdPeriph_Driver\\src\\stm32f4xx_rtc.c 0x00000000   Number         0  stm32f4xx_rtc.o ABSOLUTE
    ..\\..\\libraries\\STM32F4xx_StdPeriph_Driver\\src\\stm32f4xx_sai.c 0x00000000   Number         0  stm32f4xx_sai.o ABSOLUTE
    ..\\..\\libraries\\STM32F4xx_StdPeriph_Driver\\src\\stm32f4xx_sdio.c 0x00000000   Number         0  stm32f4xx_sdio.o ABSOLUTE
    ..\\..\\libraries\\STM32F4xx_StdPeriph_Driver\\src\\stm32f4xx_spdifrx.c 0x00000000   Number         0  stm32f4xx_spdifrx.o ABSOLUTE
    ..\\..\\libraries\\STM32F4xx_StdPeriph_Driver\\src\\stm32f4xx_spi.c 0x00000000   Number         0  stm32f4xx_spi.o ABSOLUTE
    ..\\..\\libraries\\STM32F4xx_StdPeriph_Driver\\src\\stm32f4xx_syscfg.c 0x00000000   Number         0  stm32f4xx_syscfg.o ABSOLUTE
    ..\\..\\libraries\\STM32F4xx_StdPeriph_Driver\\src\\stm32f4xx_tim.c 0x00000000   Number         0  stm32f4xx_tim.o ABSOLUTE
    ..\\..\\libraries\\STM32F4xx_StdPeriph_Driver\\src\\stm32f4xx_usart.c 0x00000000   Number         0  stm32f4xx_usart.o ABSOLUTE
    ..\\..\\libraries\\STM32F4xx_StdPeriph_Driver\\src\\stm32f4xx_wwdg.c 0x00000000   Number         0  stm32f4xx_wwdg.o ABSOLUTE
    ..\\..\\module\\stm32f4xx_it.c           0x00000000   Number         0  stm32f4xx_it.o ABSOLUTE
    cdrcmple.s                               0x00000000   Number         0  cdrcmple.o ABSOLUTE
    dc.s                                     0x00000000   Number         0  dc.o ABSOLUTE
    handlers.s                               0x00000000   Number         0  handlers.o ABSOLUTE
    init.s                                   0x00000000   Number         0  init.o ABSOLUTE
    RESET                                    0x08000000   Section      392  startup_stm32f40xx.o(RESET)
    .ARM.Collect$$$$00000000                 0x08000188   Section        0  entry.o(.ARM.Collect$$$$00000000)
    .ARM.Collect$$$$00000001                 0x08000188   Section        4  entry2.o(.ARM.Collect$$$$00000001)
    .ARM.Collect$$$$00000004                 0x0800018c   Section        4  entry5.o(.ARM.Collect$$$$00000004)
    .ARM.Collect$$$$00000008                 0x08000190   Section        0  entry7b.o(.ARM.Collect$$$$00000008)
    .ARM.Collect$$$$0000000A                 0x08000190   Section        0  entry8b.o(.ARM.Collect$$$$0000000A)
    .ARM.Collect$$$$0000000B                 0x08000190   Section        8  entry9a.o(.ARM.Collect$$$$0000000B)
    .ARM.Collect$$$$0000000E                 0x08000198   Section        4  entry12b.o(.ARM.Collect$$$$0000000E)
    .ARM.Collect$$$$0000000F                 0x0800019c   Section        0  entry10a.o(.ARM.Collect$$$$0000000F)
    .ARM.Collect$$$$00000011                 0x0800019c   Section        0  entry11a.o(.ARM.Collect$$$$00000011)
    .ARM.Collect$$$$00002712                 0x0800019c   Section        4  entry2.o(.ARM.Collect$$$$00002712)
    __lit__00000000                          0x0800019c   Data           4  entry2.o(.ARM.Collect$$$$00002712)
    .text                                    0x080001a0   Section       36  startup_stm32f40xx.o(.text)
    $v0                                      0x080001a0   Number         0  startup_stm32f40xx.o(.text)
    .text                                    0x080001c4   Section        0  memcpya.o(.text)
    .text                                    0x080001e8   Section        0  uldiv.o(.text)
    .text                                    0x0800024c   Section       36  init.o(.text)
    .text                                    0x08000270   Section        0  llshl.o(.text)
    .text                                    0x0800028e   Section        0  llushr.o(.text)
    i.BusFault_Handler                       0x080002ae   Section        0  stm32f4xx_it.o(i.BusFault_Handler)
    i.DCMI_Camera_Init                       0x080002b2   Section        0  dcmi.o(i.DCMI_Camera_Init)
    i.DCMI_CaptureCmd                        0x080002c0   Section        0  stm32f4xx_dcmi.o(i.DCMI_CaptureCmd)
    i.DCMI_Cmd                               0x080002e4   Section        0  stm32f4xx_dcmi.o(i.DCMI_Cmd)
    i.DCMI_DCMI_Init                         0x08000308   Section        0  dcmi.o(i.DCMI_DCMI_Init)
    DCMI_DCMI_Init                           0x08000309   Thumb Code    62  dcmi.o(i.DCMI_DCMI_Init)
    i.DCMI_DeInit                            0x08000348   Section        0  stm32f4xx_dcmi.o(i.DCMI_DeInit)
    i.DCMI_GPIO_Init                         0x08000364   Section        0  dcmi.o(i.DCMI_GPIO_Init)
    DCMI_GPIO_Init                           0x08000365   Thumb Code   356  dcmi.o(i.DCMI_GPIO_Init)
    i.DCMI_Init                              0x080004d8   Section        0  stm32f4xx_dcmi.o(i.DCMI_Init)
    i.DMA2_Stream7_IRQHandler                0x08000518   Section        0  stm32f4xx_it.o(i.DMA2_Stream7_IRQHandler)
    i.DMA_ClearFlag                          0x08000550   Section        0  stm32f4xx_dma.o(i.DMA_ClearFlag)
    i.DMA_ClearITPendingBit                  0x08000584   Section        0  stm32f4xx_dma.o(i.DMA_ClearITPendingBit)
    i.DMA_Cmd                                0x080005b8   Section        0  stm32f4xx_dma.o(i.DMA_Cmd)
    i.DMA_DCMI_Init_Config                   0x080005d0   Section        0  dma_init.o(i.DMA_DCMI_Init_Config)
    i.DMA_DeInit                             0x0800065c   Section        0  stm32f4xx_dma.o(i.DMA_DeInit)
    i.DMA_GetCmdStatus                       0x080007b4   Section        0  stm32f4xx_dma.o(i.DMA_GetCmdStatus)
    i.DMA_GetCurrDataCounter                 0x080007c8   Section        0  stm32f4xx_dma.o(i.DMA_GetCurrDataCounter)
    i.DMA_GetITStatus                        0x080007d0   Section        0  stm32f4xx_dma.o(i.DMA_GetITStatus)
    i.DMA_ITConfig                           0x08000834   Section        0  stm32f4xx_dma.o(i.DMA_ITConfig)
    i.DMA_Init                               0x08000870   Section        0  stm32f4xx_dma.o(i.DMA_Init)
    i.DMA_SetCurrDataCounter                 0x080008c8   Section        0  stm32f4xx_dma.o(i.DMA_SetCurrDataCounter)
    i.DMA_Uart1_Init_Config                  0x080008cc   Section        0  dma_init.o(i.DMA_Uart1_Init_Config)
    i.DebugMon_Handler                       0x080009a8   Section        0  stm32f4xx_it.o(i.DebugMon_Handler)
    i.Find_i2c_device                        0x080009ac   Section        0  i2c_handle.o(i.Find_i2c_device)
    i.GPIO_Init                              0x08000a3c   Section        0  stm32f4xx_gpio.o(i.GPIO_Init)
    i.GPIO_PinAFConfig                       0x08000acc   Section        0  stm32f4xx_gpio.o(i.GPIO_PinAFConfig)
    i.GPIO_ResetBits                         0x08000b12   Section        0  stm32f4xx_gpio.o(i.GPIO_ResetBits)
    i.GPIO_SetBits                           0x08000b18   Section        0  stm32f4xx_gpio.o(i.GPIO_SetBits)
    i.GPIO_StructInit                        0x08000b1c   Section        0  stm32f4xx_gpio.o(i.GPIO_StructInit)
    i.GPIO_WriteBit                          0x08000b2e   Section        0  stm32f4xx_gpio.o(i.GPIO_WriteBit)
    i.HardFault_Handler                      0x08000b3a   Section        0  stm32f4xx_it.o(i.HardFault_Handler)
    i.I2C_AcknowledgeConfig                  0x08000b3e   Section        0  stm32f4xx_i2c.o(i.I2C_AcknowledgeConfig)
    i.I2C_BufferRead                         0x08000b58   Section        0  i2c_handle.o(i.I2C_BufferRead)
    i.I2C_BufferRead_16addr                  0x08000ccc   Section        0  i2c_handle.o(i.I2C_BufferRead_16addr)
    i.I2C_BufferWrite                        0x08000e6c   Section        0  i2c_handle.o(i.I2C_BufferWrite)
    i.I2C_BufferWrite_16addr                 0x08000ee0   Section        0  i2c_handle.o(i.I2C_BufferWrite_16addr)
    i.I2C_ByteWrite                          0x08000f58   Section        0  i2c_handle.o(i.I2C_ByteWrite)
    i.I2C_CheckEvent                         0x08001028   Section        0  stm32f4xx_i2c.o(i.I2C_CheckEvent)
    i.I2C_ClearFlag                          0x08001066   Section        0  stm32f4xx_i2c.o(i.I2C_ClearFlag)
    i.I2C_Cmd                                0x08001072   Section        0  stm32f4xx_i2c.o(i.I2C_Cmd)
    i.I2C_EE_16Addr_PageWrite                0x0800108c   Section        0  i2c_handle.o(i.I2C_EE_16Addr_PageWrite)
    i.I2C_EE_8Addr_PageWrite                 0x080011a8   Section        0  i2c_handle.o(i.I2C_EE_8Addr_PageWrite)
    i.I2C_EE_WaitEepromStandbyState          0x080012c8   Section        0  i2c_handle.o(i.I2C_EE_WaitEepromStandbyState)
    I2C_EE_WaitEepromStandbyState            0x080012c9   Thumb Code    72  i2c_handle.o(i.I2C_EE_WaitEepromStandbyState)
    i.I2C_GPIO_Config                        0x08001318   Section        0  i2c_init.o(i.I2C_GPIO_Config)
    I2C_GPIO_Config                          0x08001319   Thumb Code   124  i2c_init.o(i.I2C_GPIO_Config)
    i.I2C_GenerateSTART                      0x08001398   Section        0  stm32f4xx_i2c.o(i.I2C_GenerateSTART)
    i.I2C_GenerateSTOP                       0x080013b0   Section        0  stm32f4xx_i2c.o(i.I2C_GenerateSTOP)
    i.I2C_GetFlagStatus                      0x080013c8   Section        0  stm32f4xx_i2c.o(i.I2C_GetFlagStatus)
    i.I2C_Init                               0x08001404   Section        0  stm32f4xx_i2c.o(i.I2C_Init)
    i.I2C_Mode_Config                        0x080014ec   Section        0  i2c_init.o(i.I2C_Mode_Config)
    I2C_Mode_Config                          0x080014ed   Thumb Code    28  i2c_init.o(i.I2C_Mode_Config)
    i.I2C_Read16addr                         0x08001510   Section        0  i2c_handle.o(i.I2C_Read16addr)
    i.I2C_ReadRegister                       0x080016a0   Section        0  stm32f4xx_i2c.o(i.I2C_ReadRegister)
    i.I2C_ReceiveData                        0x080016b6   Section        0  stm32f4xx_i2c.o(i.I2C_ReceiveData)
    i.I2C_Send7bitAddress                    0x080016be   Section        0  stm32f4xx_i2c.o(i.I2C_Send7bitAddress)
    i.I2C_SendData                           0x080016ce   Section        0  stm32f4xx_i2c.o(i.I2C_SendData)
    i.I2C_TIMEOUT_UserCallback               0x080016d4   Section        0  i2c_handle.o(i.I2C_TIMEOUT_UserCallback)
    I2C_TIMEOUT_UserCallback                 0x080016d5   Thumb Code    54  i2c_handle.o(i.I2C_TIMEOUT_UserCallback)
    i.I2C_Write_16addr                       0x08001718   Section        0  i2c_handle.o(i.I2C_Write_16addr)
    i.I2C_byteRead                           0x08001814   Section        0  i2c_handle.o(i.I2C_byteRead)
    i.LCD_Address_Set                        0x08001978   Section        0  spi_screen_init.o(i.LCD_Address_Set)
    i.LCD_Fill                               0x080019ba   Section        0  spi_screen_init.o(i.LCD_Fill)
    i.LCD_GPIO_Init                          0x080019dc   Section        0  spi_screen_init.o(i.LCD_GPIO_Init)
    LCD_GPIO_Init                            0x080019dd   Thumb Code   180  spi_screen_init.o(i.LCD_GPIO_Init)
    i.LCD_Screen_Init                        0x08001a98   Section        0  spi_screen_init.o(i.LCD_Screen_Init)
    i.LCD_WR_DATA                            0x08001c20   Section        0  spi_screen_init.o(i.LCD_WR_DATA)
    LCD_WR_DATA                              0x08001c21   Thumb Code   128  spi_screen_init.o(i.LCD_WR_DATA)
    i.LCD_WR_DATA8                           0x08001ca8   Section        0  spi_screen_init.o(i.LCD_WR_DATA8)
    LCD_WR_DATA8                             0x08001ca9   Thumb Code    18  spi_screen_init.o(i.LCD_WR_DATA8)
    i.LCD_WR_REG                             0x08001cbc   Section        0  spi_screen_init.o(i.LCD_WR_REG)
    LCD_WR_REG                               0x08001cbd   Thumb Code    38  spi_screen_init.o(i.LCD_WR_REG)
    i.LCD_Writ_Bus                           0x08001ce8   Section        0  spi_screen_init.o(i.LCD_Writ_Bus)
    LCD_Writ_Bus                             0x08001ce9   Thumb Code   114  spi_screen_init.o(i.LCD_Writ_Bus)
    i.LCD_Write_Repeat_Data                  0x08001d74   Section        0  spi_screen_init.o(i.LCD_Write_Repeat_Data)
    i.MemManage_Handler                      0x08001e08   Section        0  stm32f4xx_it.o(i.MemManage_Handler)
    i.NMI_Handler                            0x08001e0c   Section        0  stm32f4xx_it.o(i.NMI_Handler)
    i.NVIC_Configuration                     0x08001e0e   Section        0  nvic_init.o(i.NVIC_Configuration)
    i.NVIC_Init                              0x08001eac   Section        0  misc.o(i.NVIC_Init)
    i.NVIC_PriorityGroupConfig               0x08001f24   Section        0  misc.o(i.NVIC_PriorityGroupConfig)
    i.OV2640_Image_Config                    0x08001f38   Section        0  ov2640_init.o(i.OV2640_Image_Config)
    i.OV2640_OutSize_Set                     0x08002054   Section        0  ov2640_init.o(i.OV2640_OutSize_Set)
    OV2640_OutSize_Set                       0x08002055   Thumb Code   144  ov2640_init.o(i.OV2640_OutSize_Set)
    i.OV2640_WriteReg                        0x080020e4   Section        0  ov2640_init.o(i.OV2640_WriteReg)
    OV2640_WriteReg                          0x080020e5   Thumb Code    20  ov2640_init.o(i.OV2640_WriteReg)
    i.PendSV_Handler                         0x080020f8   Section        0  stm32f4xx_it.o(i.PendSV_Handler)
    i.RCC_AHB1PeriphClockCmd                 0x080020fc   Section        0  stm32f4xx_rcc.o(i.RCC_AHB1PeriphClockCmd)
    i.RCC_AHB2PeriphClockCmd                 0x0800211c   Section        0  stm32f4xx_rcc.o(i.RCC_AHB2PeriphClockCmd)
    i.RCC_APB1PeriphClockCmd                 0x0800213c   Section        0  stm32f4xx_rcc.o(i.RCC_APB1PeriphClockCmd)
    i.RCC_APB1PeriphResetCmd                 0x0800215c   Section        0  stm32f4xx_rcc.o(i.RCC_APB1PeriphResetCmd)
    i.RCC_APB2PeriphClockCmd                 0x0800217c   Section        0  stm32f4xx_rcc.o(i.RCC_APB2PeriphClockCmd)
    i.RCC_APB2PeriphResetCmd                 0x0800219c   Section        0  stm32f4xx_rcc.o(i.RCC_APB2PeriphResetCmd)
    i.RCC_GetClocksFreq                      0x080021bc   Section        0  stm32f4xx_rcc.o(i.RCC_GetClocksFreq)
    i.SPI_Cmd                                0x080022a4   Section        0  stm32f4xx_spi.o(i.SPI_Cmd)
    i.SPI_DataSizeConfig                     0x080022bc   Section        0  stm32f4xx_spi.o(i.SPI_DataSizeConfig)
    i.SPI_FLASH_BUS_Init                     0x080022ce   Section        0  spi_init.o(i.SPI_FLASH_BUS_Init)
    i.SPI_FLASH_GPIO_Init                    0x080022dc   Section        0  spi_init.o(i.SPI_FLASH_GPIO_Init)
    SPI_FLASH_GPIO_Init                      0x080022dd   Thumb Code   226  spi_init.o(i.SPI_FLASH_GPIO_Init)
    i.SPI_FLASH_Init                         0x080023c8   Section        0  spi_init.o(i.SPI_FLASH_Init)
    SPI_FLASH_Init                           0x080023c9   Thumb Code    42  spi_init.o(i.SPI_FLASH_Init)
    i.SPI_I2S_GetFlagStatus                  0x080023fc   Section        0  stm32f4xx_spi.o(i.SPI_I2S_GetFlagStatus)
    i.SPI_I2S_SendData                       0x0800240e   Section        0  stm32f4xx_spi.o(i.SPI_I2S_SendData)
    i.SPI_Init                               0x08002412   Section        0  stm32f4xx_spi.o(i.SPI_Init)
    i.SPI_Screen_BUS_Init                    0x0800244e   Section        0  spi_init.o(i.SPI_Screen_BUS_Init)
    i.SPI_Screen_GPIO_Init                   0x0800245c   Section        0  spi_init.o(i.SPI_Screen_GPIO_Init)
    SPI_Screen_GPIO_Init                     0x0800245d   Thumb Code   170  spi_init.o(i.SPI_Screen_GPIO_Init)
    i.SPI_Screen_Init                        0x08002510   Section        0  spi_init.o(i.SPI_Screen_Init)
    SPI_Screen_Init                          0x08002511   Thumb Code    42  spi_init.o(i.SPI_Screen_Init)
    i.SVC_Handler                            0x08002544   Section        0  stm32f4xx_it.o(i.SVC_Handler)
    i.SetSysClock                            0x08002548   Section        0  system_stm32f4xx.o(i.SetSysClock)
    SetSysClock                              0x08002549   Thumb Code   220  system_stm32f4xx.o(i.SetSysClock)
    i.SysTick_CLKSourceConfig                0x08002634   Section        0  misc.o(i.SysTick_CLKSourceConfig)
    i.SysTick_Handler                        0x0800265c   Section        0  stm32f4xx_it.o(i.SysTick_Handler)
    i.SystemInit                             0x08002660   Section        0  system_stm32f4xx.o(i.SystemInit)
    i.USART1_IRQHandler                      0x080026c8   Section        0  stm32f4xx_it.o(i.USART1_IRQHandler)
    i.USART_ClearITPendingBit                0x0800275c   Section        0  stm32f4xx_usart.o(i.USART_ClearITPendingBit)
    i.USART_Cmd                              0x0800277a   Section        0  stm32f4xx_usart.o(i.USART_Cmd)
    i.USART_DMACmd                           0x08002792   Section        0  stm32f4xx_usart.o(i.USART_DMACmd)
    i.USART_DeInit                           0x080027a4   Section        0  stm32f4xx_usart.o(i.USART_DeInit)
    i.USART_GetITStatus                      0x08002894   Section        0  stm32f4xx_usart.o(i.USART_GetITStatus)
    i.USART_ITConfig                         0x080028e8   Section        0  stm32f4xx_usart.o(i.USART_ITConfig)
    i.USART_Init                             0x08002934   Section        0  stm32f4xx_usart.o(i.USART_Init)
    i.USART_ReceiveData                      0x08002a08   Section        0  stm32f4xx_usart.o(i.USART_ReceiveData)
    i.UsageFault_Handler                     0x08002a12   Section        0  stm32f4xx_it.o(i.UsageFault_Handler)
    i.User_I2C_Init                          0x08002a16   Section        0  i2c_init.o(i.User_I2C_Init)
    i.__0printf$8                            0x08002a24   Section        0  printf8.o(i.__0printf$8)
    i.__scatterload_copy                     0x08002a44   Section       14  handlers.o(i.__scatterload_copy)
    i.__scatterload_null                     0x08002a52   Section        2  handlers.o(i.__scatterload_null)
    i.__scatterload_zeroinit                 0x08002a54   Section       14  handlers.o(i.__scatterload_zeroinit)
    i._printf_core                           0x08002a64   Section        0  printf8.o(i._printf_core)
    _printf_core                             0x08002a65   Thumb Code   984  printf8.o(i._printf_core)
    i._printf_post_padding                   0x08002e68   Section        0  printf8.o(i._printf_post_padding)
    _printf_post_padding                     0x08002e69   Thumb Code    36  printf8.o(i._printf_post_padding)
    i._printf_pre_padding                    0x08002e8c   Section        0  printf8.o(i._printf_pre_padding)
    _printf_pre_padding                      0x08002e8d   Thumb Code    46  printf8.o(i._printf_pre_padding)
    i.board_init                             0x08002ebc   Section        0  board.o(i.board_init)
    i.delay_ms                               0x08002ee8   Section        0  board.o(i.delay_ms)
    i.delay_us                               0x08002efc   Section        0  board.o(i.delay_us)
    i.do_i2c_16RegisterAddr                  0x08002f50   Section        0  response.o(i.do_i2c_16RegisterAddr)
    do_i2c_16RegisterAddr                    0x08002f51   Thumb Code   190  response.o(i.do_i2c_16RegisterAddr)
    i.do_i2c_8RegisterAddr                   0x080030b8   Section        0  response.o(i.do_i2c_8RegisterAddr)
    do_i2c_8RegisterAddr                     0x080030b9   Thumb Code   194  response.o(i.do_i2c_8RegisterAddr)
    i.do_process                             0x08003224   Section        0  response.o(i.do_process)
    i.do_spi                                 0x08003280   Section        0  response.o(i.do_spi)
    do_spi                                   0x08003281   Thumb Code     2  response.o(i.do_spi)
    i.do_uart                                0x08003282   Section        0  response.o(i.do_uart)
    do_uart                                  0x08003283   Thumb Code     2  response.o(i.do_uart)
    i.fputc                                  0x08003284   Section        0  bsp_uart.o(i.fputc)
    i.i2c_device_adress_find                 0x080032b8   Section        0  i2c_handle.o(i.i2c_device_adress_find)
    i2c_device_adress_find                   0x080032b9   Thumb Code   106  i2c_handle.o(i.i2c_device_adress_find)
    i.main                                   0x08003330   Section        0  main.o(i.main)
    i.uart1_init                             0x08003454   Section        0  bsp_uart.o(i.uart1_init)
    .constdata                               0x08003504   Section       16  i2c_init.o(.constdata)
    .constdata                               0x08003514   Section       56  i2c_handle.o(.constdata)
    i2c_Errors                               0x08003514   Data          56  i2c_handle.o(.constdata)
    .constdata                               0x0800354c   Section       38  spi_init.o(.constdata)
    .constdata                               0x08003572   Section      440  ov2640_init.o(.constdata)
    .conststring                             0x0800372c   Section      223  i2c_handle.o(.conststring)
    .data                                    0x20000000   Section       20  system_stm32f4xx.o(.data)
    .data                                    0x20000014   Section       16  stm32f4xx_rcc.o(.data)
    APBAHBPrescTable                         0x20000014   Data          16  stm32f4xx_rcc.o(.data)
    .data                                    0x20000024   Section        2  dma_init.o(.data)
    .data                                    0x20000028   Section        4  stdout.o(.data)
    .bss                                     0x2000002c   Section      588  response.o(.bss)
    .bss                                     0x20000278   Section     1056  dma_init.o(.bss)
    STACK                                    0x20000698   Section     1024  startup_stm32f40xx.o(STACK)

    Global Symbols

    Symbol Name                              Value     Ov Type        Size  Object(Section)

    BuildAttributes$$THM_ISAv4$E$P$D$K$B$S$7EM$VFPi3$EXTD16$VFPS$VFMA$PE$A:L22UL41UL21$X:L11$S22US41US21$IEEE1$IW$USESV6$~STKCKD$USESV7$~SHL$OSPACE$ROPI$EBA8$MICROLIB$REQ8$PRES8$EABIv2 0x00000000   Number         0  anon$$obj.o ABSOLUTE
    __ARM_use_no_argv                        0x00000000   Number         0  main.o ABSOLUTE
    _printf_a                                0x00000000   Number         0  stubs.o ABSOLUTE
    _printf_c                                0x00000000   Number         0  stubs.o ABSOLUTE
    _printf_charcount                        0x00000000   Number         0  stubs.o ABSOLUTE
    _printf_d                                0x00000000   Number         0  stubs.o ABSOLUTE
    _printf_e                                0x00000000   Number         0  stubs.o ABSOLUTE
    _printf_f                                0x00000000   Number         0  stubs.o ABSOLUTE
    _printf_flags                            0x00000000   Number         0  stubs.o ABSOLUTE
    _printf_fp_dec                           0x00000000   Number         0  stubs.o ABSOLUTE
    _printf_fp_hex                           0x00000000   Number         0  stubs.o ABSOLUTE
    _printf_g                                0x00000000   Number         0  stubs.o ABSOLUTE
    _printf_i                                0x00000000   Number         0  stubs.o ABSOLUTE
    _printf_int_dec                          0x00000000   Number         0  stubs.o ABSOLUTE
    _printf_l                                0x00000000   Number         0  stubs.o ABSOLUTE
    _printf_lc                               0x00000000   Number         0  stubs.o ABSOLUTE
    _printf_ll                               0x00000000   Number         0  stubs.o ABSOLUTE
    _printf_lld                              0x00000000   Number         0  stubs.o ABSOLUTE
    _printf_lli                              0x00000000   Number         0  stubs.o ABSOLUTE
    _printf_llo                              0x00000000   Number         0  stubs.o ABSOLUTE
    _printf_llu                              0x00000000   Number         0  stubs.o ABSOLUTE
    _printf_llx                              0x00000000   Number         0  stubs.o ABSOLUTE
    _printf_longlong_dec                     0x00000000   Number         0  stubs.o ABSOLUTE
    _printf_longlong_hex                     0x00000000   Number         0  stubs.o ABSOLUTE
    _printf_longlong_oct                     0x00000000   Number         0  stubs.o ABSOLUTE
    _printf_ls                               0x00000000   Number         0  stubs.o ABSOLUTE
    _printf_mbtowc                           0x00000000   Number         0  stubs.o ABSOLUTE
    _printf_n                                0x00000000   Number         0  stubs.o ABSOLUTE
    _printf_o                                0x00000000   Number         0  stubs.o ABSOLUTE
    _printf_p                                0x00000000   Number         0  stubs.o ABSOLUTE
    _printf_percent                          0x00000000   Number         0  stubs.o ABSOLUTE
    _printf_pre_padding                      0x00000000   Number         0  stubs.o ABSOLUTE
    _printf_return_value                     0x00000000   Number         0  stubs.o ABSOLUTE
    _printf_s                                0x00000000   Number         0  stubs.o ABSOLUTE
    _printf_sizespec                         0x00000000   Number         0  stubs.o ABSOLUTE
    _printf_str                              0x00000000   Number         0  stubs.o ABSOLUTE
    _printf_truncate_signed                  0x00000000   Number         0  stubs.o ABSOLUTE
    _printf_truncate_unsigned                0x00000000   Number         0  stubs.o ABSOLUTE
    _printf_u                                0x00000000   Number         0  stubs.o ABSOLUTE
    _printf_wc                               0x00000000   Number         0  stubs.o ABSOLUTE
    _printf_wctomb                           0x00000000   Number         0  stubs.o ABSOLUTE
    _printf_widthprec                        0x00000000   Number         0  stubs.o ABSOLUTE
    _printf_x                                0x00000000   Number         0  stubs.o ABSOLUTE
    __arm_fini_                               - Undefined Weak Reference
    __cpp_initialize__aeabi_                  - Undefined Weak Reference
    __cxa_finalize                            - Undefined Weak Reference
    __decompress                              - Undefined Weak Reference
    _clock_init                               - Undefined Weak Reference
    _microlib_exit                            - Undefined Weak Reference
    __Vectors_Size                           0x00000188   Number         0  startup_stm32f40xx.o ABSOLUTE
    __Vectors                                0x08000000   Data           4  startup_stm32f40xx.o(RESET)
    __Vectors_End                            0x08000188   Data           0  startup_stm32f40xx.o(RESET)
    __main                                   0x08000189   Thumb Code     0  entry.o(.ARM.Collect$$$$00000000)
    _main_stk                                0x08000189   Thumb Code     0  entry2.o(.ARM.Collect$$$$00000001)
    _main_scatterload                        0x0800018d   Thumb Code     0  entry5.o(.ARM.Collect$$$$00000004)
    __main_after_scatterload                 0x08000191   Thumb Code     0  entry5.o(.ARM.Collect$$$$00000004)
    _main_clock                              0x08000191   Thumb Code     0  entry7b.o(.ARM.Collect$$$$00000008)
    _main_cpp_init                           0x08000191   Thumb Code     0  entry8b.o(.ARM.Collect$$$$0000000A)
    _main_init                               0x08000191   Thumb Code     0  entry9a.o(.ARM.Collect$$$$0000000B)
    __rt_lib_shutdown_fini                   0x08000199   Thumb Code     0  entry12b.o(.ARM.Collect$$$$0000000E)
    __rt_final_cpp                           0x0800019d   Thumb Code     0  entry10a.o(.ARM.Collect$$$$0000000F)
    __rt_final_exit                          0x0800019d   Thumb Code     0  entry11a.o(.ARM.Collect$$$$00000011)
    Reset_Handler                            0x080001a1   Thumb Code     8  startup_stm32f40xx.o(.text)
    ADC_IRQHandler                           0x080001bb   Thumb Code     0  startup_stm32f40xx.o(.text)
    CAN1_RX0_IRQHandler                      0x080001bb   Thumb Code     0  startup_stm32f40xx.o(.text)
    CAN1_RX1_IRQHandler                      0x080001bb   Thumb Code     0  startup_stm32f40xx.o(.text)
    CAN1_SCE_IRQHandler                      0x080001bb   Thumb Code     0  startup_stm32f40xx.o(.text)
    CAN1_TX_IRQHandler                       0x080001bb   Thumb Code     0  startup_stm32f40xx.o(.text)
    CAN2_RX0_IRQHandler                      0x080001bb   Thumb Code     0  startup_stm32f40xx.o(.text)
    CAN2_RX1_IRQHandler                      0x080001bb   Thumb Code     0  startup_stm32f40xx.o(.text)
    CAN2_SCE_IRQHandler                      0x080001bb   Thumb Code     0  startup_stm32f40xx.o(.text)
    CAN2_TX_IRQHandler                       0x080001bb   Thumb Code     0  startup_stm32f40xx.o(.text)
    CRYP_IRQHandler                          0x080001bb   Thumb Code     0  startup_stm32f40xx.o(.text)
    DCMI_IRQHandler                          0x080001bb   Thumb Code     0  startup_stm32f40xx.o(.text)
    DMA1_Stream0_IRQHandler                  0x080001bb   Thumb Code     0  startup_stm32f40xx.o(.text)
    DMA1_Stream1_IRQHandler                  0x080001bb   Thumb Code     0  startup_stm32f40xx.o(.text)
    DMA1_Stream2_IRQHandler                  0x080001bb   Thumb Code     0  startup_stm32f40xx.o(.text)
    DMA1_Stream3_IRQHandler                  0x080001bb   Thumb Code     0  startup_stm32f40xx.o(.text)
    DMA1_Stream4_IRQHandler                  0x080001bb   Thumb Code     0  startup_stm32f40xx.o(.text)
    DMA1_Stream5_IRQHandler                  0x080001bb   Thumb Code     0  startup_stm32f40xx.o(.text)
    DMA1_Stream6_IRQHandler                  0x080001bb   Thumb Code     0  startup_stm32f40xx.o(.text)
    DMA1_Stream7_IRQHandler                  0x080001bb   Thumb Code     0  startup_stm32f40xx.o(.text)
    DMA2_Stream0_IRQHandler                  0x080001bb   Thumb Code     0  startup_stm32f40xx.o(.text)
    DMA2_Stream1_IRQHandler                  0x080001bb   Thumb Code     0  startup_stm32f40xx.o(.text)
    DMA2_Stream2_IRQHandler                  0x080001bb   Thumb Code     0  startup_stm32f40xx.o(.text)
    DMA2_Stream3_IRQHandler                  0x080001bb   Thumb Code     0  startup_stm32f40xx.o(.text)
    DMA2_Stream4_IRQHandler                  0x080001bb   Thumb Code     0  startup_stm32f40xx.o(.text)
    DMA2_Stream5_IRQHandler                  0x080001bb   Thumb Code     0  startup_stm32f40xx.o(.text)
    DMA2_Stream6_IRQHandler                  0x080001bb   Thumb Code     0  startup_stm32f40xx.o(.text)
    ETH_IRQHandler                           0x080001bb   Thumb Code     0  startup_stm32f40xx.o(.text)
    ETH_WKUP_IRQHandler                      0x080001bb   Thumb Code     0  startup_stm32f40xx.o(.text)
    EXTI0_IRQHandler                         0x080001bb   Thumb Code     0  startup_stm32f40xx.o(.text)
    EXTI15_10_IRQHandler                     0x080001bb   Thumb Code     0  startup_stm32f40xx.o(.text)
    EXTI1_IRQHandler                         0x080001bb   Thumb Code     0  startup_stm32f40xx.o(.text)
    EXTI2_IRQHandler                         0x080001bb   Thumb Code     0  startup_stm32f40xx.o(.text)
    EXTI3_IRQHandler                         0x080001bb   Thumb Code     0  startup_stm32f40xx.o(.text)
    EXTI4_IRQHandler                         0x080001bb   Thumb Code     0  startup_stm32f40xx.o(.text)
    EXTI9_5_IRQHandler                       0x080001bb   Thumb Code     0  startup_stm32f40xx.o(.text)
    FLASH_IRQHandler                         0x080001bb   Thumb Code     0  startup_stm32f40xx.o(.text)
    FPU_IRQHandler                           0x080001bb   Thumb Code     0  startup_stm32f40xx.o(.text)
    FSMC_IRQHandler                          0x080001bb   Thumb Code     0  startup_stm32f40xx.o(.text)
    HASH_RNG_IRQHandler                      0x080001bb   Thumb Code     0  startup_stm32f40xx.o(.text)
    I2C1_ER_IRQHandler                       0x080001bb   Thumb Code     0  startup_stm32f40xx.o(.text)
    I2C1_EV_IRQHandler                       0x080001bb   Thumb Code     0  startup_stm32f40xx.o(.text)
    I2C2_ER_IRQHandler                       0x080001bb   Thumb Code     0  startup_stm32f40xx.o(.text)
    I2C2_EV_IRQHandler                       0x080001bb   Thumb Code     0  startup_stm32f40xx.o(.text)
    I2C3_ER_IRQHandler                       0x080001bb   Thumb Code     0  startup_stm32f40xx.o(.text)
    I2C3_EV_IRQHandler                       0x080001bb   Thumb Code     0  startup_stm32f40xx.o(.text)
    OTG_FS_IRQHandler                        0x080001bb   Thumb Code     0  startup_stm32f40xx.o(.text)
    OTG_FS_WKUP_IRQHandler                   0x080001bb   Thumb Code     0  startup_stm32f40xx.o(.text)
    OTG_HS_EP1_IN_IRQHandler                 0x080001bb   Thumb Code     0  startup_stm32f40xx.o(.text)
    OTG_HS_EP1_OUT_IRQHandler                0x080001bb   Thumb Code     0  startup_stm32f40xx.o(.text)
    OTG_HS_IRQHandler                        0x080001bb   Thumb Code     0  startup_stm32f40xx.o(.text)
    OTG_HS_WKUP_IRQHandler                   0x080001bb   Thumb Code     0  startup_stm32f40xx.o(.text)
    PVD_IRQHandler                           0x080001bb   Thumb Code     0  startup_stm32f40xx.o(.text)
    RCC_IRQHandler                           0x080001bb   Thumb Code     0  startup_stm32f40xx.o(.text)
    RTC_Alarm_IRQHandler                     0x080001bb   Thumb Code     0  startup_stm32f40xx.o(.text)
    RTC_WKUP_IRQHandler                      0x080001bb   Thumb Code     0  startup_stm32f40xx.o(.text)
    SDIO_IRQHandler                          0x080001bb   Thumb Code     0  startup_stm32f40xx.o(.text)
    SPI1_IRQHandler                          0x080001bb   Thumb Code     0  startup_stm32f40xx.o(.text)
    SPI2_IRQHandler                          0x080001bb   Thumb Code     0  startup_stm32f40xx.o(.text)
    SPI3_IRQHandler                          0x080001bb   Thumb Code     0  startup_stm32f40xx.o(.text)
    TAMP_STAMP_IRQHandler                    0x080001bb   Thumb Code     0  startup_stm32f40xx.o(.text)
    TIM1_BRK_TIM9_IRQHandler                 0x080001bb   Thumb Code     0  startup_stm32f40xx.o(.text)
    TIM1_CC_IRQHandler                       0x080001bb   Thumb Code     0  startup_stm32f40xx.o(.text)
    TIM1_TRG_COM_TIM11_IRQHandler            0x080001bb   Thumb Code     0  startup_stm32f40xx.o(.text)
    TIM1_UP_TIM10_IRQHandler                 0x080001bb   Thumb Code     0  startup_stm32f40xx.o(.text)
    TIM2_IRQHandler                          0x080001bb   Thumb Code     0  startup_stm32f40xx.o(.text)
    TIM3_IRQHandler                          0x080001bb   Thumb Code     0  startup_stm32f40xx.o(.text)
    TIM4_IRQHandler                          0x080001bb   Thumb Code     0  startup_stm32f40xx.o(.text)
    TIM5_IRQHandler                          0x080001bb   Thumb Code     0  startup_stm32f40xx.o(.text)
    TIM6_DAC_IRQHandler                      0x080001bb   Thumb Code     0  startup_stm32f40xx.o(.text)
    TIM7_IRQHandler                          0x080001bb   Thumb Code     0  startup_stm32f40xx.o(.text)
    TIM8_BRK_TIM12_IRQHandler                0x080001bb   Thumb Code     0  startup_stm32f40xx.o(.text)
    TIM8_CC_IRQHandler                       0x080001bb   Thumb Code     0  startup_stm32f40xx.o(.text)
    TIM8_TRG_COM_TIM14_IRQHandler            0x080001bb   Thumb Code     0  startup_stm32f40xx.o(.text)
    TIM8_UP_TIM13_IRQHandler                 0x080001bb   Thumb Code     0  startup_stm32f40xx.o(.text)
    UART4_IRQHandler                         0x080001bb   Thumb Code     0  startup_stm32f40xx.o(.text)
    UART5_IRQHandler                         0x080001bb   Thumb Code     0  startup_stm32f40xx.o(.text)
    USART2_IRQHandler                        0x080001bb   Thumb Code     0  startup_stm32f40xx.o(.text)
    USART3_IRQHandler                        0x080001bb   Thumb Code     0  startup_stm32f40xx.o(.text)
    USART6_IRQHandler                        0x080001bb   Thumb Code     0  startup_stm32f40xx.o(.text)
    WWDG_IRQHandler                          0x080001bb   Thumb Code     0  startup_stm32f40xx.o(.text)
    __aeabi_memcpy                           0x080001c5   Thumb Code    36  memcpya.o(.text)
    __aeabi_memcpy4                          0x080001c5   Thumb Code     0  memcpya.o(.text)
    __aeabi_memcpy8                          0x080001c5   Thumb Code     0  memcpya.o(.text)
    __aeabi_uldivmod                         0x080001e9   Thumb Code    98  uldiv.o(.text)
    __scatterload                            0x0800024d   Thumb Code    28  init.o(.text)
    __scatterload_rt2                        0x0800024d   Thumb Code     0  init.o(.text)
    __aeabi_llsl                             0x08000271   Thumb Code    30  llshl.o(.text)
    _ll_shift_l                              0x08000271   Thumb Code     0  llshl.o(.text)
    __aeabi_llsr                             0x0800028f   Thumb Code    32  llushr.o(.text)
    _ll_ushift_r                             0x0800028f   Thumb Code     0  llushr.o(.text)
    BusFault_Handler                         0x080002af   Thumb Code     4  stm32f4xx_it.o(i.BusFault_Handler)
    DCMI_Camera_Init                         0x080002b3   Thumb Code    12  dcmi.o(i.DCMI_Camera_Init)
    DCMI_CaptureCmd                          0x080002c1   Thumb Code    30  stm32f4xx_dcmi.o(i.DCMI_CaptureCmd)
    DCMI_Cmd                                 0x080002e5   Thumb Code    30  stm32f4xx_dcmi.o(i.DCMI_Cmd)
    DCMI_DeInit                              0x08000349   Thumb Code    24  stm32f4xx_dcmi.o(i.DCMI_DeInit)
    DCMI_Init                                0x080004d9   Thumb Code    60  stm32f4xx_dcmi.o(i.DCMI_Init)
    DMA2_Stream7_IRQHandler                  0x08000519   Thumb Code    42  stm32f4xx_it.o(i.DMA2_Stream7_IRQHandler)
    DMA_ClearFlag                            0x08000551   Thumb Code    38  stm32f4xx_dma.o(i.DMA_ClearFlag)
    DMA_ClearITPendingBit                    0x08000585   Thumb Code    38  stm32f4xx_dma.o(i.DMA_ClearITPendingBit)
    DMA_Cmd                                  0x080005b9   Thumb Code    22  stm32f4xx_dma.o(i.DMA_Cmd)
    DMA_DCMI_Init_Config                     0x080005d1   Thumb Code   126  dma_init.o(i.DMA_DCMI_Init_Config)
    DMA_DeInit                               0x0800065d   Thumb Code   324  stm32f4xx_dma.o(i.DMA_DeInit)
    DMA_GetCmdStatus                         0x080007b5   Thumb Code    20  stm32f4xx_dma.o(i.DMA_GetCmdStatus)
    DMA_GetCurrDataCounter                   0x080007c9   Thumb Code     8  stm32f4xx_dma.o(i.DMA_GetCurrDataCounter)
    DMA_GetITStatus                          0x080007d1   Thumb Code    82  stm32f4xx_dma.o(i.DMA_GetITStatus)
    DMA_ITConfig                             0x08000835   Thumb Code    58  stm32f4xx_dma.o(i.DMA_ITConfig)
    DMA_Init                                 0x08000871   Thumb Code    82  stm32f4xx_dma.o(i.DMA_Init)
    DMA_SetCurrDataCounter                   0x080008c9   Thumb Code     4  stm32f4xx_dma.o(i.DMA_SetCurrDataCounter)
    DMA_Uart1_Init_Config                    0x080008cd   Thumb Code   204  dma_init.o(i.DMA_Uart1_Init_Config)
    DebugMon_Handler                         0x080009a9   Thumb Code     2  stm32f4xx_it.o(i.DebugMon_Handler)
    Find_i2c_device                          0x080009ad   Thumb Code    48  i2c_handle.o(i.Find_i2c_device)
    GPIO_Init                                0x08000a3d   Thumb Code   144  stm32f4xx_gpio.o(i.GPIO_Init)
    GPIO_PinAFConfig                         0x08000acd   Thumb Code    70  stm32f4xx_gpio.o(i.GPIO_PinAFConfig)
    GPIO_ResetBits                           0x08000b13   Thumb Code     6  stm32f4xx_gpio.o(i.GPIO_ResetBits)
    GPIO_SetBits                             0x08000b19   Thumb Code     4  stm32f4xx_gpio.o(i.GPIO_SetBits)
    GPIO_StructInit                          0x08000b1d   Thumb Code    18  stm32f4xx_gpio.o(i.GPIO_StructInit)
    GPIO_WriteBit                            0x08000b2f   Thumb Code    12  stm32f4xx_gpio.o(i.GPIO_WriteBit)
    HardFault_Handler                        0x08000b3b   Thumb Code     4  stm32f4xx_it.o(i.HardFault_Handler)
    I2C_AcknowledgeConfig                    0x08000b3f   Thumb Code    24  stm32f4xx_i2c.o(i.I2C_AcknowledgeConfig)
    I2C_BufferRead                           0x08000b59   Thumb Code   360  i2c_handle.o(i.I2C_BufferRead)
    I2C_BufferRead_16addr                    0x08000ccd   Thumb Code   404  i2c_handle.o(i.I2C_BufferRead_16addr)
    I2C_BufferWrite                          0x08000e6d   Thumb Code    66  i2c_handle.o(i.I2C_BufferWrite)
    I2C_BufferWrite_16addr                   0x08000ee1   Thumb Code    66  i2c_handle.o(i.I2C_BufferWrite_16addr)
    I2C_ByteWrite                            0x08000f59   Thumb Code   196  i2c_handle.o(i.I2C_ByteWrite)
    I2C_CheckEvent                           0x08001029   Thumb Code    62  stm32f4xx_i2c.o(i.I2C_CheckEvent)
    I2C_ClearFlag                            0x08001067   Thumb Code    12  stm32f4xx_i2c.o(i.I2C_ClearFlag)
    I2C_Cmd                                  0x08001073   Thumb Code    24  stm32f4xx_i2c.o(i.I2C_Cmd)
    I2C_EE_16Addr_PageWrite                  0x0800108d   Thumb Code   270  i2c_handle.o(i.I2C_EE_16Addr_PageWrite)
    I2C_EE_8Addr_PageWrite                   0x080011a9   Thumb Code   274  i2c_handle.o(i.I2C_EE_8Addr_PageWrite)
    I2C_GenerateSTART                        0x08001399   Thumb Code    24  stm32f4xx_i2c.o(i.I2C_GenerateSTART)
    I2C_GenerateSTOP                         0x080013b1   Thumb Code    24  stm32f4xx_i2c.o(i.I2C_GenerateSTOP)
    I2C_GetFlagStatus                        0x080013c9   Thumb Code    58  stm32f4xx_i2c.o(i.I2C_GetFlagStatus)
    I2C_Init                                 0x08001405   Thumb Code   218  stm32f4xx_i2c.o(i.I2C_Init)
    I2C_Read16addr                           0x08001511   Thumb Code   386  i2c_handle.o(i.I2C_Read16addr)
    I2C_ReadRegister                         0x080016a1   Thumb Code    22  stm32f4xx_i2c.o(i.I2C_ReadRegister)
    I2C_ReceiveData                          0x080016b7   Thumb Code     8  stm32f4xx_i2c.o(i.I2C_ReceiveData)
    I2C_Send7bitAddress                      0x080016bf   Thumb Code    16  stm32f4xx_i2c.o(i.I2C_Send7bitAddress)
    I2C_SendData                             0x080016cf   Thumb Code     4  stm32f4xx_i2c.o(i.I2C_SendData)
    I2C_Write_16addr                         0x08001719   Thumb Code   240  i2c_handle.o(i.I2C_Write_16addr)
    I2C_byteRead                             0x08001815   Thumb Code   342  i2c_handle.o(i.I2C_byteRead)
    LCD_Address_Set                          0x08001979   Thumb Code    66  spi_screen_init.o(i.LCD_Address_Set)
    LCD_Fill                                 0x080019bb   Thumb Code    34  spi_screen_init.o(i.LCD_Fill)
    LCD_Screen_Init                          0x08001a99   Thumb Code   368  spi_screen_init.o(i.LCD_Screen_Init)
    LCD_Write_Repeat_Data                    0x08001d75   Thumb Code   140  spi_screen_init.o(i.LCD_Write_Repeat_Data)
    MemManage_Handler                        0x08001e09   Thumb Code     4  stm32f4xx_it.o(i.MemManage_Handler)
    NMI_Handler                              0x08001e0d   Thumb Code     2  stm32f4xx_it.o(i.NMI_Handler)
    NVIC_Configuration                       0x08001e0f   Thumb Code   158  nvic_init.o(i.NVIC_Configuration)
    NVIC_Init                                0x08001ead   Thumb Code   106  misc.o(i.NVIC_Init)
    NVIC_PriorityGroupConfig                 0x08001f25   Thumb Code    10  misc.o(i.NVIC_PriorityGroupConfig)
    OV2640_Image_Config                      0x08001f39   Thumb Code   154  ov2640_init.o(i.OV2640_Image_Config)
    PendSV_Handler                           0x080020f9   Thumb Code     2  stm32f4xx_it.o(i.PendSV_Handler)
    RCC_AHB1PeriphClockCmd                   0x080020fd   Thumb Code    26  stm32f4xx_rcc.o(i.RCC_AHB1PeriphClockCmd)
    RCC_AHB2PeriphClockCmd                   0x0800211d   Thumb Code    26  stm32f4xx_rcc.o(i.RCC_AHB2PeriphClockCmd)
    RCC_APB1PeriphClockCmd                   0x0800213d   Thumb Code    26  stm32f4xx_rcc.o(i.RCC_APB1PeriphClockCmd)
    RCC_APB1PeriphResetCmd                   0x0800215d   Thumb Code    26  stm32f4xx_rcc.o(i.RCC_APB1PeriphResetCmd)
    RCC_APB2PeriphClockCmd                   0x0800217d   Thumb Code    26  stm32f4xx_rcc.o(i.RCC_APB2PeriphClockCmd)
    RCC_APB2PeriphResetCmd                   0x0800219d   Thumb Code    26  stm32f4xx_rcc.o(i.RCC_APB2PeriphResetCmd)
    RCC_GetClocksFreq                        0x080021bd   Thumb Code   214  stm32f4xx_rcc.o(i.RCC_GetClocksFreq)
    SPI_Cmd                                  0x080022a5   Thumb Code    24  stm32f4xx_spi.o(i.SPI_Cmd)
    SPI_DataSizeConfig                       0x080022bd   Thumb Code    18  stm32f4xx_spi.o(i.SPI_DataSizeConfig)
    SPI_FLASH_BUS_Init                       0x080022cf   Thumb Code    12  spi_init.o(i.SPI_FLASH_BUS_Init)
    SPI_I2S_GetFlagStatus                    0x080023fd   Thumb Code    18  stm32f4xx_spi.o(i.SPI_I2S_GetFlagStatus)
    SPI_I2S_SendData                         0x0800240f   Thumb Code     4  stm32f4xx_spi.o(i.SPI_I2S_SendData)
    SPI_Init                                 0x08002413   Thumb Code    60  stm32f4xx_spi.o(i.SPI_Init)
    SPI_Screen_BUS_Init                      0x0800244f   Thumb Code    12  spi_init.o(i.SPI_Screen_BUS_Init)
    SVC_Handler                              0x08002545   Thumb Code     2  stm32f4xx_it.o(i.SVC_Handler)
    SysTick_CLKSourceConfig                  0x08002635   Thumb Code    40  misc.o(i.SysTick_CLKSourceConfig)
    SysTick_Handler                          0x0800265d   Thumb Code     2  stm32f4xx_it.o(i.SysTick_Handler)
    SystemInit                               0x08002661   Thumb Code    88  system_stm32f4xx.o(i.SystemInit)
    USART1_IRQHandler                        0x080026c9   Thumb Code   126  stm32f4xx_it.o(i.USART1_IRQHandler)
    USART_ClearITPendingBit                  0x0800275d   Thumb Code    30  stm32f4xx_usart.o(i.USART_ClearITPendingBit)
    USART_Cmd                                0x0800277b   Thumb Code    24  stm32f4xx_usart.o(i.USART_Cmd)
    USART_DMACmd                             0x08002793   Thumb Code    18  stm32f4xx_usart.o(i.USART_DMACmd)
    USART_DeInit                             0x080027a5   Thumb Code   206  stm32f4xx_usart.o(i.USART_DeInit)
    USART_GetITStatus                        0x08002895   Thumb Code    84  stm32f4xx_usart.o(i.USART_GetITStatus)
    USART_ITConfig                           0x080028e9   Thumb Code    74  stm32f4xx_usart.o(i.USART_ITConfig)
    USART_Init                               0x08002935   Thumb Code   204  stm32f4xx_usart.o(i.USART_Init)
    USART_ReceiveData                        0x08002a09   Thumb Code    10  stm32f4xx_usart.o(i.USART_ReceiveData)
    UsageFault_Handler                       0x08002a13   Thumb Code     4  stm32f4xx_it.o(i.UsageFault_Handler)
    User_I2C_Init                            0x08002a17   Thumb Code    12  i2c_init.o(i.User_I2C_Init)
    __0printf$8                              0x08002a25   Thumb Code    22  printf8.o(i.__0printf$8)
    __1printf$8                              0x08002a25   Thumb Code     0  printf8.o(i.__0printf$8)
    __2printf                                0x08002a25   Thumb Code     0  printf8.o(i.__0printf$8)
    __scatterload_copy                       0x08002a45   Thumb Code    14  handlers.o(i.__scatterload_copy)
    __scatterload_null                       0x08002a53   Thumb Code     2  handlers.o(i.__scatterload_null)
    __scatterload_zeroinit                   0x08002a55   Thumb Code    14  handlers.o(i.__scatterload_zeroinit)
    board_init                               0x08002ebd   Thumb Code    38  board.o(i.board_init)
    delay_ms                                 0x08002ee9   Thumb Code    18  board.o(i.delay_ms)
    delay_us                                 0x08002efd   Thumb Code    74  board.o(i.delay_us)
    do_process                               0x08003225   Thumb Code    92  response.o(i.do_process)
    fputc                                    0x08003285   Thumb Code    42  bsp_uart.o(i.fputc)
    main                                     0x08003331   Thumb Code   224  main.o(i.main)
    uart1_init                               0x08003455   Thumb Code   166  bsp_uart.o(i.uart1_init)
    OV2640_UXGA                              0x08003572   Data         440  ov2640_init.o(.constdata)
    Region$$Table$$Base                      0x0800380c   Number         0  anon$$obj.o(Region$$Table)
    Region$$Table$$Limit                     0x0800382c   Number         0  anon$$obj.o(Region$$Table)
    SystemCoreClock                          0x20000000   Data           4  system_stm32f4xx.o(.data)
    AHBPrescTable                            0x20000004   Data          16  system_stm32f4xx.o(.data)
    usart1_rx_len                            0x20000024   Data           2  dma_init.o(.data)
    __stdout                                 0x20000028   Data           4  stdout.o(.data)
    test_data                                0x2000002c   Data         588  response.o(.bss)
    DMA_USART1_RX_BUF                        0x20000278   Data         288  dma_init.o(.bss)
    DMA_USART1_TX_BUF                        0x20000398   Data         288  dma_init.o(.bss)
    DCMI_DMA_Rx_Buf                          0x200004b8   Data         480  dma_init.o(.bss)
    __initial_sp                             0x20000a98   Data           0  startup_stm32f40xx.o(STACK)



==============================================================================

Memory Map of the image

  Image Entry point : 0x08000189

  Load Region LR_IROM1 (Base: 0x08000000, Size: 0x00003858, Max: 0x00080000, ABSOLUTE)

    Execution Region ER_IROM1 (Exec base: 0x08000000, Load base: 0x08000000, Size: 0x0000382c, Max: 0x00080000, ABSOLUTE)

    Exec Addr    Load Addr    Size         Type   Attr      Idx    E Section Name        Object

    0x08000000   0x08000000   0x00000188   Data   RO          326    RESET               startup_stm32f40xx.o
    0x08000188   0x08000188   0x00000000   Code   RO         6067  * .ARM.Collect$$$$00000000  mc_w.l(entry.o)
    0x08000188   0x08000188   0x00000004   Code   RO         6335    .ARM.Collect$$$$00000001  mc_w.l(entry2.o)
    0x0800018c   0x0800018c   0x00000004   Code   RO         6338    .ARM.Collect$$$$00000004  mc_w.l(entry5.o)
    0x08000190   0x08000190   0x00000000   Code   RO         6340    .ARM.Collect$$$$00000008  mc_w.l(entry7b.o)
    0x08000190   0x08000190   0x00000000   Code   RO         6342    .ARM.Collect$$$$0000000A  mc_w.l(entry8b.o)
    0x08000190   0x08000190   0x00000008   Code   RO         6343    .ARM.Collect$$$$0000000B  mc_w.l(entry9a.o)
    0x08000198   0x08000198   0x00000004   Code   RO         6350    .ARM.Collect$$$$0000000E  mc_w.l(entry12b.o)
    0x0800019c   0x0800019c   0x00000000   Code   RO         6345    .ARM.Collect$$$$0000000F  mc_w.l(entry10a.o)
    0x0800019c   0x0800019c   0x00000000   Code   RO         6347    .ARM.Collect$$$$00000011  mc_w.l(entry11a.o)
    0x0800019c   0x0800019c   0x00000004   Code   RO         6336    .ARM.Collect$$$$00002712  mc_w.l(entry2.o)
    0x080001a0   0x080001a0   0x00000024   Code   RO          327    .text               startup_stm32f40xx.o
    0x080001c4   0x080001c4   0x00000024   Code   RO         6070    .text               mc_w.l(memcpya.o)
    0x080001e8   0x080001e8   0x00000062   Code   RO         6354    .text               mc_w.l(uldiv.o)
    0x0800024a   0x0800024a   0x00000002   PAD
    0x0800024c   0x0800024c   0x00000024   Code   RO         6367    .text               mc_w.l(init.o)
    0x08000270   0x08000270   0x0000001e   Code   RO         6369    .text               mc_w.l(llshl.o)
    0x0800028e   0x0800028e   0x00000020   Code   RO         6371    .text               mc_w.l(llushr.o)
    0x080002ae   0x080002ae   0x00000004   Code   RO          233    i.BusFault_Handler  stm32f4xx_it.o
    0x080002b2   0x080002b2   0x0000000c   Code   RO         5980    i.DCMI_Camera_Init  dcmi.o
    0x080002be   0x080002be   0x00000002   PAD
    0x080002c0   0x080002c0   0x00000024   Code   RO         1386    i.DCMI_CaptureCmd   stm32f4xx_dcmi.o
    0x080002e4   0x080002e4   0x00000024   Code   RO         1389    i.DCMI_Cmd          stm32f4xx_dcmi.o
    0x08000308   0x08000308   0x0000003e   Code   RO         5981    i.DCMI_DCMI_Init    dcmi.o
    0x08000346   0x08000346   0x00000002   PAD
    0x08000348   0x08000348   0x0000001c   Code   RO         1390    i.DCMI_DeInit       stm32f4xx_dcmi.o
    0x08000364   0x08000364   0x00000174   Code   RO         5982    i.DCMI_GPIO_Init    dcmi.o
    0x080004d8   0x080004d8   0x00000040   Code   RO         1394    i.DCMI_Init         stm32f4xx_dcmi.o
    0x08000518   0x08000518   0x00000038   Code   RO          234    i.DMA2_Stream7_IRQHandler  stm32f4xx_it.o
    0x08000550   0x08000550   0x00000034   Code   RO         1513    i.DMA_ClearFlag     stm32f4xx_dma.o
    0x08000584   0x08000584   0x00000034   Code   RO         1514    i.DMA_ClearITPendingBit  stm32f4xx_dma.o
    0x080005b8   0x080005b8   0x00000016   Code   RO         1515    i.DMA_Cmd           stm32f4xx_dma.o
    0x080005ce   0x080005ce   0x00000002   PAD
    0x080005d0   0x080005d0   0x0000008c   Code   RO         5813    i.DMA_DCMI_Init_Config  dma_init.o
    0x0800065c   0x0800065c   0x00000158   Code   RO         1516    i.DMA_DeInit        stm32f4xx_dma.o
    0x080007b4   0x080007b4   0x00000014   Code   RO         1520    i.DMA_GetCmdStatus  stm32f4xx_dma.o
    0x080007c8   0x080007c8   0x00000008   Code   RO         1521    i.DMA_GetCurrDataCounter  stm32f4xx_dma.o
    0x080007d0   0x080007d0   0x00000064   Code   RO         1525    i.DMA_GetITStatus   stm32f4xx_dma.o
    0x08000834   0x08000834   0x0000003a   Code   RO         1526    i.DMA_ITConfig      stm32f4xx_dma.o
    0x0800086e   0x0800086e   0x00000002   PAD
    0x08000870   0x08000870   0x00000058   Code   RO         1527    i.DMA_Init          stm32f4xx_dma.o
    0x080008c8   0x080008c8   0x00000004   Code   RO         1530    i.DMA_SetCurrDataCounter  stm32f4xx_dma.o
    0x080008cc   0x080008cc   0x000000dc   Code   RO         5814    i.DMA_Uart1_Init_Config  dma_init.o
    0x080009a8   0x080009a8   0x00000002   Code   RO          235    i.DebugMon_Handler  stm32f4xx_it.o
    0x080009aa   0x080009aa   0x00000002   PAD
    0x080009ac   0x080009ac   0x00000090   Code   RO         5483    i.Find_i2c_device   i2c_handle.o
    0x08000a3c   0x08000a3c   0x00000090   Code   RO         2315    i.GPIO_Init         stm32f4xx_gpio.o
    0x08000acc   0x08000acc   0x00000046   Code   RO         2316    i.GPIO_PinAFConfig  stm32f4xx_gpio.o
    0x08000b12   0x08000b12   0x00000006   Code   RO         2322    i.GPIO_ResetBits    stm32f4xx_gpio.o
    0x08000b18   0x08000b18   0x00000004   Code   RO         2323    i.GPIO_SetBits      stm32f4xx_gpio.o
    0x08000b1c   0x08000b1c   0x00000012   Code   RO         2324    i.GPIO_StructInit   stm32f4xx_gpio.o
    0x08000b2e   0x08000b2e   0x0000000c   Code   RO         2327    i.GPIO_WriteBit     stm32f4xx_gpio.o
    0x08000b3a   0x08000b3a   0x00000004   Code   RO          236    i.HardFault_Handler  stm32f4xx_it.o
    0x08000b3e   0x08000b3e   0x00000018   Code   RO         2603    i.I2C_AcknowledgeConfig  stm32f4xx_i2c.o
    0x08000b56   0x08000b56   0x00000002   PAD
    0x08000b58   0x08000b58   0x00000174   Code   RO         5484    i.I2C_BufferRead    i2c_handle.o
    0x08000ccc   0x08000ccc   0x000001a0   Code   RO         5485    i.I2C_BufferRead_16addr  i2c_handle.o
    0x08000e6c   0x08000e6c   0x00000074   Code   RO         5486    i.I2C_BufferWrite   i2c_handle.o
    0x08000ee0   0x08000ee0   0x00000078   Code   RO         5487    i.I2C_BufferWrite_16addr  i2c_handle.o
    0x08000f58   0x08000f58   0x000000d0   Code   RO         5488    i.I2C_ByteWrite     i2c_handle.o
    0x08001028   0x08001028   0x0000003e   Code   RO         2606    i.I2C_CheckEvent    stm32f4xx_i2c.o
    0x08001066   0x08001066   0x0000000c   Code   RO         2607    i.I2C_ClearFlag     stm32f4xx_i2c.o
    0x08001072   0x08001072   0x00000018   Code   RO         2609    i.I2C_Cmd           stm32f4xx_i2c.o
    0x0800108a   0x0800108a   0x00000002   PAD
    0x0800108c   0x0800108c   0x0000011c   Code   RO         5489    i.I2C_EE_16Addr_PageWrite  i2c_handle.o
    0x080011a8   0x080011a8   0x00000120   Code   RO         5490    i.I2C_EE_8Addr_PageWrite  i2c_handle.o
    0x080012c8   0x080012c8   0x00000050   Code   RO         5491    i.I2C_EE_WaitEepromStandbyState  i2c_handle.o
    0x08001318   0x08001318   0x00000080   Code   RO         5445    i.I2C_GPIO_Config   i2c_init.o
    0x08001398   0x08001398   0x00000018   Code   RO         2617    i.I2C_GenerateSTART  stm32f4xx_i2c.o
    0x080013b0   0x080013b0   0x00000018   Code   RO         2618    i.I2C_GenerateSTOP  stm32f4xx_i2c.o
    0x080013c8   0x080013c8   0x0000003a   Code   RO         2619    i.I2C_GetFlagStatus  stm32f4xx_i2c.o
    0x08001402   0x08001402   0x00000002   PAD
    0x08001404   0x08001404   0x000000e8   Code   RO         2624    i.I2C_Init          stm32f4xx_i2c.o
    0x080014ec   0x080014ec   0x00000024   Code   RO         5446    i.I2C_Mode_Config   i2c_init.o
    0x08001510   0x08001510   0x00000190   Code   RO         5492    i.I2C_Read16addr    i2c_handle.o
    0x080016a0   0x080016a0   0x00000016   Code   RO         2628    i.I2C_ReadRegister  stm32f4xx_i2c.o
    0x080016b6   0x080016b6   0x00000008   Code   RO         2629    i.I2C_ReceiveData   stm32f4xx_i2c.o
    0x080016be   0x080016be   0x00000010   Code   RO         2631    i.I2C_Send7bitAddress  stm32f4xx_i2c.o
    0x080016ce   0x080016ce   0x00000004   Code   RO         2632    i.I2C_SendData      stm32f4xx_i2c.o
    0x080016d2   0x080016d2   0x00000002   PAD
    0x080016d4   0x080016d4   0x00000044   Code   RO         5493    i.I2C_TIMEOUT_UserCallback  i2c_handle.o
    0x08001718   0x08001718   0x000000fc   Code   RO         5494    i.I2C_Write_16addr  i2c_handle.o
    0x08001814   0x08001814   0x00000164   Code   RO         5495    i.I2C_byteRead      i2c_handle.o
    0x08001978   0x08001978   0x00000042   Code   RO         5885    i.LCD_Address_Set   spi_screen_init.o
    0x080019ba   0x080019ba   0x00000022   Code   RO         5886    i.LCD_Fill          spi_screen_init.o
    0x080019dc   0x080019dc   0x000000bc   Code   RO         5887    i.LCD_GPIO_Init     spi_screen_init.o
    0x08001a98   0x08001a98   0x00000188   Code   RO         5889    i.LCD_Screen_Init   spi_screen_init.o
    0x08001c20   0x08001c20   0x00000088   Code   RO         5890    i.LCD_WR_DATA       spi_screen_init.o
    0x08001ca8   0x08001ca8   0x00000012   Code   RO         5891    i.LCD_WR_DATA8      spi_screen_init.o
    0x08001cba   0x08001cba   0x00000002   PAD
    0x08001cbc   0x08001cbc   0x0000002c   Code   RO         5892    i.LCD_WR_REG        spi_screen_init.o
    0x08001ce8   0x08001ce8   0x0000008c   Code   RO         5893    i.LCD_Writ_Bus      spi_screen_init.o
    0x08001d74   0x08001d74   0x00000094   Code   RO         5896    i.LCD_Write_Repeat_Data  spi_screen_init.o
    0x08001e08   0x08001e08   0x00000004   Code   RO          237    i.MemManage_Handler  stm32f4xx_it.o
    0x08001e0c   0x08001e0c   0x00000002   Code   RO          238    i.NMI_Handler       stm32f4xx_it.o
    0x08001e0e   0x08001e0e   0x0000009e   Code   RO         5861    i.NVIC_Configuration  nvic_init.o
    0x08001eac   0x08001eac   0x00000078   Code   RO          440    i.NVIC_Init         misc.o
    0x08001f24   0x08001f24   0x00000014   Code   RO          441    i.NVIC_PriorityGroupConfig  misc.o
    0x08001f38   0x08001f38   0x0000011c   Code   RO         6019    i.OV2640_Image_Config  ov2640_init.o
    0x08002054   0x08002054   0x00000090   Code   RO         6020    i.OV2640_OutSize_Set  ov2640_init.o
    0x080020e4   0x080020e4   0x00000014   Code   RO         6021    i.OV2640_WriteReg   ov2640_init.o
    0x080020f8   0x080020f8   0x00000002   Code   RO          239    i.PendSV_Handler    stm32f4xx_it.o
    0x080020fa   0x080020fa   0x00000002   PAD
    0x080020fc   0x080020fc   0x00000020   Code   RO         3241    i.RCC_AHB1PeriphClockCmd  stm32f4xx_rcc.o
    0x0800211c   0x0800211c   0x00000020   Code   RO         3244    i.RCC_AHB2PeriphClockCmd  stm32f4xx_rcc.o
    0x0800213c   0x0800213c   0x00000020   Code   RO         3250    i.RCC_APB1PeriphClockCmd  stm32f4xx_rcc.o
    0x0800215c   0x0800215c   0x00000020   Code   RO         3252    i.RCC_APB1PeriphResetCmd  stm32f4xx_rcc.o
    0x0800217c   0x0800217c   0x00000020   Code   RO         3253    i.RCC_APB2PeriphClockCmd  stm32f4xx_rcc.o
    0x0800219c   0x0800219c   0x00000020   Code   RO         3255    i.RCC_APB2PeriphResetCmd  stm32f4xx_rcc.o
    0x080021bc   0x080021bc   0x000000e8   Code   RO         3262    i.RCC_GetClocksFreq  stm32f4xx_rcc.o
    0x080022a4   0x080022a4   0x00000018   Code   RO         4399    i.SPI_Cmd           stm32f4xx_spi.o
    0x080022bc   0x080022bc   0x00000012   Code   RO         4400    i.SPI_DataSizeConfig  stm32f4xx_spi.o
    0x080022ce   0x080022ce   0x0000000c   Code   RO         5730    i.SPI_FLASH_BUS_Init  spi_init.o
    0x080022da   0x080022da   0x00000002   PAD
    0x080022dc   0x080022dc   0x000000ec   Code   RO         5731    i.SPI_FLASH_GPIO_Init  spi_init.o
    0x080023c8   0x080023c8   0x00000034   Code   RO         5732    i.SPI_FLASH_Init    spi_init.o
    0x080023fc   0x080023fc   0x00000012   Code   RO         4407    i.SPI_I2S_GetFlagStatus  stm32f4xx_spi.o
    0x0800240e   0x0800240e   0x00000004   Code   RO         4411    i.SPI_I2S_SendData  stm32f4xx_spi.o
    0x08002412   0x08002412   0x0000003c   Code   RO         4412    i.SPI_Init          stm32f4xx_spi.o
    0x0800244e   0x0800244e   0x0000000c   Code   RO         5733    i.SPI_Screen_BUS_Init  spi_init.o
    0x0800245a   0x0800245a   0x00000002   PAD
    0x0800245c   0x0800245c   0x000000b4   Code   RO         5734    i.SPI_Screen_GPIO_Init  spi_init.o
    0x08002510   0x08002510   0x00000034   Code   RO         5735    i.SPI_Screen_Init   spi_init.o
    0x08002544   0x08002544   0x00000002   Code   RO          240    i.SVC_Handler       stm32f4xx_it.o
    0x08002546   0x08002546   0x00000002   PAD
    0x08002548   0x08002548   0x000000ec   Code   RO            4    i.SetSysClock       system_stm32f4xx.o
    0x08002634   0x08002634   0x00000028   Code   RO          444    i.SysTick_CLKSourceConfig  misc.o
    0x0800265c   0x0800265c   0x00000002   Code   RO          241    i.SysTick_Handler   stm32f4xx_it.o
    0x0800265e   0x0800265e   0x00000002   PAD
    0x08002660   0x08002660   0x00000068   Code   RO            6    i.SystemInit        system_stm32f4xx.o
    0x080026c8   0x080026c8   0x00000094   Code   RO          242    i.USART1_IRQHandler  stm32f4xx_it.o
    0x0800275c   0x0800275c   0x0000001e   Code   RO         5188    i.USART_ClearITPendingBit  stm32f4xx_usart.o
    0x0800277a   0x0800277a   0x00000018   Code   RO         5191    i.USART_Cmd         stm32f4xx_usart.o
    0x08002792   0x08002792   0x00000012   Code   RO         5192    i.USART_DMACmd      stm32f4xx_usart.o
    0x080027a4   0x080027a4   0x000000f0   Code   RO         5193    i.USART_DeInit      stm32f4xx_usart.o
    0x08002894   0x08002894   0x00000054   Code   RO         5195    i.USART_GetITStatus  stm32f4xx_usart.o
    0x080028e8   0x080028e8   0x0000004a   Code   RO         5197    i.USART_ITConfig    stm32f4xx_usart.o
    0x08002932   0x08002932   0x00000002   PAD
    0x08002934   0x08002934   0x000000d4   Code   RO         5198    i.USART_Init        stm32f4xx_usart.o
    0x08002a08   0x08002a08   0x0000000a   Code   RO         5205    i.USART_ReceiveData  stm32f4xx_usart.o
    0x08002a12   0x08002a12   0x00000004   Code   RO          243    i.UsageFault_Handler  stm32f4xx_it.o
    0x08002a16   0x08002a16   0x0000000c   Code   RO         5447    i.User_I2C_Init     i2c_init.o
    0x08002a22   0x08002a22   0x00000002   PAD
    0x08002a24   0x08002a24   0x00000020   Code   RO         6281    i.__0printf$8       mc_w.l(printf8.o)
    0x08002a44   0x08002a44   0x0000000e   Code   RO         6379    i.__scatterload_copy  mc_w.l(handlers.o)
    0x08002a52   0x08002a52   0x00000002   Code   RO         6380    i.__scatterload_null  mc_w.l(handlers.o)
    0x08002a54   0x08002a54   0x0000000e   Code   RO         6381    i.__scatterload_zeroinit  mc_w.l(handlers.o)
    0x08002a62   0x08002a62   0x00000002   PAD
    0x08002a64   0x08002a64   0x00000404   Code   RO         6288    i._printf_core      mc_w.l(printf8.o)
    0x08002e68   0x08002e68   0x00000024   Code   RO         6289    i._printf_post_padding  mc_w.l(printf8.o)
    0x08002e8c   0x08002e8c   0x0000002e   Code   RO         6290    i._printf_pre_padding  mc_w.l(printf8.o)
    0x08002eba   0x08002eba   0x00000002   PAD
    0x08002ebc   0x08002ebc   0x0000002c   Code   RO          390    i.board_init        board.o
    0x08002ee8   0x08002ee8   0x00000012   Code   RO          393    i.delay_ms          board.o
    0x08002efa   0x08002efa   0x00000002   PAD
    0x08002efc   0x08002efc   0x00000054   Code   RO          394    i.delay_us          board.o
    0x08002f50   0x08002f50   0x00000168   Code   RO         5592    i.do_i2c_16RegisterAddr  response.o
    0x080030b8   0x080030b8   0x0000016c   Code   RO         5593    i.do_i2c_8RegisterAddr  response.o
    0x08003224   0x08003224   0x0000005c   Code   RO         5594    i.do_process        response.o
    0x08003280   0x08003280   0x00000002   Code   RO         5595    i.do_spi            response.o
    0x08003282   0x08003282   0x00000002   Code   RO         5596    i.do_uart           response.o
    0x08003284   0x08003284   0x00000034   Code   RO          335    i.fputc             bsp_uart.o
    0x080032b8   0x080032b8   0x00000078   Code   RO         5496    i.i2c_device_adress_find  i2c_handle.o
    0x08003330   0x08003330   0x00000124   Code   RO          148    i.main              main.o
    0x08003454   0x08003454   0x000000b0   Code   RO          336    i.uart1_init        bsp_uart.o
    0x08003504   0x08003504   0x00000010   Data   RO         5448    .constdata          i2c_init.o
    0x08003514   0x08003514   0x00000038   Data   RO         5497    .constdata          i2c_handle.o
    0x0800354c   0x0800354c   0x00000026   Data   RO         5736    .constdata          spi_init.o
    0x08003572   0x08003572   0x000001b8   Data   RO         6022    .constdata          ov2640_init.o
    0x0800372a   0x0800372a   0x00000002   PAD
    0x0800372c   0x0800372c   0x000000df   Data   RO         5498    .conststring        i2c_handle.o
    0x0800380b   0x0800380b   0x00000001   PAD
    0x0800380c   0x0800380c   0x00000020   Data   RO         6377    Region$$Table       anon$$obj.o


    Execution Region RW_IRAM1 (Exec base: 0x20000000, Load base: 0x0800382c, Size: 0x00000a98, Max: 0x00020000, ABSOLUTE)

    Exec Addr    Load Addr    Size         Type   Attr      Idx    E Section Name        Object

    0x20000000   0x0800382c   0x00000014   Data   RW            7    .data               system_stm32f4xx.o
    0x20000014   0x08003840   0x00000010   Data   RW         3294    .data               stm32f4xx_rcc.o
    0x20000024   0x08003850   0x00000002   Data   RW         5817    .data               dma_init.o
    0x20000026   0x08003852   0x00000002   PAD
    0x20000028   0x08003854   0x00000004   Data   RW         6351    .data               mc_w.l(stdout.o)
    0x2000002c        -       0x0000024c   Zero   RW         5597    .bss                response.o
    0x20000278        -       0x00000420   Zero   RW         5816    .bss                dma_init.o
    0x20000698        -       0x00000400   Zero   RW          324    STACK               startup_stm32f40xx.o


==============================================================================

Image component sizes


      Code (inc. data)   RO Data    RW Data    ZI Data      Debug   Object Name

       146         16          0          0          0       1691   board.o
       228         20          0          0          0       3013   bsp_uart.o
       446         16          0          0          0       1735   dcmi.o
       360         30          0          2       1056       2247   dma_init.o
      3224        340        279          0          0      14432   i2c_handle.o
       176         12         16          0          0       1592   i2c_init.o
       292         68          0          0          0       1071   main.o
       180         24          0          0          0       2553   misc.o
       158          0          0          0          0        649   nvic_init.o
       448        130        440          0          0       3028   ov2640_init.o
       820        356          0          0        588       5905   response.o
       544         40         38          0          0       3387   spi_init.o
      1166         80          0          0          0       6395   spi_screen_init.o
        36          8        392          0       1024        952   startup_stm32f40xx.o
       164         20          0          0          0       2991   stm32f4xx_dcmi.o
       748         72          0          0          0       8580   stm32f4xx_dma.o
       254          0          0          0          0       4741   stm32f4xx_gpio.o
       510         14          0          0          0       9239   stm32f4xx_i2c.o
       230         36          0          0          0       5540   stm32f4xx_it.o
       424         54          0         16          0       7266   stm32f4xx_rcc.o
       124          0          0          0          0       4137   stm32f4xx_spi.o
       692         42          0          0          0       7090   stm32f4xx_usart.o
       340         32          0         20          0     307537   system_stm32f4xx.o

    ----------------------------------------------------------------------
     11746       1410       1200         40       2668     405771   Object Totals
         0          0         32          0          0          0   (incl. Generated)
        36          0          3          2          0          0   (incl. Padding)

    ----------------------------------------------------------------------

      Code (inc. data)   RO Data    RW Data    ZI Data      Debug   Library Member Name

         0          0          0          0          0          0   entry.o
         0          0          0          0          0          0   entry10a.o
         0          0          0          0          0          0   entry11a.o
         4          0          0          0          0          0   entry12b.o
         8          4          0          0          0          0   entry2.o
         4          0          0          0          0          0   entry5.o
         0          0          0          0          0          0   entry7b.o
         0          0          0          0          0          0   entry8b.o
         8          4          0          0          0          0   entry9a.o
        30          0          0          0          0          0   handlers.o
        36          8          0          0          0         68   init.o
        30          0          0          0          0         68   llshl.o
        32          0          0          0          0         68   llushr.o
        36          0          0          0          0         68   memcpya.o
      1142         54          0          0          0        352   printf8.o
         0          0          0          4          0          0   stdout.o
        98          0          0          0          0         92   uldiv.o

    ----------------------------------------------------------------------
      1434         70          0          4          0        716   Library Totals
         6          0          0          0          0          0   (incl. Padding)

    ----------------------------------------------------------------------

      Code (inc. data)   RO Data    RW Data    ZI Data      Debug   Library Name

      1428         70          0          4          0        716   mc_w.l

    ----------------------------------------------------------------------
      1434         70          0          4          0        716   Library Totals

    ----------------------------------------------------------------------

==============================================================================


      Code (inc. data)   RO Data    RW Data    ZI Data      Debug   

     13180       1480       1200         44       2668     394879   Grand Totals
     13180       1480       1200         44       2668     394879   ELF Image Totals
     13180       1480       1200         44          0          0   ROM Totals

==============================================================================

    Total RO  Size (Code + RO Data)                14380 (  14.04kB)
    Total RW  Size (RW Data + ZI Data)              2712 (   2.65kB)
    Total ROM Size (Code + RO Data + RW Data)      14424 (  14.09kB)

==============================================================================

