<html>
<body>
<pre>
<h1>µVision Build Log</h1>
<h2>Tool Versions:</h2>
IDE-Version: ¦ÌVision V5.39.0.0
Copyright (C) 2023 ARM Ltd and ARM Germany GmbH. All rights reserved.
License Information: An Ankesiqi
BYd
User-based license: Keil MDK Community (non-commercial free of charge)
Valid until: Jun 1 2033. Cached until: Nov 6 2025
 
Tool Versions:
Toolchain:       Keil MDK Community (non-commercial free of charge  Version: 5.39.0.0
Toolchain Path:  L:\Keil\Keil_v5\ARM\AC5\Bin
C Compiler:      Armcc.exe V5.06 update 7 (build 960)
Assembler:       Armasm.exe V5.06 update 7 (build 960)
Linker/Locator:  ArmLink.exe V5.06 update 7 (build 960)
Library Manager: ArmAr.exe V5.06 update 7 (build 960)
Hex Converter:   FromElf.exe V5.06 update 7 (build 960)
CPU DLL:         SARMCM3.DLL V5.39.0.0
Dialog DLL:      
Target DLL:      STLink\ST-LINKIII-KEIL_SWO.dll V3.2.0.0
Dialog DLL:      
 
<h2>Project:</h2>
L:\STM32_Example\Github\STM32-Learn\STM32F407\project\MDK(V5)\Project.uvprojx
Project File Date:  10/30/2025

<h2>Output:</h2>
*** Warning: The configured compiler version '5.06 update 7 (build 960)' does not support the selected User Based Licensing technology.
*** Using Compiler 'V5.06 update 7 (build 960)', folder: 'L:\Keil\Keil_v5\ARM\AC5\Bin'
Rebuild target 'Project'
assembling startup_stm32f40xx.s...
compiling stm32f4xx_cec.c...
compiling system_stm32f4xx.c...
compiling stm32f4xx_crc.c...
compiling misc.c...
compiling bsp_uart.c...
..\..\bsp\NVIC\NVIC_Init.h(20): warning:  #1-D: last line of file ends without a newline
  void NVIC_Configuration(void);
..\..\bsp\uart\bsp_uart.c: 1 warning, 0 errors
compiling main.c...
..\..\bsp\NVIC\NVIC_Init.h(20): warning:  #1-D: last line of file ends without a newline
  void NVIC_Configuration(void);
..\..\bsp\NVIC\NVIC_Init.h(20): warning:  #1-D: last line of file ends without a newline
  void NVIC_Configuration(void);
..\..\bsp\I2C\i2c_handle.h(153): warning:  #1-D: last line of file ends without a newline
  uint8_t I2C_EE_16Addr_PageWrite(uint8_t EEPROM_ADDRESS, uint16_t WriteAddr, uint8_t *Data, uint8_t NumByteToWrite);
..\..\bsp\I2C\i2c_handle.h(153): warning:  #1-D: last line of file ends without a newline
  uint8_t I2C_EE_16Addr_PageWrite(uint8_t EEPROM_ADDRESS, uint16_t WriteAddr, uint8_t *Data, uint8_t NumByteToWrite);
..\..\bsp\Response\response.h(68): warning:  #1-D: last line of file ends without a newline
  uint8_t response_handle(uint8_t error, uint8_t *UartRxBuf, uint16_t UartRxLen);
..\..\bsp\SPI\spi_init.h(87): warning:  #1-D: last line of file ends without a newline
  void SPI_FirstBitConfig(SPI_TypeDef* SPIx, uint16_t SPI_FirstBit);
..\..\bsp\SPI\spi_init.h(87): warning:  #1-D: last line of file ends without a newline
  void SPI_FirstBitConfig(SPI_TypeDef* SPIx, uint16_t SPI_FirstBit);
..\..\bsp\SPI\spi_init.h(87): warning:  #1-D: last line of file ends without a newline
  void SPI_FirstBitConfig(SPI_TypeDef* SPIx, uint16_t SPI_FirstBit);
..\..\bsp\SPI\SPI_init.h(87): warning:  #1-D: last line of file ends without a newline
  void SPI_FirstBitConfig(SPI_TypeDef* SPIx, uint16_t SPI_FirstBit);
..\..\PeripheralModule\SPI_Screen\SPI_Screen_init.h(90): warning:  #1-D: last line of file ends without a newline
  void LCD_Write_Repeat_Data(uint16_t dat, uint32_t len);
..\..\bsp\I2C\i2c_handle.h(153): warning:  #1-D: last line of file ends without a newline
  uint8_t I2C_EE_16Addr_PageWrite(uint8_t EEPROM_ADDRESS, uint16_t WriteAddr, uint8_t *Data, uint8_t NumByteToWrite);
..\..\PeripheralModule\OV2640\OV2640_init.h(36): warning:  #1-D: last line of file ends without a newline
   uint8_t OV2640_Hardware_Init(void);
..\..\bsp\SPI\spi_init.h(87): warning:  #1-D: last line of file ends without a newline
  void SPI_FirstBitConfig(SPI_TypeDef* SPIx, uint16_t SPI_FirstBit);
..\..\app\main.c: 13 warnings, 0 errors
compiling board.c...
compiling stm32f4xx_it.c...
..\..\bsp\NVIC\NVIC_Init.h(20): warning:  #1-D: last line of file ends without a newline
  void NVIC_Configuration(void);
..\..\bsp\I2C\i2c_handle.h(153): warning:  #1-D: last line of file ends without a newline
  uint8_t I2C_EE_16Addr_PageWrite(uint8_t EEPROM_ADDRESS, uint16_t WriteAddr, uint8_t *Data, uint8_t NumByteToWrite);
..\..\bsp\Response\response.h(68): warning:  #1-D: last line of file ends without a newline
  uint8_t response_handle(uint8_t error, uint8_t *UartRxBuf, uint16_t UartRxLen);
..\..\module\stm32f4xx_it.c: 3 warnings, 0 errors
compiling stm32f4xx_adc.c...
compiling stm32f4xx_can.c...
compiling stm32f4xx_cryp.c...
compiling stm32f4xx_cryp_des.c...
compiling stm32f4xx_cryp_aes.c...
compiling stm32f4xx_cryp_tdes.c...
compiling stm32f4xx_dac.c...
compiling stm32f4xx_dbgmcu.c...
compiling stm32f4xx_dfsdm.c...
compiling stm32f4xx_dcmi.c...
compiling stm32f4xx_dma.c...
compiling stm32f4xx_exti.c...
compiling stm32f4xx_dma2d.c...
compiling stm32f4xx_dsi.c...
compiling stm32f4xx_flash_ramfunc.c...
compiling stm32f4xx_flash.c...
compiling stm32f4xx_fmpi2c.c...
compiling stm32f4xx_fsmc.c...
compiling stm32f4xx_gpio.c...
compiling stm32f4xx_hash_md5.c...
compiling stm32f4xx_hash.c...
compiling stm32f4xx_hash_sha1.c...
compiling stm32f4xx_iwdg.c...
compiling stm32f4xx_i2c.c...
compiling stm32f4xx_lptim.c...
compiling stm32f4xx_pwr.c...
compiling stm32f4xx_qspi.c...
compiling stm32f4xx_ltdc.c...
compiling stm32f4xx_rng.c...
compiling stm32f4xx_rcc.c...
compiling stm32f4xx_sai.c...
compiling stm32f4xx_sdio.c...
compiling stm32f4xx_rtc.c...
compiling stm32f4xx_spdifrx.c...
compiling stm32f4xx_spi.c...
compiling stm32f4xx_syscfg.c...
compiling stm32f4xx_wwdg.c...
compiling stm32f4xx_usart.c...
compiling stm32f4xx_tim.c...
compiling i2c_init.c...
compiling i2c_handle.c...
..\..\bsp\I2C\i2c_handle.h(153): warning:  #1-D: last line of file ends without a newline
  uint8_t I2C_EE_16Addr_PageWrite(uint8_t EEPROM_ADDRESS, uint16_t WriteAddr, uint8_t *Data, uint8_t NumByteToWrite);
..\..\bsp\I2C\i2c_handle.c(796): warning:  #1-D: last line of file ends without a newline
  }
..\..\bsp\I2C\i2c_handle.c: 2 warnings, 0 errors
compiling response.c...
..\..\bsp\I2C\i2c_handle.h(153): warning:  #1-D: last line of file ends without a newline
  uint8_t I2C_EE_16Addr_PageWrite(uint8_t EEPROM_ADDRESS, uint16_t WriteAddr, uint8_t *Data, uint8_t NumByteToWrite);
..\..\bsp\NVIC\NVIC_Init.h(20): warning:  #1-D: last line of file ends without a newline
  void NVIC_Configuration(void);
..\..\bsp\Response\response.h(68): warning:  #1-D: last line of file ends without a newline
  uint8_t response_handle(uint8_t error, uint8_t *UartRxBuf, uint16_t UartRxLen);
..\..\bsp\Response\response.c: 3 warnings, 0 errors
compiling SPI_Control.c...
..\..\bsp\SPI\spi_init.h(87): warning:  #1-D: last line of file ends without a newline
  void SPI_FirstBitConfig(SPI_TypeDef* SPIx, uint16_t SPI_FirstBit);
..\..\bsp\SPI\SPI_Control.c: 1 warning, 0 errors
compiling Test_code.c...
..\..\bsp\SPI\spi_init.h(87): warning:  #1-D: last line of file ends without a newline
  void SPI_FirstBitConfig(SPI_TypeDef* SPIx, uint16_t SPI_FirstBit);
..\..\bsp\SPI\Test_code.c: 1 warning, 0 errors
compiling DMA_Init.c...
..\..\bsp\DMA\DMA_Init.c(113): warning:  #1-D: last line of file ends without a newline
  }
..\..\bsp\DMA\DMA_Init.c: 1 warning, 0 errors
compiling spi_init.c...
..\..\bsp\SPI\spi_init.h(87): warning:  #1-D: last line of file ends without a newline
  void SPI_FirstBitConfig(SPI_TypeDef* SPIx, uint16_t SPI_FirstBit);
..\..\bsp\SPI\spi_init.c: 1 warning, 0 errors
compiling NVIC_Init.c...
..\..\bsp\NVIC\NVIC_Init.h(20): warning:  #1-D: last line of file ends without a newline
  void NVIC_Configuration(void);
..\..\bsp\NVIC\NVIC_Init.c(38): warning:  #1-D: last line of file ends without a newline
  }
..\..\bsp\NVIC\NVIC_Init.c: 2 warnings, 0 errors
compiling SPI_Screen_init.c...
..\..\bsp\SPI\spi_init.h(87): warning:  #1-D: last line of file ends without a newline
  void SPI_FirstBitConfig(SPI_TypeDef* SPIx, uint16_t SPI_FirstBit);
..\..\bsp\SPI\SPI_init.h(87): warning:  #1-D: last line of file ends without a newline
  void SPI_FirstBitConfig(SPI_TypeDef* SPIx, uint16_t SPI_FirstBit);
..\..\PeripheralModule\SPI_Screen\SPI_Screen_init.h(90): warning:  #1-D: last line of file ends without a newline
  void LCD_Write_Repeat_Data(uint16_t dat, uint32_t len);
..\..\PeripheralModule\SPI_Screen\SPI_Screen_init.c: 3 warnings, 0 errors
compiling OV2640_DCMI_Init.c...
..\..\PeripheralModule\OV2640\OV2640_DCMI_Init.h(111): warning:  #1-D: last line of file ends without a newline
  void DCMI_Camera_Init(void);
..\..\PeripheralModule\OV2640\OV2640_DCMI_Init.c(106): warning:  #1-D: last line of file ends without a newline
  }
..\..\PeripheralModule\OV2640\OV2640_DCMI_Init.c: 2 warnings, 0 errors
compiling OV2640_DMA_Init.c...
..\..\PeripheralModule\OV2640\OV2640_DMA_Init.h(20): warning:  #1-D: last line of file ends without a newline
  void DMA_DCMI_Init_Config(void);
..\..\PeripheralModule\OV2640\OV2640_DMA_Init.c(46): warning:  #1-D: last line of file ends without a newline
  }
..\..\PeripheralModule\OV2640\OV2640_DMA_Init.c: 2 warnings, 0 errors
compiling OV2640_init.c...
..\..\bsp\I2C\i2c_handle.h(153): warning:  #1-D: last line of file ends without a newline
  uint8_t I2C_EE_16Addr_PageWrite(uint8_t EEPROM_ADDRESS, uint16_t WriteAddr, uint8_t *Data, uint8_t NumByteToWrite);
..\..\PeripheralModule\OV2640\OV2640_init.h(36): warning:  #1-D: last line of file ends without a newline
   uint8_t OV2640_Hardware_Init(void);
..\..\PeripheralModule\OV2640\OV2640_reg.h(810): warning:  #1-D: last line of file ends without a newline
  ;
..\..\PeripheralModule\OV2640\OV2640_DMA_Init.h(20): warning:  #1-D: last line of file ends without a newline
  void DMA_DCMI_Init_Config(void);
..\..\PeripheralModule\OV2640\OV2640_DCMI_Init.h(111): warning:  #1-D: last line of file ends without a newline
  void DCMI_Camera_Init(void);
..\..\PeripheralModule\OV2640\OV2640_init.c(118): warning:  #177-D: variable "err"  was declared but never referenced
      uint8_t err;
..\..\PeripheralModule\OV2640\OV2640_init.c: 6 warnings, 0 errors
linking...
Program Size: Code=13268 RO-data=1124 RW-data=44 ZI-data=2188  
FromELF: creating hex file...
".\Objects\Project.axf" - 0 Error(s), 41 Warning(s).

<h2>Software Packages used:</h2>

Package Vendor: Keil
                https://www.keil.com/pack/Keil.STM32F4xx_DFP.2.17.1.pack
                Keil::STM32F4xx_DFP@2.17.1
                STMicroelectronics STM32F4 Series Device Support, Drivers and Examples

<h2>Collection of Component include folders:</h2>
  L:/Keil/Packs/Keil/STM32F4xx_DFP/2.17.1/Drivers/CMSIS/Device/ST/STM32F4xx/Include

<h2>Collection of Component Files used:</h2>
Build Time Elapsed:  00:00:06
</pre>
</body>
</html>
