Archive member included to satisfy reference by file (symbol)

/opt/arm-gnu-toolchain-14.3.rel1-x86_64-arm-none-eabi/bin/../lib/gcc/arm-none-eabi/14.3.1/../../../../arm-none-eabi/lib/thumb/v7e-m+fp/hard/libc_nano.a(libc_a-exit.o)
                              /opt/arm-gnu-toolchain-14.3.rel1-x86_64-arm-none-eabi/bin/../lib/gcc/arm-none-eabi/14.3.1/../../../../arm-none-eabi/lib/thumb/v7e-m+fp/hard/crt0.o (exit)
/opt/arm-gnu-toolchain-14.3.rel1-x86_64-arm-none-eabi/bin/../lib/gcc/arm-none-eabi/14.3.1/../../../../arm-none-eabi/lib/thumb/v7e-m+fp/hard/libc_nano.a(libc_a-findfp.o)
                              /opt/arm-gnu-toolchain-14.3.rel1-x86_64-arm-none-eabi/bin/../lib/gcc/arm-none-eabi/14.3.1/../../../../arm-none-eabi/lib/thumb/v7e-m+fp/hard/libc_nano.a(libc_a-exit.o) (__stdio_exit_handler)
/opt/arm-gnu-toolchain-14.3.rel1-x86_64-arm-none-eabi/bin/../lib/gcc/arm-none-eabi/14.3.1/../../../../arm-none-eabi/lib/thumb/v7e-m+fp/hard/libc_nano.a(libc_a-fwalk.o)
                              /opt/arm-gnu-toolchain-14.3.rel1-x86_64-arm-none-eabi/bin/../lib/gcc/arm-none-eabi/14.3.1/../../../../arm-none-eabi/lib/thumb/v7e-m+fp/hard/libc_nano.a(libc_a-findfp.o) (_fwalk_sglue)
/opt/arm-gnu-toolchain-14.3.rel1-x86_64-arm-none-eabi/bin/../lib/gcc/arm-none-eabi/14.3.1/../../../../arm-none-eabi/lib/thumb/v7e-m+fp/hard/libc_nano.a(libc_a-stdio.o)
                              /opt/arm-gnu-toolchain-14.3.rel1-x86_64-arm-none-eabi/bin/../lib/gcc/arm-none-eabi/14.3.1/../../../../arm-none-eabi/lib/thumb/v7e-m+fp/hard/libc_nano.a(libc_a-findfp.o) (__sread)
/opt/arm-gnu-toolchain-14.3.rel1-x86_64-arm-none-eabi/bin/../lib/gcc/arm-none-eabi/14.3.1/../../../../arm-none-eabi/lib/thumb/v7e-m+fp/hard/libc_nano.a(libc_a-memset.o)
                              /opt/arm-gnu-toolchain-14.3.rel1-x86_64-arm-none-eabi/bin/../lib/gcc/arm-none-eabi/14.3.1/../../../../arm-none-eabi/lib/thumb/v7e-m+fp/hard/crt0.o (memset)
/opt/arm-gnu-toolchain-14.3.rel1-x86_64-arm-none-eabi/bin/../lib/gcc/arm-none-eabi/14.3.1/../../../../arm-none-eabi/lib/thumb/v7e-m+fp/hard/libc_nano.a(libc_a-closer.o)
                              /opt/arm-gnu-toolchain-14.3.rel1-x86_64-arm-none-eabi/bin/../lib/gcc/arm-none-eabi/14.3.1/../../../../arm-none-eabi/lib/thumb/v7e-m+fp/hard/libc_nano.a(libc_a-stdio.o) (_close_r)
/opt/arm-gnu-toolchain-14.3.rel1-x86_64-arm-none-eabi/bin/../lib/gcc/arm-none-eabi/14.3.1/../../../../arm-none-eabi/lib/thumb/v7e-m+fp/hard/libc_nano.a(libc_a-reent.o)
                              /opt/arm-gnu-toolchain-14.3.rel1-x86_64-arm-none-eabi/bin/../lib/gcc/arm-none-eabi/14.3.1/../../../../arm-none-eabi/lib/thumb/v7e-m+fp/hard/libc_nano.a(libc_a-closer.o) (errno)
/opt/arm-gnu-toolchain-14.3.rel1-x86_64-arm-none-eabi/bin/../lib/gcc/arm-none-eabi/14.3.1/../../../../arm-none-eabi/lib/thumb/v7e-m+fp/hard/libc_nano.a(libc_a-impure.o)
                              /opt/arm-gnu-toolchain-14.3.rel1-x86_64-arm-none-eabi/bin/../lib/gcc/arm-none-eabi/14.3.1/../../../../arm-none-eabi/lib/thumb/v7e-m+fp/hard/libc_nano.a(libc_a-reent.o) (_impure_ptr)
/opt/arm-gnu-toolchain-14.3.rel1-x86_64-arm-none-eabi/bin/../lib/gcc/arm-none-eabi/14.3.1/../../../../arm-none-eabi/lib/thumb/v7e-m+fp/hard/libc_nano.a(libc_a-lseekr.o)
                              /opt/arm-gnu-toolchain-14.3.rel1-x86_64-arm-none-eabi/bin/../lib/gcc/arm-none-eabi/14.3.1/../../../../arm-none-eabi/lib/thumb/v7e-m+fp/hard/libc_nano.a(libc_a-stdio.o) (_lseek_r)
/opt/arm-gnu-toolchain-14.3.rel1-x86_64-arm-none-eabi/bin/../lib/gcc/arm-none-eabi/14.3.1/../../../../arm-none-eabi/lib/thumb/v7e-m+fp/hard/libc_nano.a(libc_a-readr.o)
                              /opt/arm-gnu-toolchain-14.3.rel1-x86_64-arm-none-eabi/bin/../lib/gcc/arm-none-eabi/14.3.1/../../../../arm-none-eabi/lib/thumb/v7e-m+fp/hard/libc_nano.a(libc_a-stdio.o) (_read_r)
/opt/arm-gnu-toolchain-14.3.rel1-x86_64-arm-none-eabi/bin/../lib/gcc/arm-none-eabi/14.3.1/../../../../arm-none-eabi/lib/thumb/v7e-m+fp/hard/libc_nano.a(libc_a-writer.o)
                              /opt/arm-gnu-toolchain-14.3.rel1-x86_64-arm-none-eabi/bin/../lib/gcc/arm-none-eabi/14.3.1/../../../../arm-none-eabi/lib/thumb/v7e-m+fp/hard/libc_nano.a(libc_a-stdio.o) (_write_r)
/opt/arm-gnu-toolchain-14.3.rel1-x86_64-arm-none-eabi/bin/../lib/gcc/arm-none-eabi/14.3.1/../../../../arm-none-eabi/lib/thumb/v7e-m+fp/hard/libc_nano.a(libc_a-init.o)
                              /opt/arm-gnu-toolchain-14.3.rel1-x86_64-arm-none-eabi/bin/../lib/gcc/arm-none-eabi/14.3.1/../../../../arm-none-eabi/lib/thumb/v7e-m+fp/hard/crt0.o (__libc_init_array)
/opt/arm-gnu-toolchain-14.3.rel1-x86_64-arm-none-eabi/bin/../lib/gcc/arm-none-eabi/14.3.1/../../../../arm-none-eabi/lib/thumb/v7e-m+fp/hard/libc_nano.a(libc_a-lock.o)
                              /opt/arm-gnu-toolchain-14.3.rel1-x86_64-arm-none-eabi/bin/../lib/gcc/arm-none-eabi/14.3.1/../../../../arm-none-eabi/lib/thumb/v7e-m+fp/hard/libc_nano.a(libc_a-findfp.o) (__retarget_lock_init_recursive)
[...]
Memory Configuration

Name             Origin             Length             Attributes
RAM              0x20000000         0x00020000         xrw
CCMRAM           0x10000000         0x00010000         xrw
FLASH            0x08000000         0x00080000         xr
*default*        0x00000000         0xffffffff

Linker script and memory map

LOAD /opt/arm-gnu-toolchain-14.3.rel1-x86_64-arm-none-eabi/bin/../lib/gcc/arm-none-eabi/14.3.1/thumb/v7e-m+fp/hard/crti.o
LOAD /opt/arm-gnu-toolchain-14.3.rel1-x86_64-arm-none-eabi/bin/../lib/gcc/arm-none-eabi/14.3.1/thumb/v7e-m+fp/hard/crtbegin.o
LOAD /opt/arm-gnu-toolchain-14.3.rel1-x86_64-arm-none-eabi/bin/../lib/gcc/arm-none-eabi/14.3.1/../../../../arm-none-eabi/lib/thumb/v7e-m+fp/hard/crt0.o
LOAD /opt/arm-gnu-toolchain-14.3.rel1-x86_64-arm-none-eabi/bin/../lib/gcc/arm-none-eabi/14.3.1/../../../../arm-none-eabi/lib/thumb/v7e-m+fp/hard/libc_nano.a
LOAD /opt/arm-gnu-toolchain-14.3.rel1-x86_64-arm-none-eabi/bin/../lib/gcc/arm-none-eabi/14.3.1/../../../../arm-none-eabi/lib/thumb/v7e-m+fp/hard/libm.a
LOAD CMakeFiles/STM32F407_LCKFB.elf.dir/PeripheralModule/OV2640/OV2640_DCMI_Init.c.o
LOAD CMakeFiles/STM32F407_LCKFB.elf.dir/PeripheralModule/OV2640/OV2640_DMA_Init.c.o
LOAD CMakeFiles/STM32F407_LCKFB.elf.dir/PeripheralModule/OV2640/OV2640_init.c.o
LOAD CMakeFiles/STM32F407_LCKFB.elf.dir/PeripheralModule/SPI_Screen/SPI_Screen_init.c.o
LOAD CMakeFiles/STM32F407_LCKFB.elf.dir/app/main.c.o
LOAD CMakeFiles/STM32F407_LCKFB.elf.dir/board/board.c.o
LOAD CMakeFiles/STM32F407_LCKFB.elf.dir/bsp/DMA/DMA_Init.c.o
LOAD CMakeFiles/STM32F407_LCKFB.elf.dir/bsp/I2C/i2c_handle.c.o
LOAD CMakeFiles/STM32F407_LCKFB.elf.dir/bsp/I2C/i2c_init.c.o
LOAD CMakeFiles/STM32F407_LCKFB.elf.dir/bsp/NVIC/NVIC_Init.c.o
LOAD CMakeFiles/STM32F407_LCKFB.elf.dir/bsp/Response/response.c.o
LOAD CMakeFiles/STM32F407_LCKFB.elf.dir/bsp/SPI/SPI_Control.c.o
LOAD CMakeFiles/STM32F407_LCKFB.elf.dir/bsp/SPI/spi_init.c.o
LOAD CMakeFiles/STM32F407_LCKFB.elf.dir/bsp/uart/bsp_uart.c.o
LOAD CMakeFiles/STM32F407_LCKFB.elf.dir/libraries/CMSIS/Device/ST/STM32F4xx/Source/Templates/system_stm32f4xx.c.o
LOAD CMakeFiles/STM32F407_LCKFB.elf.dir/libraries/STM32F4xx_StdPeriph_Driver/src/misc.c.o
LOAD CMakeFiles/STM32F407_LCKFB.elf.dir/libraries/STM32F4xx_StdPeriph_Driver/src/stm32f4xx_adc.c.o
LOAD CMakeFiles/STM32F407_LCKFB.elf.dir/libraries/STM32F4xx_StdPeriph_Driver/src/stm32f4xx_can.c.o
LOAD CMakeFiles/STM32F407_LCKFB.elf.dir/libraries/STM32F4xx_StdPeriph_Driver/src/stm32f4xx_cec.c.o
LOAD CMakeFiles/STM32F407_LCKFB.elf.dir/libraries/STM32F4xx_StdPeriph_Driver/src/stm32f4xx_crc.c.o
LOAD CMakeFiles/STM32F407_LCKFB.elf.dir/libraries/STM32F4xx_StdPeriph_Driver/src/stm32f4xx_cryp.c.o
LOAD CMakeFiles/STM32F407_LCKFB.elf.dir/libraries/STM32F4xx_StdPeriph_Driver/src/stm32f4xx_cryp_aes.c.o
LOAD CMakeFiles/STM32F407_LCKFB.elf.dir/libraries/STM32F4xx_StdPeriph_Driver/src/stm32f4xx_cryp_des.c.o
LOAD CMakeFiles/STM32F407_LCKFB.elf.dir/libraries/STM32F4xx_StdPeriph_Driver/src/stm32f4xx_cryp_tdes.c.o
LOAD CMakeFiles/STM32F407_LCKFB.elf.dir/libraries/STM32F4xx_StdPeriph_Driver/src/stm32f4xx_dac.c.o
LOAD CMakeFiles/STM32F407_LCKFB.elf.dir/libraries/STM32F4xx_StdPeriph_Driver/src/stm32f4xx_dbgmcu.c.o
LOAD CMakeFiles/STM32F407_LCKFB.elf.dir/libraries/STM32F4xx_StdPeriph_Driver/src/stm32f4xx_dcmi.c.o
LOAD CMakeFiles/STM32F407_LCKFB.elf.dir/libraries/STM32F4xx_StdPeriph_Driver/src/stm32f4xx_dfsdm.c.o
LOAD CMakeFiles/STM32F407_LCKFB.elf.dir/libraries/STM32F4xx_StdPeriph_Driver/src/stm32f4xx_dma.c.o
LOAD CMakeFiles/STM32F407_LCKFB.elf.dir/libraries/STM32F4xx_StdPeriph_Driver/src/stm32f4xx_dma2d.c.o
LOAD CMakeFiles/STM32F407_LCKFB.elf.dir/libraries/STM32F4xx_StdPeriph_Driver/src/stm32f4xx_dsi.c.o
LOAD CMakeFiles/STM32F407_LCKFB.elf.dir/libraries/STM32F4xx_StdPeriph_Driver/src/stm32f4xx_exti.c.o
LOAD CMakeFiles/STM32F407_LCKFB.elf.dir/libraries/STM32F4xx_StdPeriph_Driver/src/stm32f4xx_flash.c.o
LOAD CMakeFiles/STM32F407_LCKFB.elf.dir/libraries/STM32F4xx_StdPeriph_Driver/src/stm32f4xx_flash_ramfunc.c.o
LOAD CMakeFiles/STM32F407_LCKFB.elf.dir/libraries/STM32F4xx_StdPeriph_Driver/src/stm32f4xx_fmpi2c.c.o
LOAD CMakeFiles/STM32F407_LCKFB.elf.dir/libraries/STM32F4xx_StdPeriph_Driver/src/stm32f4xx_fsmc.c.o
LOAD CMakeFiles/STM32F407_LCKFB.elf.dir/libraries/STM32F4xx_StdPeriph_Driver/src/stm32f4xx_gpio.c.o
LOAD CMakeFiles/STM32F407_LCKFB.elf.dir/libraries/STM32F4xx_StdPeriph_Driver/src/stm32f4xx_hash.c.o
LOAD CMakeFiles/STM32F407_LCKFB.elf.dir/libraries/STM32F4xx_StdPeriph_Driver/src/stm32f4xx_hash_md5.c.o
LOAD CMakeFiles/STM32F407_LCKFB.elf.dir/libraries/STM32F4xx_StdPeriph_Driver/src/stm32f4xx_hash_sha1.c.o
LOAD CMakeFiles/STM32F407_LCKFB.elf.dir/libraries/STM32F4xx_StdPeriph_Driver/src/stm32f4xx_i2c.c.o
LOAD CMakeFiles/STM32F407_LCKFB.elf.dir/libraries/STM32F4xx_StdPeriph_Driver/src/stm32f4xx_iwdg.c.o
LOAD CMakeFiles/STM32F407_LCKFB.elf.dir/libraries/STM32F4xx_StdPeriph_Driver/src/stm32f4xx_lptim.c.o
LOAD CMakeFiles/STM32F407_LCKFB.elf.dir/libraries/STM32F4xx_StdPeriph_Driver/src/stm32f4xx_ltdc.c.o
LOAD CMakeFiles/STM32F407_LCKFB.elf.dir/libraries/STM32F4xx_StdPeriph_Driver/src/stm32f4xx_pwr.c.o
LOAD CMakeFiles/STM32F407_LCKFB.elf.dir/libraries/STM32F4xx_StdPeriph_Driver/src/stm32f4xx_qspi.c.o
LOAD CMakeFiles/STM32F407_LCKFB.elf.dir/libraries/STM32F4xx_StdPeriph_Driver/src/stm32f4xx_rcc.c.o
LOAD CMakeFiles/STM32F407_LCKFB.elf.dir/libraries/STM32F4xx_StdPeriph_Driver/src/stm32f4xx_rng.c.o
LOAD CMakeFiles/STM32F407_LCKFB.elf.dir/libraries/STM32F4xx_StdPeriph_Driver/src/stm32f4xx_rtc.c.o
LOAD CMakeFiles/STM32F407_LCKFB.elf.dir/libraries/STM32F4xx_StdPeriph_Driver/src/stm32f4xx_sai.c.o
LOAD CMakeFiles/STM32F407_LCKFB.elf.dir/libraries/STM32F4xx_StdPeriph_Driver/src/stm32f4xx_sdio.c.o
LOAD CMakeFiles/STM32F407_LCKFB.elf.dir/libraries/STM32F4xx_StdPeriph_Driver/src/stm32f4xx_spdifrx.c.o
LOAD CMakeFiles/STM32F407_LCKFB.elf.dir/libraries/STM32F4xx_StdPeriph_Driver/src/stm32f4xx_spi.c.o
LOAD CMakeFiles/STM32F407_LCKFB.elf.dir/libraries/STM32F4xx_StdPeriph_Driver/src/stm32f4xx_syscfg.c.o
LOAD CMakeFiles/STM32F407_LCKFB.elf.dir/libraries/STM32F4xx_StdPeriph_Driver/src/stm32f4xx_tim.c.o
LOAD CMakeFiles/STM32F407_LCKFB.elf.dir/libraries/STM32F4xx_StdPeriph_Driver/src/stm32f4xx_usart.c.o
LOAD CMakeFiles/STM32F407_LCKFB.elf.dir/libraries/STM32F4xx_StdPeriph_Driver/src/stm32f4xx_wwdg.c.o
LOAD CMakeFiles/STM32F407_LCKFB.elf.dir/module/stm32f4xx_it.c.o
LOAD CMakeFiles/STM32F407_LCKFB.elf.dir/protocol/MY_your_driver.c.o
LOAD CMakeFiles/STM32F407_LCKFB.elf.dir/protocol/cmd_handlers.c.o
LOAD CMakeFiles/STM32F407_LCKFB.elf.dir/protocol/crc16.c.o
LOAD CMakeFiles/STM32F407_LCKFB.elf.dir/protocol/hdlc_core.c.o
LOAD CMakeFiles/STM32F407_LCKFB.elf.dir/libraries/CMSIS/Device/ST/STM32F4xx/Source/Templates/arm/startup_stm32f407xx.s.o
START GROUP
LOAD /opt/arm-gnu-toolchain-14.3.rel1-x86_64-arm-none-eabi/bin/../lib/gcc/arm-none-eabi/14.3.1/thumb/v7e-m+fp/hard/libgcc.a
LOAD /opt/arm-gnu-toolchain-14.3.rel1-x86_64-arm-none-eabi/bin/../lib/gcc/arm-none-eabi/14.3.1/../../../../arm-none-eabi/lib/thumb/v7e-m+fp/hard/libg_nano.a
LOAD /opt/arm-gnu-toolchain-14.3.rel1-x86_64-arm-none-eabi/bin/../lib/gcc/arm-none-eabi/14.3.1/../../../../arm-none-eabi/lib/thumb/v7e-m+fp/hard/libc_nano.a
END GROUP
START GROUP
LOAD /opt/arm-gnu-toolchain-14.3.rel1-x86_64-arm-none-eabi/bin/../lib/gcc/arm-none-eabi/14.3.1/thumb/v7e-m+fp/hard/libgcc.a
LOAD /opt/arm-gnu-toolchain-14.3.rel1-x86_64-arm-none-eabi/bin/../lib/gcc/arm-none-eabi/14.3.1/../../../../arm-none-eabi/lib/thumb/v7e-m+fp/hard/libc_nano.a
LOAD /opt/arm-gnu-toolchain-14.3.rel1-x86_64-arm-none-eabi/bin/../lib/gcc/arm-none-eabi/14.3.1/../../../../arm-none-eabi/lib/thumb/v7e-m+fp/hard/libnosys.a
END GROUP
START GROUP
LOAD /opt/arm-gnu-toolchain-14.3.rel1-x86_64-arm-none-eabi/bin/../lib/gcc/arm-none-eabi/14.3.1/thumb/v7e-m+fp/hard/libgcc.a
LOAD /opt/arm-gnu-toolchain-14.3.rel1-x86_64-arm-none-eabi/bin/../lib/gcc/arm-none-eabi/14.3.1/../../../../arm-none-eabi/lib/thumb/v7e-m+fp/hard/libc_nano.a
LOAD /opt/arm-gnu-toolchain-14.3.rel1-x86_64-arm-none-eabi/bin/../lib/gcc/arm-none-eabi/14.3.1/../../../../arm-none-eabi/lib/thumb/v7e-m+fp/hard/libnosys.a
END GROUP
LOAD /opt/arm-gnu-toolchain-14.3.rel1-x86_64-arm-none-eabi/bin/../lib/gcc/arm-none-eabi/14.3.1/thumb/v7e-m+fp/hard/crtend.o
LOAD /opt/arm-gnu-toolchain-14.3.rel1-x86_64-arm-none-eabi/bin/../lib/gcc/arm-none-eabi/14.3.1/thumb/v7e-m+fp/hard/crtn.o
                0x2001ffff                        _estack = ((ORIGIN (RAM) + LENGTH (RAM)) - 0x1)
                0x00000400                        _Min_Heap_Size = 0x400
                0x00000800                        _Min_Stack_Size = 0x800

.isr_vector     0x08000000      0x188
                0x08000000                        . = ALIGN (0x4)
 *(.isr_vector)
 .isr_vector    0x08000000      0x188 CMakeFiles/STM32F407_LCKFB.elf.dir/libraries/CMSIS/Device/ST/STM32F4xx/Source/Templates/arm/startup_stm32f407xx.s.o
                0x08000000                g_pfnVectors
                0x08000188                        . = ALIGN (0x4)

.text           0x08000190     0x506c
                0x08000190                        . = ALIGN (0x4)
 *(.text)
 .text          0x08000190       0xa0 /opt/arm-gnu-toolchain-14.3.rel1-x86_64-arm-none-eabi/bin/../lib/gcc/arm-none-eabi/14.3.1/../../../../arm-none-eabi/lib/thumb/v7e-m+fp/hard/libg_nano.a(libc_a-memchr.o)
                0x08000190                memchr
 *(.text*)
 .text.deregister_tm_clones
                0x08000230       0x1c /opt/arm-gnu-toolchain-14.3.rel1-x86_64-arm-none-eabi/bin/../lib/gcc/arm-none-eabi/14.3.1/thumb/v7e-m+fp/hard/crtbegin.o
 .text.register_tm_clones
                0x0800024c       0x24 /opt/arm-gnu-toolchain-14.3.rel1-x86_64-arm-none-eabi/bin/../lib/gcc/arm-none-eabi/14.3.1/thumb/v7e-m+fp/hard/crtbegin.o
 .text.__do_global_dtors_aux
                0x08000270       0x28 /opt/arm-gnu-toolchain-14.3.rel1-x86_64-arm-none-eabi/bin/../lib/gcc/arm-none-eabi/14.3.1/thumb/v7e-m+fp/hard/crtbegin.o
 .text.frame_dummy
                0x08000298       0x24 /opt/arm-gnu-toolchain-14.3.rel1-x86_64-arm-none-eabi/bin/../lib/gcc/arm-none-eabi/14.3.1/thumb/v7e-m+fp/hard/crtbegin.o
 .text.std      0x080002bc       0x6c /opt/arm-gnu-toolchain-14.3.rel1-x86_64-arm-none-eabi/bin/../lib/gcc/arm-none-eabi/14.3.1/../../../../arm-none-eabi/lib/thumb/v7e-m+fp/hard/libc_nano.a(libc_a-findfp.o)
 .text.stdio_exit_handler
                0x08000328       0x18 /opt/arm-gnu-toolchain-14.3.rel1-x86_64-arm-none-eabi/bin/../lib/gcc/arm-none-eabi/14.3.1/../../../../arm-none-eabi/lib/thumb/v7e-m+fp/hard/libc_nano.a(libc_a-findfp.o)
 .text.cleanup_stdio
                0x08000340       0x40 /opt/arm-gnu-toolchain-14.3.rel1-x86_64-arm-none-eabi/bin/../lib/gcc/arm-none-eabi/14.3.1/../../../../arm-none-eabi/lib/thumb/v7e-m+fp/hard/libc_nano.a(libc_a-findfp.o)
 .text.global_stdio_init.part.0
                0x08000380       0x40 /opt/arm-gnu-toolchain-14.3.rel1-x86_64-arm-none-eabi/bin/../lib/gcc/arm-none-eabi/14.3.1/../../../../arm-none-eabi/lib/thumb/v7e-m+fp/hard/libc_nano.a(libc_a-findfp.o)
 .text.__sfp_lock_acquire
                0x080003c0        0xc /opt/arm-gnu-toolchain-14.3.rel1-x86_64-arm-none-eabi/bin/../lib/gcc/arm-none-eabi/14.3.1/../../../../arm-none-eabi/lib/thumb/v7e-m+fp/hard/libc_nano.a(libc_a-findfp.o)
                0x080003c0                __sfp_lock_acquire
 .text.__sfp_lock_release
                0x080003cc        0xc /opt/arm-gnu-toolchain-14.3.rel1-x86_64-arm-none-eabi/bin/../lib/gcc/arm-none-eabi/14.3.1/../../../../arm-none-eabi/lib/thumb/v7e-m+fp/hard/libc_nano.a(libc_a-findfp.o)
                0x080003cc                __sfp_lock_release
 .text.__sinit  0x080003d8       0x30 /opt/arm-gnu-toolchain-14.3.rel1-x86_64-arm-none-eabi/bin/../lib/gcc/arm-none-eabi/14.3.1/../../../../arm-none-eabi/lib/thumb/v7e-m+fp/hard/libc_nano.a(libc_a-findfp.o)
                0x080003d8                __sinit
 .text._fwalk_sglue
                0x08000408       0x3c /opt/arm-gnu-toolchain-14.3.rel1-x86_64-arm-none-eabi/bin/../lib/gcc/arm-none-eabi/14.3.1/../../../../arm-none-eabi/lib/thumb/v7e-m+fp/hard/libc_nano.a(libc_a-fwalk.o)
                0x08000408                _fwalk_sglue
 .text.__sread  0x08000444       0x22 /opt/arm-gnu-toolchain-14.3.rel1-x86_64-arm-none-eabi/bin/../lib/gcc/arm-none-eabi/14.3.1/../../../../arm-none-eabi/lib/thumb/v7e-m+fp/hard/libc_nano.a(libc_a-stdio.o)
                0x08000444                __sread
 .text.__swrite
                0x08000466       0x38 /opt/arm-gnu-toolchain-14.3.rel1-x86_64-arm-none-eabi/bin/../lib/gcc/arm-none-eabi/14.3.1/../../../../arm-none-eabi/lib/thumb/v7e-m+fp/hard/libc_nano.a(libc_a-stdio.o)
                0x08000466                __swrite
 .text.__sseek  0x0800049e       0x26 /opt/arm-gnu-toolchain-14.3.rel1-x86_64-arm-none-eabi/bin/../lib/gcc/arm-none-eabi/14.3.1/../../../../arm-none-eabi/lib/thumb/v7e-m+fp/hard/libc_nano.a(libc_a-stdio.o)
                0x0800049e                __sseek
 .text.__sclose
                0x080004c4        0x8 /opt/arm-gnu-toolchain-14.3.rel1-x86_64-arm-none-eabi/bin/../lib/gcc/arm-none-eabi/14.3.1/../../../../arm-none-eabi/lib/thumb/v7e-m+fp/hard/libc_nano.a(libc_a-stdio.o)
                0x080004c4                __sclose
 .text.memset   0x080004cc       0x10 /opt/arm-gnu-toolchain-14.3.rel1-x86_64-arm-none-eabi/bin/../lib/gcc/arm-none-eabi/14.3.1/../../../../arm-none-eabi/lib/thumb/v7e-m+fp/hard/libc_nano.a(libc_a-memset.o)
                0x080004cc                memset
 .text._close_r
                0x080004dc       0x20 /opt/arm-gnu-toolchain-14.3.rel1-x86_64-arm-none-eabi/bin/../lib/gcc/arm-none-eabi/14.3.1/../../../../arm-none-eabi/lib/thumb/v7e-m+fp/hard/libc_nano.a(libc_a-closer.o)
                0x080004dc                _close_r
 .text._lseek_r
                0x080004fc       0x24 /opt/arm-gnu-toolchain-14.3.rel1-x86_64-arm-none-eabi/bin/../lib/gcc/arm-none-eabi/14.3.1/../../../../arm-none-eabi/lib/thumb/v7e-m+fp/hard/libc_nano.a(libc_a-lseekr.o)
                0x080004fc                _lseek_r
 .text._read_r  0x08000520       0x24 /opt/arm-gnu-toolchain-14.3.rel1-x86_64-arm-none-eabi/bin/../lib/gcc/arm-none-eabi/14.3.1/../../../../arm-none-eabi/lib/thumb/v7e-m+fp/hard/libc_nano.a(libc_a-readr.o)
                0x08000520                _read_r
 .text._write_r
                0x08000544       0x24 /opt/arm-gnu-toolchain-14.3.rel1-x86_64-arm-none-eabi/bin/../lib/gcc/arm-none-eabi/14.3.1/../../../../arm-none-eabi/lib/thumb/v7e-m+fp/hard/libc_nano.a(libc_a-writer.o)
                0x08000544                _write_r
 .text.__libc_init_array
                0x08000568       0x48 /opt/arm-gnu-toolchain-14.3.rel1-x86_64-arm-none-eabi/bin/../lib/gcc/arm-none-eabi/14.3.1/../../../../arm-none-eabi/lib/thumb/v7e-m+fp/hard/libc_nano.a(libc_a-init.o)
                0x08000568                __libc_init_array
 .text.__retarget_lock_init_recursive
                0x080005b0        0x2 /opt/arm-gnu-toolchain-14.3.rel1-x86_64-arm-none-eabi/bin/../lib/gcc/arm-none-eabi/14.3.1/../../../../arm-none-eabi/lib/thumb/v7e-m+fp/hard/libc_nano.a(libc_a-lock.o)
                0x080005b0                __retarget_lock_init_recursive
 .text.__retarget_lock_acquire_recursive
                0x080005b2        0x2 /opt/arm-gnu-toolchain-14.3.rel1-x86_64-arm-none-eabi/bin/../lib/gcc/arm-none-eabi/14.3.1/../../../../arm-none-eabi/lib/thumb/v7e-m+fp/hard/libc_nano.a(libc_a-lock.o)
                0x080005b2                __retarget_lock_acquire_recursive
 .text.__retarget_lock_release_recursive
                0x080005b4        0x2 /opt/arm-gnu-toolchain-14.3.rel1-x86_64-arm-none-eabi/bin/../lib/gcc/arm-none-eabi/14.3.1/../../../../arm-none-eabi/lib/thumb/v7e-m+fp/hard/libc_nano.a(libc_a-lock.o)
                0x080005b4                __retarget_lock_release_recursive
 *fill*         0x080005b6        0x2 
 .text._free_r  0x080005b8       0x94 /opt/arm-gnu-toolchain-14.3.rel1-x86_64-arm-none-eabi/bin/../lib/gcc/arm-none-eabi/14.3.1/../../../../arm-none-eabi/lib/thumb/v7e-m+fp/hard/libc_nano.a(libc_a-freer.o)
                0x080005b8                _free_r
 .text.sbrk_aligned
                0x0800064c       0x44 /opt/arm-gnu-toolchain-14.3.rel1-x86_64-arm-none-eabi/bin/../lib/gcc/arm-none-eabi/14.3.1/../../../../arm-none-eabi/lib/thumb/v7e-m+fp/hard/libc_nano.a(libc_a-mallocr.o)
 .text._malloc_r
                0x08000690      0x100 /opt/arm-gnu-toolchain-14.3.rel1-x86_64-arm-none-eabi/bin/../lib/gcc/arm-none-eabi/14.3.1/../../../../arm-none-eabi/lib/thumb/v7e-m+fp/hard/libc_nano.a(libc_a-mallocr.o)
                0x08000690                _malloc_r
 .text.__malloc_lock
                0x08000790        0xc /opt/arm-gnu-toolchain-14.3.rel1-x86_64-arm-none-eabi/bin/../lib/gcc/arm-none-eabi/14.3.1/../../../../arm-none-eabi/lib/thumb/v7e-m+fp/hard/libc_nano.a(libc_a-mlock.o)
                0x08000790                __malloc_lock
 .text.__malloc_unlock
                0x0800079c        0xc /opt/arm-gnu-toolchain-14.3.rel1-x86_64-arm-none-eabi/bin/../lib/gcc/arm-none-eabi/14.3.1/../../../../arm-none-eabi/lib/thumb/v7e-m+fp/hard/libc_nano.a(libc_a-mlock.o)
                0x0800079c                __malloc_unlock
 .text.__sflush_r
                0x080007a8      0x104 /opt/arm-gnu-toolchain-14.3.rel1-x86_64-arm-none-eabi/bin/../lib/gcc/arm-none-eabi/14.3.1/../../../../arm-none-eabi/lib/thumb/v7e-m+fp/hard/libc_nano.a(libc_a-fflush.o)
                0x080007a8                __sflush_r
 .text._fflush_r
                0x080008ac       0x50 /opt/arm-gnu-toolchain-14.3.rel1-x86_64-arm-none-eabi/bin/../lib/gcc/arm-none-eabi/14.3.1/../../../../arm-none-eabi/lib/thumb/v7e-m+fp/hard/libc_nano.a(libc_a-fflush.o)
                0x080008ac                _fflush_r
 .text._sbrk_r  0x080008fc       0x20 /opt/arm-gnu-toolchain-14.3.rel1-x86_64-arm-none-eabi/bin/../lib/gcc/arm-none-eabi/14.3.1/../../../../arm-none-eabi/lib/thumb/v7e-m+fp/hard/libc_nano.a(libc_a-sbrkr.o)
                0x080008fc                _sbrk_r
 .text.DCMI_GPIO_Init
                0x0800091c      0x18c CMakeFiles/STM32F407_LCKFB.elf.dir/PeripheralModule/OV2640/OV2640_DCMI_Init.c.o
 .text.DCMI_DCMI_Init
                0x08000aa8       0x4c CMakeFiles/STM32F407_LCKFB.elf.dir/PeripheralModule/OV2640/OV2640_DCMI_Init.c.o
 .text.DCMI_Camera_Init
                0x08000af4       0x10 CMakeFiles/STM32F407_LCKFB.elf.dir/PeripheralModule/OV2640/OV2640_DCMI_Init.c.o
                0x08000af4                DCMI_Camera_Init
 .text.DMA_DCMI_Init_Config
                0x08000b04       0xa4 CMakeFiles/STM32F407_LCKFB.elf.dir/PeripheralModule/OV2640/OV2640_DMA_Init.c.o
                0x08000b04                DMA_DCMI_Init_Config
 .text.OV2640_WriteReg
                0x08000ba8       0x28 CMakeFiles/STM32F407_LCKFB.elf.dir/PeripheralModule/OV2640/OV2640_init.c.o
 .text.OV2640_OutSize_Set
                0x08000bd0       0xae CMakeFiles/STM32F407_LCKFB.elf.dir/PeripheralModule/OV2640/OV2640_init.c.o
 *fill*         0x08000c7e        0x2 
 .text.OV2640_Image_Config
                0x08000c80       0x8c CMakeFiles/STM32F407_LCKFB.elf.dir/PeripheralModule/OV2640/OV2640_init.c.o
                0x08000c80                OV2640_Image_Config
 .text.OV2640_Hardware_Init
                0x08000d0c       0x12 CMakeFiles/STM32F407_LCKFB.elf.dir/PeripheralModule/OV2640/OV2640_init.c.o
                0x08000d0c                OV2640_Hardware_Init
 *fill*         0x08000d1e        0x2 
 .text.LCD_GPIO_Init
                0x08000d20       0xc0 CMakeFiles/STM32F407_LCKFB.elf.dir/PeripheralModule/SPI_Screen/SPI_Screen_init.c.o
 .text.LCD_Writ_Bus
                0x08000de0       0x9c CMakeFiles/STM32F407_LCKFB.elf.dir/PeripheralModule/SPI_Screen/SPI_Screen_init.c.o
 .text.LCD_WR_REG
                0x08000e7c       0x3c CMakeFiles/STM32F407_LCKFB.elf.dir/PeripheralModule/SPI_Screen/SPI_Screen_init.c.o
 .text.LCD_WR_DATA8
                0x08000eb8       0x24 CMakeFiles/STM32F407_LCKFB.elf.dir/PeripheralModule/SPI_Screen/SPI_Screen_init.c.o
 .text.LCD_WR_DATA
                0x08000edc       0xa0 CMakeFiles/STM32F407_LCKFB.elf.dir/PeripheralModule/SPI_Screen/SPI_Screen_init.c.o
 .text.LCD_Write_Repeat_Data
                0x08000f7c       0xac CMakeFiles/STM32F407_LCKFB.elf.dir/PeripheralModule/SPI_Screen/SPI_Screen_init.c.o
                0x08000f7c                LCD_Write_Repeat_Data
 .text.LCD_Screen_Init
                0x08001028      0x16e CMakeFiles/STM32F407_LCKFB.elf.dir/PeripheralModule/SPI_Screen/SPI_Screen_init.c.o
                0x08001028                LCD_Screen_Init
 .text.LCD_Address_Set
                0x08001196       0x60 CMakeFiles/STM32F407_LCKFB.elf.dir/PeripheralModule/SPI_Screen/SPI_Screen_init.c.o
                0x08001196                LCD_Address_Set
 .text.LCD_Fill
                0x080011f6       0x42 CMakeFiles/STM32F407_LCKFB.elf.dir/PeripheralModule/SPI_Screen/SPI_Screen_init.c.o
                0x080011f6                LCD_Fill
 .text.main     0x08001238      0x260 CMakeFiles/STM32F407_LCKFB.elf.dir/app/main.c.o
                0x08001238                main
 .text.board_init
                0x08001498       0x34 CMakeFiles/STM32F407_LCKFB.elf.dir/board/board.c.o
                0x08001498                board_init
 .text.delay_us
                0x080014cc       0x84 CMakeFiles/STM32F407_LCKFB.elf.dir/board/board.c.o
                0x080014cc                delay_us
 .text.delay_ms
                0x08001550       0x20 CMakeFiles/STM32F407_LCKFB.elf.dir/board/board.c.o
                0x08001550                delay_ms
 .text.DMA_Uart_Init_Config
                0x08001570       0xfc CMakeFiles/STM32F407_LCKFB.elf.dir/bsp/DMA/DMA_Init.c.o
                0x08001570                DMA_Uart_Init_Config
 .text.uart_copy_receive_data
                0x0800166c       0x4c CMakeFiles/STM32F407_LCKFB.elf.dir/bsp/DMA/DMA_Init.c.o
                0x0800166c                uart_copy_receive_data
 .text.usart_send_String_DMA
                0x080016b8       0xa0 CMakeFiles/STM32F407_LCKFB.elf.dir/bsp/DMA/DMA_Init.c.o
                0x080016b8                usart_send_String_DMA
 .text.I2C_TIMEOUT_UserCallback
                0x08001758       0x48 CMakeFiles/STM32F407_LCKFB.elf.dir/bsp/I2C/i2c_handle.c.o
 .text.I2C_ByteWrite
                0x080017a0      0x104 CMakeFiles/STM32F407_LCKFB.elf.dir/bsp/I2C/i2c_handle.c.o
                0x080017a0                I2C_ByteWrite
 .text.I2C_BufferWrite
                0x080018a4       0x6c CMakeFiles/STM32F407_LCKFB.elf.dir/bsp/I2C/i2c_handle.c.o
                0x080018a4                I2C_BufferWrite
 .text.I2C_BufferRead
                0x08001910      0x1dc CMakeFiles/STM32F407_LCKFB.elf.dir/bsp/I2C/i2c_handle.c.o
                0x08001910                I2C_BufferRead
 .text.I2C_byteRead
                0x08001aec      0x1bc CMakeFiles/STM32F407_LCKFB.elf.dir/bsp/I2C/i2c_handle.c.o
                0x08001aec                I2C_byteRead
 .text.I2C_Write_16addr
                0x08001ca8      0x140 CMakeFiles/STM32F407_LCKFB.elf.dir/bsp/I2C/i2c_handle.c.o
                0x08001ca8                I2C_Write_16addr
 .text.I2C_Read16addr
                0x08001de8      0x1f8 CMakeFiles/STM32F407_LCKFB.elf.dir/bsp/I2C/i2c_handle.c.o
                0x08001de8                I2C_Read16addr
 .text.I2C_BufferWrite_16addr
                0x08001fe0       0x6c CMakeFiles/STM32F407_LCKFB.elf.dir/bsp/I2C/i2c_handle.c.o
                0x08001fe0                I2C_BufferWrite_16addr
 .text.I2C_BufferRead_16addr
                0x0800204c      0x218 CMakeFiles/STM32F407_LCKFB.elf.dir/bsp/I2C/i2c_handle.c.o
                0x0800204c                I2C_BufferRead_16addr
 .text.i2c_device_adress_find
                0x08002264       0x94 CMakeFiles/STM32F407_LCKFB.elf.dir/bsp/I2C/i2c_handle.c.o
 .text.Find_i2c_device
                0x080022f8       0x60 CMakeFiles/STM32F407_LCKFB.elf.dir/bsp/I2C/i2c_handle.c.o
                0x080022f8                Find_i2c_device
 .text.I2C_EE_WaitEepromStandbyState
                0x08002358       0x60 CMakeFiles/STM32F407_LCKFB.elf.dir/bsp/I2C/i2c_handle.c.o
 .text.I2C_EE_8Addr_PageWrite
                0x080023b8      0x15c CMakeFiles/STM32F407_LCKFB.elf.dir/bsp/I2C/i2c_handle.c.o
                0x080023b8                I2C_EE_8Addr_PageWrite
 .text.I2C_EE_16Addr_PageWrite
                0x08002514      0x164 CMakeFiles/STM32F407_LCKFB.elf.dir/bsp/I2C/i2c_handle.c.o
                0x08002514                I2C_EE_16Addr_PageWrite
 .text.I2C_GPIO_Config
                0x08002678       0x88 CMakeFiles/STM32F407_LCKFB.elf.dir/bsp/I2C/i2c_init.c.o
 .text.I2C_Mode_Config
                0x08002700       0x34 CMakeFiles/STM32F407_LCKFB.elf.dir/bsp/I2C/i2c_init.c.o
 .text.User_I2C_Init
                0x08002734       0x10 CMakeFiles/STM32F407_LCKFB.elf.dir/bsp/I2C/i2c_init.c.o
                0x08002734                User_I2C_Init
 .text.NVIC_Configuration
                0x08002744       0x8e CMakeFiles/STM32F407_LCKFB.elf.dir/bsp/NVIC/NVIC_Init.c.o
                0x08002744                NVIC_Configuration
 .text.do_uart  0x080027d2       0x14 CMakeFiles/STM32F407_LCKFB.elf.dir/bsp/Response/response.c.o
 *fill*         0x080027e6        0x2 
 .text.do_i2c_8RegisterAddr
                0x080027e8      0x1c8 CMakeFiles/STM32F407_LCKFB.elf.dir/bsp/Response/response.c.o
 .text.do_i2c_16RegisterAddr
                0x080029b0      0x1f8 CMakeFiles/STM32F407_LCKFB.elf.dir/bsp/Response/response.c.o
 .text.do_spi   0x08002ba8       0x14 CMakeFiles/STM32F407_LCKFB.elf.dir/bsp/Response/response.c.o
 .text.do_process
                0x08002bbc       0x90 CMakeFiles/STM32F407_LCKFB.elf.dir/bsp/Response/response.c.o
                0x08002bbc                do_process
 .text.SPI_Screen_GPIO_Init
                0x08002c4c       0xb4 CMakeFiles/STM32F407_LCKFB.elf.dir/bsp/SPI/spi_init.c.o
 .text.SPI_Screen_Init
                0x08002d00       0x40 CMakeFiles/STM32F407_LCKFB.elf.dir/bsp/SPI/spi_init.c.o
 .text.SPI_Screen_BUS_Init
                0x08002d40       0x10 CMakeFiles/STM32F407_LCKFB.elf.dir/bsp/SPI/spi_init.c.o
                0x08002d40                SPI_Screen_BUS_Init
 .text.uart_init
                0x08002d50       0xf0 CMakeFiles/STM32F407_LCKFB.elf.dir/bsp/uart/bsp_uart.c.o
                0x08002d50                uart_init
 .text.usart_send_data
                0x08002e40       0x34 CMakeFiles/STM32F407_LCKFB.elf.dir/bsp/uart/bsp_uart.c.o
                0x08002e40                usart_send_data
 .text._isatty  0x08002e74       0x2c CMakeFiles/STM32F407_LCKFB.elf.dir/bsp/uart/bsp_uart.c.o
                0x08002e74                _isatty
 .text._write   0x08002ea0       0x50 CMakeFiles/STM32F407_LCKFB.elf.dir/bsp/uart/bsp_uart.c.o
                0x08002ea0                _write
 .text.SystemInit
                0x08002ef0       0x6c CMakeFiles/STM32F407_LCKFB.elf.dir/libraries/CMSIS/Device/ST/STM32F4xx/Source/Templates/system_stm32f4xx.c.o
                0x08002ef0                SystemInit
 .text.SetSysClock
                0x08002f5c       0xf8 CMakeFiles/STM32F407_LCKFB.elf.dir/libraries/CMSIS/Device/ST/STM32F4xx/Source/Templates/system_stm32f4xx.c.o
 .text.NVIC_PriorityGroupConfig
                0x08003054       0x28 CMakeFiles/STM32F407_LCKFB.elf.dir/libraries/STM32F4xx_StdPeriph_Driver/src/misc.c.o
                0x08003054                NVIC_PriorityGroupConfig
 .text.NVIC_Init
                0x0800307c       0xc4 CMakeFiles/STM32F407_LCKFB.elf.dir/libraries/STM32F4xx_StdPeriph_Driver/src/misc.c.o
                0x0800307c                NVIC_Init
 .text.SysTick_CLKSourceConfig
                0x08003140       0x38 CMakeFiles/STM32F407_LCKFB.elf.dir/libraries/STM32F4xx_StdPeriph_Driver/src/misc.c.o
                0x08003140                SysTick_CLKSourceConfig
 .text.DCMI_DeInit
                0x08003178       0x3c CMakeFiles/STM32F407_LCKFB.elf.dir/libraries/STM32F4xx_StdPeriph_Driver/src/stm32f4xx_dcmi.c.o
                0x08003178                DCMI_DeInit
 .text.DCMI_Init
                0x080031b4       0x80 CMakeFiles/STM32F407_LCKFB.elf.dir/libraries/STM32F4xx_StdPeriph_Driver/src/stm32f4xx_dcmi.c.o
                0x080031b4                DCMI_Init
 .text.DCMI_Cmd
                0x08003234       0x3c CMakeFiles/STM32F407_LCKFB.elf.dir/libraries/STM32F4xx_StdPeriph_Driver/src/stm32f4xx_dcmi.c.o
                0x08003234                DCMI_Cmd
 .text.DCMI_CaptureCmd
                0x08003270       0x3c CMakeFiles/STM32F407_LCKFB.elf.dir/libraries/STM32F4xx_StdPeriph_Driver/src/stm32f4xx_dcmi.c.o
                0x08003270                DCMI_CaptureCmd
 .text.DCMI_ITConfig
                0x080032ac       0x48 CMakeFiles/STM32F407_LCKFB.elf.dir/libraries/STM32F4xx_StdPeriph_Driver/src/stm32f4xx_dcmi.c.o
                0x080032ac                DCMI_ITConfig
 .text.DCMI_GetITStatus
                0x080032f4       0x40 CMakeFiles/STM32F407_LCKFB.elf.dir/libraries/STM32F4xx_StdPeriph_Driver/src/stm32f4xx_dcmi.c.o
                0x080032f4                DCMI_GetITStatus
 .text.DCMI_ClearITPendingBit
                0x08003334       0x20 CMakeFiles/STM32F407_LCKFB.elf.dir/libraries/STM32F4xx_StdPeriph_Driver/src/stm32f4xx_dcmi.c.o
                0x08003334                DCMI_ClearITPendingBit
 .text.DMA_DeInit
                0x08003354      0x1a8 CMakeFiles/STM32F407_LCKFB.elf.dir/libraries/STM32F4xx_StdPeriph_Driver/src/stm32f4xx_dma.c.o
                0x08003354                DMA_DeInit
 .text.DMA_Init
                0x080034fc       0xb0 CMakeFiles/STM32F407_LCKFB.elf.dir/libraries/STM32F4xx_StdPeriph_Driver/src/stm32f4xx_dma.c.o
                0x080034fc                DMA_Init
 .text.DMA_Cmd  0x080035ac       0x38 CMakeFiles/STM32F407_LCKFB.elf.dir/libraries/STM32F4xx_StdPeriph_Driver/src/stm32f4xx_dma.c.o
                0x080035ac                DMA_Cmd
 .text.DMA_SetCurrDataCounter
                0x080035e4       0x1e CMakeFiles/STM32F407_LCKFB.elf.dir/libraries/STM32F4xx_StdPeriph_Driver/src/stm32f4xx_dma.c.o
                0x080035e4                DMA_SetCurrDataCounter
 .text.DMA_GetCurrDataCounter
                0x08003602       0x1a CMakeFiles/STM32F407_LCKFB.elf.dir/libraries/STM32F4xx_StdPeriph_Driver/src/stm32f4xx_dma.c.o
                0x08003602                DMA_GetCurrDataCounter
 .text.DMA_MemoryTargetConfig
                0x0800361c       0x2c CMakeFiles/STM32F407_LCKFB.elf.dir/libraries/STM32F4xx_StdPeriph_Driver/src/stm32f4xx_dma.c.o
                0x0800361c                DMA_MemoryTargetConfig
 .text.DMA_GetCmdStatus
                0x08003648       0x30 CMakeFiles/STM32F407_LCKFB.elf.dir/libraries/STM32F4xx_StdPeriph_Driver/src/stm32f4xx_dma.c.o
                0x08003648                DMA_GetCmdStatus
 .text.DMA_ClearFlag
                0x08003678       0x5c CMakeFiles/STM32F407_LCKFB.elf.dir/libraries/STM32F4xx_StdPeriph_Driver/src/stm32f4xx_dma.c.o
                0x08003678                DMA_ClearFlag
 .text.DMA_ITConfig
                0x080036d4       0x74 CMakeFiles/STM32F407_LCKFB.elf.dir/libraries/STM32F4xx_StdPeriph_Driver/src/stm32f4xx_dma.c.o
                0x080036d4                DMA_ITConfig
 .text.DMA_GetITStatus
                0x08003748       0xb0 CMakeFiles/STM32F407_LCKFB.elf.dir/libraries/STM32F4xx_StdPeriph_Driver/src/stm32f4xx_dma.c.o
                0x08003748                DMA_GetITStatus
 .text.DMA_ClearITPendingBit
                0x080037f8       0x5c CMakeFiles/STM32F407_LCKFB.elf.dir/libraries/STM32F4xx_StdPeriph_Driver/src/stm32f4xx_dma.c.o
                0x080037f8                DMA_ClearITPendingBit
 .text.GPIO_Init
                0x08003854      0x11e CMakeFiles/STM32F407_LCKFB.elf.dir/libraries/STM32F4xx_StdPeriph_Driver/src/stm32f4xx_gpio.c.o
                0x08003854                GPIO_Init
 .text.GPIO_StructInit
                0x08003972       0x34 CMakeFiles/STM32F407_LCKFB.elf.dir/libraries/STM32F4xx_StdPeriph_Driver/src/stm32f4xx_gpio.c.o
                0x08003972                GPIO_StructInit
 .text.GPIO_SetBits
                0x080039a6       0x1e CMakeFiles/STM32F407_LCKFB.elf.dir/libraries/STM32F4xx_StdPeriph_Driver/src/stm32f4xx_gpio.c.o
                0x080039a6                GPIO_SetBits
 .text.GPIO_ResetBits
                0x080039c4       0x20 CMakeFiles/STM32F407_LCKFB.elf.dir/libraries/STM32F4xx_StdPeriph_Driver/src/stm32f4xx_gpio.c.o
                0x080039c4                GPIO_ResetBits
 .text.GPIO_WriteBit
                0x080039e4       0x32 CMakeFiles/STM32F407_LCKFB.elf.dir/libraries/STM32F4xx_StdPeriph_Driver/src/stm32f4xx_gpio.c.o
                0x080039e4                GPIO_WriteBit
 .text.GPIO_PinAFConfig
                0x08003a16       0x92 CMakeFiles/STM32F407_LCKFB.elf.dir/libraries/STM32F4xx_StdPeriph_Driver/src/stm32f4xx_gpio.c.o
                0x08003a16                GPIO_PinAFConfig
 .text.I2C_Init
                0x08003aa8      0x184 CMakeFiles/STM32F407_LCKFB.elf.dir/libraries/STM32F4xx_StdPeriph_Driver/src/stm32f4xx_i2c.c.o
                0x08003aa8                I2C_Init
 .text.I2C_Cmd  0x08003c2c       0x40 CMakeFiles/STM32F407_LCKFB.elf.dir/libraries/STM32F4xx_StdPeriph_Driver/src/stm32f4xx_i2c.c.o
                0x08003c2c                I2C_Cmd
 .text.I2C_GenerateSTART
                0x08003c6c       0x40 CMakeFiles/STM32F407_LCKFB.elf.dir/libraries/STM32F4xx_StdPeriph_Driver/src/stm32f4xx_i2c.c.o
                0x08003c6c                I2C_GenerateSTART
 .text.I2C_GenerateSTOP
                0x08003cac       0x40 CMakeFiles/STM32F407_LCKFB.elf.dir/libraries/STM32F4xx_StdPeriph_Driver/src/stm32f4xx_i2c.c.o
                0x08003cac                I2C_GenerateSTOP
 .text.I2C_Send7bitAddress
                0x08003cec       0x3c CMakeFiles/STM32F407_LCKFB.elf.dir/libraries/STM32F4xx_StdPeriph_Driver/src/stm32f4xx_i2c.c.o
                0x08003cec                I2C_Send7bitAddress
 .text.I2C_AcknowledgeConfig
                0x08003d28       0x40 CMakeFiles/STM32F407_LCKFB.elf.dir/libraries/STM32F4xx_StdPeriph_Driver/src/stm32f4xx_i2c.c.o
                0x08003d28                I2C_AcknowledgeConfig
 .text.I2C_SendData
                0x08003d68       0x20 CMakeFiles/STM32F407_LCKFB.elf.dir/libraries/STM32F4xx_StdPeriph_Driver/src/stm32f4xx_i2c.c.o
                0x08003d68                I2C_SendData
 .text.I2C_ReceiveData
                0x08003d88       0x1c CMakeFiles/STM32F407_LCKFB.elf.dir/libraries/STM32F4xx_StdPeriph_Driver/src/stm32f4xx_i2c.c.o
                0x08003d88                I2C_ReceiveData
 .text.I2C_ReadRegister
                0x08003da4       0x2e CMakeFiles/STM32F407_LCKFB.elf.dir/libraries/STM32F4xx_StdPeriph_Driver/src/stm32f4xx_i2c.c.o
                0x08003da4                I2C_ReadRegister
 .text.I2C_CheckEvent
                0x08003dd2       0x7a CMakeFiles/STM32F407_LCKFB.elf.dir/libraries/STM32F4xx_StdPeriph_Driver/src/stm32f4xx_i2c.c.o
                0x08003dd2                I2C_CheckEvent
 .text.I2C_GetFlagStatus
                0x08003e4c       0x66 CMakeFiles/STM32F407_LCKFB.elf.dir/libraries/STM32F4xx_StdPeriph_Driver/src/stm32f4xx_i2c.c.o
                0x08003e4c                I2C_GetFlagStatus
 .text.I2C_ClearFlag
                0x08003eb2       0x2e CMakeFiles/STM32F407_LCKFB.elf.dir/libraries/STM32F4xx_StdPeriph_Driver/src/stm32f4xx_i2c.c.o
                0x08003eb2                I2C_ClearFlag
 .text.RCC_GetClocksFreq
                0x08003ee0      0x15c CMakeFiles/STM32F407_LCKFB.elf.dir/libraries/STM32F4xx_StdPeriph_Driver/src/stm32f4xx_rcc.c.o
                0x08003ee0                RCC_GetClocksFreq
 .text.RCC_AHB1PeriphClockCmd
                0x0800403c       0x40 CMakeFiles/STM32F407_LCKFB.elf.dir/libraries/STM32F4xx_StdPeriph_Driver/src/stm32f4xx_rcc.c.o
                0x0800403c                RCC_AHB1PeriphClockCmd
 .text.RCC_AHB2PeriphClockCmd
                0x0800407c       0x40 CMakeFiles/STM32F407_LCKFB.elf.dir/libraries/STM32F4xx_StdPeriph_Driver/src/stm32f4xx_rcc.c.o
                0x0800407c                RCC_AHB2PeriphClockCmd
 .text.RCC_APB1PeriphClockCmd
                0x080040bc       0x40 CMakeFiles/STM32F407_LCKFB.elf.dir/libraries/STM32F4xx_StdPeriph_Driver/src/stm32f4xx_rcc.c.o
                0x080040bc                RCC_APB1PeriphClockCmd
 .text.RCC_APB2PeriphClockCmd
                0x080040fc       0x40 CMakeFiles/STM32F407_LCKFB.elf.dir/libraries/STM32F4xx_StdPeriph_Driver/src/stm32f4xx_rcc.c.o
                0x080040fc                RCC_APB2PeriphClockCmd
 .text.RCC_APB1PeriphResetCmd
                0x0800413c       0x40 CMakeFiles/STM32F407_LCKFB.elf.dir/libraries/STM32F4xx_StdPeriph_Driver/src/stm32f4xx_rcc.c.o
                0x0800413c                RCC_APB1PeriphResetCmd
 .text.RCC_APB2PeriphResetCmd
                0x0800417c       0x40 CMakeFiles/STM32F407_LCKFB.elf.dir/libraries/STM32F4xx_StdPeriph_Driver/src/stm32f4xx_rcc.c.o
                0x0800417c                RCC_APB2PeriphResetCmd
 .text.SPI_Init
                0x080041bc       0x88 CMakeFiles/STM32F407_LCKFB.elf.dir/libraries/STM32F4xx_StdPeriph_Driver/src/stm32f4xx_spi.c.o
                0x080041bc                SPI_Init
 .text.SPI_Cmd  0x08004244       0x40 CMakeFiles/STM32F407_LCKFB.elf.dir/libraries/STM32F4xx_StdPeriph_Driver/src/stm32f4xx_spi.c.o
                0x08004244                SPI_Cmd
 .text.SPI_DataSizeConfig
                0x08004284       0x38 CMakeFiles/STM32F407_LCKFB.elf.dir/libraries/STM32F4xx_StdPeriph_Driver/src/stm32f4xx_spi.c.o
                0x08004284                SPI_DataSizeConfig
 .text.SPI_I2S_SendData
                0x080042bc       0x1e CMakeFiles/STM32F407_LCKFB.elf.dir/libraries/STM32F4xx_StdPeriph_Driver/src/stm32f4xx_spi.c.o
                0x080042bc                SPI_I2S_SendData
 .text.SPI_I2S_GetFlagStatus
                0x080042da       0x38 CMakeFiles/STM32F407_LCKFB.elf.dir/libraries/STM32F4xx_StdPeriph_Driver/src/stm32f4xx_spi.c.o
                0x080042da                SPI_I2S_GetFlagStatus
 *fill*         0x08004312        0x2 
 .text.USART_DeInit
                0x08004314      0x118 CMakeFiles/STM32F407_LCKFB.elf.dir/libraries/STM32F4xx_StdPeriph_Driver/src/stm32f4xx_usart.c.o
                0x08004314                USART_DeInit
 .text.USART_Init
                0x0800442c      0x174 CMakeFiles/STM32F407_LCKFB.elf.dir/libraries/STM32F4xx_StdPeriph_Driver/src/stm32f4xx_usart.c.o
                0x0800442c                USART_Init
 .text.USART_Cmd
                0x080045a0       0x40 CMakeFiles/STM32F407_LCKFB.elf.dir/libraries/STM32F4xx_StdPeriph_Driver/src/stm32f4xx_usart.c.o
                0x080045a0                USART_Cmd
 .text.USART_SendData
                0x080045e0       0x24 CMakeFiles/STM32F407_LCKFB.elf.dir/libraries/STM32F4xx_StdPeriph_Driver/src/stm32f4xx_usart.c.o
                0x080045e0                USART_SendData
 .text.USART_ReceiveData
                0x08004604       0x20 CMakeFiles/STM32F407_LCKFB.elf.dir/libraries/STM32F4xx_StdPeriph_Driver/src/stm32f4xx_usart.c.o
                0x08004604                USART_ReceiveData
 .text.USART_DMACmd
                0x08004624       0x48 CMakeFiles/STM32F407_LCKFB.elf.dir/libraries/STM32F4xx_StdPeriph_Driver/src/stm32f4xx_usart.c.o
                0x08004624                USART_DMACmd
 .text.USART_ITConfig
                0x0800466c       0x90 CMakeFiles/STM32F407_LCKFB.elf.dir/libraries/STM32F4xx_StdPeriph_Driver/src/stm32f4xx_usart.c.o
                0x0800466c                USART_ITConfig
 .text.USART_GetFlagStatus
                0x080046fc       0x38 CMakeFiles/STM32F407_LCKFB.elf.dir/libraries/STM32F4xx_StdPeriph_Driver/src/stm32f4xx_usart.c.o
                0x080046fc                USART_GetFlagStatus
 .text.USART_GetITStatus
                0x08004734       0xb6 CMakeFiles/STM32F407_LCKFB.elf.dir/libraries/STM32F4xx_StdPeriph_Driver/src/stm32f4xx_usart.c.o
                0x08004734                USART_GetITStatus
 .text.NMI_Handler
                0x080047ea        0xe CMakeFiles/STM32F407_LCKFB.elf.dir/module/stm32f4xx_it.c.o
                0x080047ea                NMI_Handler
 .text.HardFault_Handler
                0x080047f8        0x8 CMakeFiles/STM32F407_LCKFB.elf.dir/module/stm32f4xx_it.c.o
                0x080047f8                HardFault_Handler
 .text.MemManage_Handler
                0x08004800        0x8 CMakeFiles/STM32F407_LCKFB.elf.dir/module/stm32f4xx_it.c.o
                0x08004800                MemManage_Handler
 .text.BusFault_Handler
                0x08004808        0x8 CMakeFiles/STM32F407_LCKFB.elf.dir/module/stm32f4xx_it.c.o
                0x08004808                BusFault_Handler
 .text.UsageFault_Handler
                0x08004810        0x8 CMakeFiles/STM32F407_LCKFB.elf.dir/module/stm32f4xx_it.c.o
                0x08004810                UsageFault_Handler
 .text.SVC_Handler
                0x08004818        0xe CMakeFiles/STM32F407_LCKFB.elf.dir/module/stm32f4xx_it.c.o
                0x08004818                SVC_Handler
 .text.DebugMon_Handler
                0x08004826        0xe CMakeFiles/STM32F407_LCKFB.elf.dir/module/stm32f4xx_it.c.o
                0x08004826                DebugMon_Handler
 .text.PendSV_Handler
                0x08004834        0xe CMakeFiles/STM32F407_LCKFB.elf.dir/module/stm32f4xx_it.c.o
                0x08004834                PendSV_Handler
 *fill*         0x08004842        0x2 
 .text.USART2_IRQHandler
                0x08004844       0x80 CMakeFiles/STM32F407_LCKFB.elf.dir/module/stm32f4xx_it.c.o
                0x08004844                USART2_IRQHandler
 .text.DMA1_Stream6_IRQHandler
                0x080048c4       0x28 CMakeFiles/STM32F407_LCKFB.elf.dir/module/stm32f4xx_it.c.o
                0x080048c4                DMA1_Stream6_IRQHandler
 .text.DCMI_IRQHandler
                0x080048ec       0x24 CMakeFiles/STM32F407_LCKFB.elf.dir/module/stm32f4xx_it.c.o
                0x080048ec                DCMI_IRQHandler
 .text.SysTick_Handler
                0x08004910        0xe CMakeFiles/STM32F407_LCKFB.elf.dir/module/stm32f4xx_it.c.o
                0x08004910                SysTick_Handler
 *fill*         0x0800491e        0x2 
 .text.Reset_Handler
                0x08004920       0x50 CMakeFiles/STM32F407_LCKFB.elf.dir/libraries/CMSIS/Device/ST/STM32F4xx/Source/Templates/arm/startup_stm32f407xx.s.o
                0x08004920                Reset_Handler
 .text.Default_Handler
                0x08004970        0x2 CMakeFiles/STM32F407_LCKFB.elf.dir/libraries/CMSIS/Device/ST/STM32F4xx/Source/Templates/arm/startup_stm32f407xx.s.o
                0x08004970                RTC_Alarm_IRQHandler
                0x08004970                HASH_RNG_IRQHandler
                0x08004970                EXTI2_IRQHandler
                0x08004970                TIM8_CC_IRQHandler
                0x08004970                TIM1_CC_IRQHandler
                0x08004970                DMA2_Stream5_IRQHandler
                0x08004970                DMA1_Stream5_IRQHandler
                0x08004970                PVD_IRQHandler
                0x08004970                SDIO_IRQHandler
                0x08004970                TAMP_STAMP_IRQHandler
                0x08004970                CAN2_RX1_IRQHandler
                0x08004970                EXTI3_IRQHandler
                0x08004970                TIM8_TRG_COM_TIM14_IRQHandler
                0x08004970                TIM1_UP_TIM10_IRQHandler
                0x08004970                TIM8_UP_TIM13_IRQHandler
                0x08004970                I2C3_ER_IRQHandler
                0x08004970                EXTI0_IRQHandler
                0x08004970                I2C2_EV_IRQHandler
                0x08004970                DMA1_Stream2_IRQHandler
                0x08004970                CAN1_RX0_IRQHandler
                0x08004970                FPU_IRQHandler
                0x08004970                OTG_HS_WKUP_IRQHandler
                0x08004970                CAN2_SCE_IRQHandler
                0x08004970                DMA2_Stream2_IRQHandler
                0x08004970                SPI1_IRQHandler
                0x08004970                TIM6_DAC_IRQHandler
                0x08004970                TIM1_BRK_TIM9_IRQHandler
                0x08004970                CAN2_RX0_IRQHandler
                0x08004970                DMA2_Stream3_IRQHandler
                0x08004970                USART6_IRQHandler
                0x08004970                USART3_IRQHandler
                0x08004970                CAN1_RX1_IRQHandler
                0x08004970                UART5_IRQHandler
                0x08004970                DMA2_Stream0_IRQHandler
                0x08004970                TIM4_IRQHandler
                0x08004970                I2C1_EV_IRQHandler
                0x08004970                DMA1_Stream1_IRQHandler
                0x08004970                UART4_IRQHandler
                0x08004970                TIM3_IRQHandler
                0x08004970                RCC_IRQHandler
                0x08004970                TIM8_BRK_TIM12_IRQHandler
                0x08004970                Default_Handler
                0x08004970                EXTI15_10_IRQHandler
                0x08004970                ADC_IRQHandler
                0x08004970                DMA1_Stream7_IRQHandler
                0x08004970                TIM7_IRQHandler
                0x08004970                CAN2_TX_IRQHandler
                0x08004970                TIM5_IRQHandler
                0x08004970                DMA2_Stream7_IRQHandler
                0x08004970                I2C3_EV_IRQHandler
                0x08004970                EXTI9_5_IRQHandler
                0x08004970                RTC_WKUP_IRQHandler
                0x08004970                ETH_WKUP_IRQHandler
                0x08004970                SPI2_IRQHandler
                0x08004970                OTG_HS_EP1_IN_IRQHandler
                0x08004970                DMA1_Stream0_IRQHandler
                0x08004970                CAN1_TX_IRQHandler
                0x08004970                EXTI4_IRQHandler
                0x08004970                FSMC_IRQHandler
                0x08004970                ETH_IRQHandler
                0x08004970                OTG_HS_EP1_OUT_IRQHandler
                0x08004970                WWDG_IRQHandler
                0x08004970                TIM2_IRQHandler
                0x08004970                OTG_FS_WKUP_IRQHandler
                0x08004970                TIM1_TRG_COM_TIM11_IRQHandler
                0x08004970                OTG_HS_IRQHandler
                0x08004970                EXTI1_IRQHandler
                0x08004970                I2C2_ER_IRQHandler
                0x08004970                DMA2_Stream1_IRQHandler
                0x08004970                CAN1_SCE_IRQHandler
                0x08004970                FLASH_IRQHandler
                0x08004970                DMA2_Stream4_IRQHandler
                0x08004970                USART1_IRQHandler
                0x08004970                OTG_FS_IRQHandler
                0x08004970                SPI3_IRQHandler
                0x08004970                DMA1_Stream4_IRQHandler
                0x08004970                I2C1_ER_IRQHandler
                0x08004970                DMA2_Stream6_IRQHandler
                0x08004970                DMA1_Stream3_IRQHandler
 *fill*         0x08004972        0x2 
 .text.printf   0x08004974       0x24 /opt/arm-gnu-toolchain-14.3.rel1-x86_64-arm-none-eabi/bin/../lib/gcc/arm-none-eabi/14.3.1/../../../../arm-none-eabi/lib/thumb/v7e-m+fp/hard/libg_nano.a(libc_a-printf.o)
                0x08004974                printf
                0x08004974                iprintf
 .text.__errno  0x08004998        0xc /opt/arm-gnu-toolchain-14.3.rel1-x86_64-arm-none-eabi/bin/../lib/gcc/arm-none-eabi/14.3.1/../../../../arm-none-eabi/lib/thumb/v7e-m+fp/hard/libg_nano.a(libc_a-errno.o)
                0x08004998                __errno
 .text.memcpy   0x080049a4       0x1c /opt/arm-gnu-toolchain-14.3.rel1-x86_64-arm-none-eabi/bin/../lib/gcc/arm-none-eabi/14.3.1/../../../../arm-none-eabi/lib/thumb/v7e-m+fp/hard/libg_nano.a(libc_a-memcpy-stub.o)
                0x080049a4                memcpy
 .text.__sfputc_r
                0x080049c0       0x2e /opt/arm-gnu-toolchain-14.3.rel1-x86_64-arm-none-eabi/bin/../lib/gcc/arm-none-eabi/14.3.1/../../../../arm-none-eabi/lib/thumb/v7e-m+fp/hard/libg_nano.a(libc_a-nano-vfprintf.o)
 .text.__sfputs_r
                0x080049ee       0x24 /opt/arm-gnu-toolchain-14.3.rel1-x86_64-arm-none-eabi/bin/../lib/gcc/arm-none-eabi/14.3.1/../../../../arm-none-eabi/lib/thumb/v7e-m+fp/hard/libg_nano.a(libc_a-nano-vfprintf.o)
                0x080049ee                __sfputs_r
 *fill*         0x08004a12        0x2 
 .text._vfprintf_r
                0x08004a14      0x228 /opt/arm-gnu-toolchain-14.3.rel1-x86_64-arm-none-eabi/bin/../lib/gcc/arm-none-eabi/14.3.1/../../../../arm-none-eabi/lib/thumb/v7e-m+fp/hard/libg_nano.a(libc_a-nano-vfprintf.o)
                0x08004a14                _vfiprintf_r
                0x08004a14                _vfprintf_r
 .text._printf_common
                0x08004c3c       0xda /opt/arm-gnu-toolchain-14.3.rel1-x86_64-arm-none-eabi/bin/../lib/gcc/arm-none-eabi/14.3.1/../../../../arm-none-eabi/lib/thumb/v7e-m+fp/hard/libg_nano.a(libc_a-nano-vfprintf_i.o)
                0x08004c3c                _printf_common
 *fill*         0x08004d16        0x2 
 .text._printf_i
                0x08004d18      0x24c /opt/arm-gnu-toolchain-14.3.rel1-x86_64-arm-none-eabi/bin/../lib/gcc/arm-none-eabi/14.3.1/../../../../arm-none-eabi/lib/thumb/v7e-m+fp/hard/libg_nano.a(libc_a-nano-vfprintf_i.o)
                0x08004d18                _printf_i
 .text.__swbuf_r
                0x08004f64       0x7c /opt/arm-gnu-toolchain-14.3.rel1-x86_64-arm-none-eabi/bin/../lib/gcc/arm-none-eabi/14.3.1/../../../../arm-none-eabi/lib/thumb/v7e-m+fp/hard/libg_nano.a(libc_a-wbuf.o)
                0x08004f64                __swbuf_r
 .text.__swsetup_r
                0x08004fe0       0xa8 /opt/arm-gnu-toolchain-14.3.rel1-x86_64-arm-none-eabi/bin/../lib/gcc/arm-none-eabi/14.3.1/../../../../arm-none-eabi/lib/thumb/v7e-m+fp/hard/libg_nano.a(libc_a-wsetup.o)
                0x08004fe0                __swsetup_r
 .text.__swhatbuf_r
                0x08005088       0x48 /opt/arm-gnu-toolchain-14.3.rel1-x86_64-arm-none-eabi/bin/../lib/gcc/arm-none-eabi/14.3.1/../../../../arm-none-eabi/lib/thumb/v7e-m+fp/hard/libg_nano.a(libc_a-makebuf.o)
                0x08005088                __swhatbuf_r
 .text.__smakebuf_r
                0x080050d0       0x72 /opt/arm-gnu-toolchain-14.3.rel1-x86_64-arm-none-eabi/bin/../lib/gcc/arm-none-eabi/14.3.1/../../../../arm-none-eabi/lib/thumb/v7e-m+fp/hard/libg_nano.a(libc_a-makebuf.o)
                0x080050d0                __smakebuf_r
 *fill*         0x08005142        0x2 
 .text._fstat_r
                0x08005144       0x24 /opt/arm-gnu-toolchain-14.3.rel1-x86_64-arm-none-eabi/bin/../lib/gcc/arm-none-eabi/14.3.1/../../../../arm-none-eabi/lib/thumb/v7e-m+fp/hard/libg_nano.a(libc_a-fstatr.o)
                0x08005144                _fstat_r
 .text._isatty_r
                0x08005168       0x20 /opt/arm-gnu-toolchain-14.3.rel1-x86_64-arm-none-eabi/bin/../lib/gcc/arm-none-eabi/14.3.1/../../../../arm-none-eabi/lib/thumb/v7e-m+fp/hard/libg_nano.a(libc_a-isattyr.o)
                0x08005168                _isatty_r
 .text._close   0x08005188       0x10 /opt/arm-gnu-toolchain-14.3.rel1-x86_64-arm-none-eabi/bin/../lib/gcc/arm-none-eabi/14.3.1/../../../../arm-none-eabi/lib/thumb/v7e-m+fp/hard/libnosys.a(close.o)
                0x08005188                _close
 .text._fstat   0x08005198       0x10 /opt/arm-gnu-toolchain-14.3.rel1-x86_64-arm-none-eabi/bin/../lib/gcc/arm-none-eabi/14.3.1/../../../../arm-none-eabi/lib/thumb/v7e-m+fp/hard/libnosys.a(fstat.o)
                0x08005198                _fstat
 .text._lseek   0x080051a8       0x10 /opt/arm-gnu-toolchain-14.3.rel1-x86_64-arm-none-eabi/bin/../lib/gcc/arm-none-eabi/14.3.1/../../../../arm-none-eabi/lib/thumb/v7e-m+fp/hard/libnosys.a(lseek.o)
                0x080051a8                _lseek
 .text._read    0x080051b8       0x10 /opt/arm-gnu-toolchain-14.3.rel1-x86_64-arm-none-eabi/bin/../lib/gcc/arm-none-eabi/14.3.1/../../../../arm-none-eabi/lib/thumb/v7e-m+fp/hard/libnosys.a(read.o)
                0x080051b8                _read
 .text._sbrk    0x080051c8       0x1c /opt/arm-gnu-toolchain-14.3.rel1-x86_64-arm-none-eabi/bin/../lib/gcc/arm-none-eabi/14.3.1/../../../../arm-none-eabi/lib/thumb/v7e-m+fp/hard/libnosys.a(sbrk.o)
                0x080051c8                _sbrk
 *(.glue_7)
 .glue_7        0x080051e4        0x0 linker stubs
 *(.glue_7t)
 .glue_7t       0x080051e4        0x0 linker stubs
 *(.eh_frame)
 .eh_frame      0x080051e4        0x0 /opt/arm-gnu-toolchain-14.3.rel1-x86_64-arm-none-eabi/bin/../lib/gcc/arm-none-eabi/14.3.1/thumb/v7e-m+fp/hard/crtbegin.o
 *(.init)
 .init          0x080051e4        0x4 /opt/arm-gnu-toolchain-14.3.rel1-x86_64-arm-none-eabi/bin/../lib/gcc/arm-none-eabi/14.3.1/thumb/v7e-m+fp/hard/crti.o
                0x080051e4                _init
 .init          0x080051e8        0x8 /opt/arm-gnu-toolchain-14.3.rel1-x86_64-arm-none-eabi/bin/../lib/gcc/arm-none-eabi/14.3.1/thumb/v7e-m+fp/hard/crtn.o
 *(.fini)
 .fini          0x080051f0        0x4 /opt/arm-gnu-toolchain-14.3.rel1-x86_64-arm-none-eabi/bin/../lib/gcc/arm-none-eabi/14.3.1/thumb/v7e-m+fp/hard/crti.o
                0x080051f0                _fini
 .fini          0x080051f4        0x8 /opt/arm-gnu-toolchain-14.3.rel1-x86_64-arm-none-eabi/bin/../lib/gcc/arm-none-eabi/14.3.1/thumb/v7e-m+fp/hard/crtn.o
                0x080051fc                        . = ALIGN (0x4)
                0x080051fc                        _etext = .

.vfp11_veneer   0x080051fc        0x0
 .vfp11_veneer  0x080051fc        0x0 linker stubs

.v4_bx          0x080051fc        0x0
 .v4_bx         0x080051fc        0x0 linker stubs

.iplt           0x080051fc        0x0
 .iplt          0x080051fc        0x0 /opt/arm-gnu-toolchain-14.3.rel1-x86_64-arm-none-eabi/bin/../lib/gcc/arm-none-eabi/14.3.1/thumb/v7e-m+fp/hard/crtbegin.o

.rodata         0x080051fc      0x588
                0x080051fc                        . = ALIGN (0x4)
 *(.rodata)
 .rodata        0x080051fc       0x1d CMakeFiles/STM32F407_LCKFB.elf.dir/PeripheralModule/OV2640/OV2640_init.c.o
 *fill*         0x08005219        0x3 
 .rodata        0x0800521c        0xe CMakeFiles/STM32F407_LCKFB.elf.dir/PeripheralModule/SPI_Screen/SPI_Screen_init.c.o
 *fill*         0x0800522a        0x2 
 .rodata        0x0800522c       0x33 CMakeFiles/STM32F407_LCKFB.elf.dir/app/main.c.o
 *fill*         0x0800525f        0x1 
 .rodata        0x08005260      0x1a1 CMakeFiles/STM32F407_LCKFB.elf.dir/bsp/I2C/i2c_handle.c.o
 *fill*         0x08005401        0x3 
 .rodata        0x08005404       0x10 CMakeFiles/STM32F407_LCKFB.elf.dir/bsp/I2C/i2c_init.c.o
 .rodata        0x08005414      0x15c CMakeFiles/STM32F407_LCKFB.elf.dir/bsp/Response/response.c.o
 .rodata        0x08005570       0x26 CMakeFiles/STM32F407_LCKFB.elf.dir/bsp/SPI/spi_init.c.o
 *(.rodata*)
 *fill*         0x08005596        0x2 
 .rodata.OV2640_UXGA
                0x08005598      0x16e CMakeFiles/STM32F407_LCKFB.elf.dir/PeripheralModule/OV2640/OV2640_init.c.o
                0x08005598                OV2640_UXGA
 *fill*         0x08005706        0x2 
 .rodata.i2c_Errors
                0x08005708       0x38 CMakeFiles/STM32F407_LCKFB.elf.dir/bsp/I2C/i2c_handle.c.o
 .rodata.APBAHBPrescTable
                0x08005740       0x10 CMakeFiles/STM32F407_LCKFB.elf.dir/libraries/STM32F4xx_StdPeriph_Driver/src/stm32f4xx_rcc.c.o
 .rodata._vfprintf_r.str1.1
                0x08005750       0x33 /opt/arm-gnu-toolchain-14.3.rel1-x86_64-arm-none-eabi/bin/../lib/gcc/arm-none-eabi/14.3.1/../../../../arm-none-eabi/lib/thumb/v7e-m+fp/hard/libg_nano.a(libc_a-nano-vfprintf.o)
                                 0x11 (size before relaxing)
 .rodata._printf_i.str1.1
                0x08005783       0x22 /opt/arm-gnu-toolchain-14.3.rel1-x86_64-arm-none-eabi/bin/../lib/gcc/arm-none-eabi/14.3.1/../../../../arm-none-eabi/lib/thumb/v7e-m+fp/hard/libg_nano.a(libc_a-nano-vfprintf_i.o)
                0x080057a8                        . = ALIGN (0x4)
 *fill*         0x08005783        0x1 

.ARM.extab
 *(.ARM.extab* .gnu.linkonce.armextab.*)

.ARM            0x08005784        0x8
                0x08005784                        __exidx_start = .
 *(.ARM.exidx*)
 .ARM.exidx     0x08005784        0x8 /opt/arm-gnu-toolchain-14.3.rel1-x86_64-arm-none-eabi/bin/../lib/gcc/arm-none-eabi/14.3.1/../../../../arm-none-eabi/lib/thumb/v7e-m+fp/hard/libg_nano.a(libc_a-memchr.o)
                0x0800578c                        __exidx_end = .

.rel.dyn        0x0800578c        0x0
 .rel.iplt      0x0800578c        0x0 /opt/arm-gnu-toolchain-14.3.rel1-x86_64-arm-none-eabi/bin/../lib/gcc/arm-none-eabi/14.3.1/thumb/v7e-m+fp/hard/crtbegin.o

.preinit_array  0x0800578c        0x0
                0x0800578c                        PROVIDE (__preinit_array_start = .)
 *(.preinit_array*)
                0x0800578c                        PROVIDE (__preinit_array_end = .)

.init_array     0x0800578c        0x4
                0x0800578c                        PROVIDE (__init_array_start = .)
 *(SORT_BY_NAME(.init_array.*))
 *(.init_array*)
 .init_array    0x0800578c        0x4 /opt/arm-gnu-toolchain-14.3.rel1-x86_64-arm-none-eabi/bin/../lib/gcc/arm-none-eabi/14.3.1/thumb/v7e-m+fp/hard/crtbegin.o
                0x08005790                        PROVIDE (__init_array_end = .)

.fini_array     0x08005790        0x4
                [!provide]                        PROVIDE (__fini_array_start = .)
 *(SORT_BY_NAME(.fini_array.*))
 *(.fini_array*)
 .fini_array    0x08005790        0x4 /opt/arm-gnu-toolchain-14.3.rel1-x86_64-arm-none-eabi/bin/../lib/gcc/arm-none-eabi/14.3.1/thumb/v7e-m+fp/hard/crtbegin.o
                [!provide]                        PROVIDE (__fini_array_end = .)
                0x08005794                        _sidata = LOADADDR (.data)

.data           0x20000000       0x60 load address 0x08005794
                0x20000000                        . = ALIGN (0x4)
                0x20000000                        _sdata = .
 *(.data)
 *(.data*)
 .data.__sglue  0x20000000        0xc /opt/arm-gnu-toolchain-14.3.rel1-x86_64-arm-none-eabi/bin/../lib/gcc/arm-none-eabi/14.3.1/../../../../arm-none-eabi/lib/thumb/v7e-m+fp/hard/libc_nano.a(libc_a-findfp.o)
                0x20000000                __sglue
 .data._impure_ptr
                0x2000000c        0x4 /opt/arm-gnu-toolchain-14.3.rel1-x86_64-arm-none-eabi/bin/../lib/gcc/arm-none-eabi/14.3.1/../../../../arm-none-eabi/lib/thumb/v7e-m+fp/hard/libc_nano.a(libc_a-impure.o)
                0x2000000c                _impure_ptr
 .data._impure_data
                0x20000010       0x4c /opt/arm-gnu-toolchain-14.3.rel1-x86_64-arm-none-eabi/bin/../lib/gcc/arm-none-eabi/14.3.1/../../../../arm-none-eabi/lib/thumb/v7e-m+fp/hard/libc_nano.a(libc_a-impure.o)
                0x20000010                _impure_data
 .data.SystemCoreClock
                0x2000005c        0x4 CMakeFiles/STM32F407_LCKFB.elf.dir/libraries/CMSIS/Device/ST/STM32F4xx/Source/Templates/system_stm32f4xx.c.o
                0x2000005c                SystemCoreClock
                0x20000060                        . = ALIGN (0x4)
                0x20000060                        _edata = .
                0x080057f4                        _siccmram = LOADADDR (.ccmram)

.tm_clone_table
                0x20000060        0x0 load address 0x080057f4
 .tm_clone_table
                0x20000060        0x0 /opt/arm-gnu-toolchain-14.3.rel1-x86_64-arm-none-eabi/bin/../lib/gcc/arm-none-eabi/14.3.1/thumb/v7e-m+fp/hard/crtbegin.o
 .tm_clone_table
                0x20000060        0x0 /opt/arm-gnu-toolchain-14.3.rel1-x86_64-arm-none-eabi/bin/../lib/gcc/arm-none-eabi/14.3.1/thumb/v7e-m+fp/hard/crtend.o

.igot.plt       0x20000060        0x0 load address 0x080057f4
 .igot.plt      0x20000060        0x0 /opt/arm-gnu-toolchain-14.3.rel1-x86_64-arm-none-eabi/bin/../lib/gcc/arm-none-eabi/14.3.1/thumb/v7e-m+fp/hard/crtbegin.o

.ccmram         0x10000000        0x0 load address 0x080057f4
                0x10000000                        . = ALIGN (0x4)
                0x10000000                        _sccmram = .
 *(.ccmram)
 *(.ccmram*)
                0x10000000                        . = ALIGN (0x4)
                0x10000000                        _eccmram = .
                0x10000000                        . = ALIGN (0x4)

.bss            0x20000060      0x7d0
                0x20000060                        _sbss = .
                0x20000060                        __bss_start__ = _sbss
 *(.bss)
 *(.bss*)
 .bss.completed.1
                0x20000060        0x1 /opt/arm-gnu-toolchain-14.3.rel1-x86_64-arm-none-eabi/bin/../lib/gcc/arm-none-eabi/14.3.1/thumb/v7e-m+fp/hard/crtbegin.o
 *fill*         0x20000061        0x3 
 .bss.object.0  0x20000064       0x18 /opt/arm-gnu-toolchain-14.3.rel1-x86_64-arm-none-eabi/bin/../lib/gcc/arm-none-eabi/14.3.1/thumb/v7e-m+fp/hard/crtbegin.o
 .bss.__sf      0x2000007c      0x138 /opt/arm-gnu-toolchain-14.3.rel1-x86_64-arm-none-eabi/bin/../lib/gcc/arm-none-eabi/14.3.1/../../../../arm-none-eabi/lib/thumb/v7e-m+fp/hard/libc_nano.a(libc_a-findfp.o)
                0x2000007c                __sf
 .bss.__stdio_exit_handler
                0x200001b4        0x4 /opt/arm-gnu-toolchain-14.3.rel1-x86_64-arm-none-eabi/bin/../lib/gcc/arm-none-eabi/14.3.1/../../../../arm-none-eabi/lib/thumb/v7e-m+fp/hard/libc_nano.a(libc_a-findfp.o)
                0x200001b4                __stdio_exit_handler
 .bss.errno     0x200001b8        0x4 /opt/arm-gnu-toolchain-14.3.rel1-x86_64-arm-none-eabi/bin/../lib/gcc/arm-none-eabi/14.3.1/../../../../arm-none-eabi/lib/thumb/v7e-m+fp/hard/libc_nano.a(libc_a-reent.o)
                0x200001b8                errno
 .bss.__lock___malloc_recursive_mutex
                0x200001bc        0x1 /opt/arm-gnu-toolchain-14.3.rel1-x86_64-arm-none-eabi/bin/../lib/gcc/arm-none-eabi/14.3.1/../../../../arm-none-eabi/lib/thumb/v7e-m+fp/hard/libc_nano.a(libc_a-lock.o)
                0x200001bc                __lock___malloc_recursive_mutex
 .bss.__lock___sfp_recursive_mutex
                0x200001bd        0x1 /opt/arm-gnu-toolchain-14.3.rel1-x86_64-arm-none-eabi/bin/../lib/gcc/arm-none-eabi/14.3.1/../../../../arm-none-eabi/lib/thumb/v7e-m+fp/hard/libc_nano.a(libc_a-lock.o)
                0x200001bd                __lock___sfp_recursive_mutex
 *fill*         0x200001be        0x2 
 .bss.__malloc_sbrk_start
                0x200001c0        0x4 /opt/arm-gnu-toolchain-14.3.rel1-x86_64-arm-none-eabi/bin/../lib/gcc/arm-none-eabi/14.3.1/../../../../arm-none-eabi/lib/thumb/v7e-m+fp/hard/libc_nano.a(libc_a-mallocr.o)
                0x200001c0                __malloc_sbrk_start
 .bss.__malloc_free_list
                0x200001c4        0x4 /opt/arm-gnu-toolchain-14.3.rel1-x86_64-arm-none-eabi/bin/../lib/gcc/arm-none-eabi/14.3.1/../../../../arm-none-eabi/lib/thumb/v7e-m+fp/hard/libc_nano.a(libc_a-mallocr.o)
                0x200001c4                __malloc_free_list
 .bss.usart1_rx_len
                0x200001c8        0x2 CMakeFiles/STM32F407_LCKFB.elf.dir/bsp/DMA/DMA_Init.c.o
                0x200001c8                usart1_rx_len
 *fill*         0x200001ca        0x2 
 .bss.DMA_USART_RX_BUF
                0x200001cc      0x208 CMakeFiles/STM32F407_LCKFB.elf.dir/bsp/DMA/DMA_Init.c.o
 .bss.DMA_USART_TX_BUF
                0x200003d4      0x208 CMakeFiles/STM32F407_LCKFB.elf.dir/bsp/DMA/DMA_Init.c.o
 .bss.test_data
                0x200005dc      0x24c CMakeFiles/STM32F407_LCKFB.elf.dir/bsp/Response/response.c.o
                0x200005dc                test_data
 .bss.Frame_it  0x20000828        0x1 CMakeFiles/STM32F407_LCKFB.elf.dir/bsp/Response/response.c.o
                0x20000828                Frame_it
 *fill*         0x20000829        0x3 
 .bss.heap_end.0
                0x2000082c        0x4 /opt/arm-gnu-toolchain-14.3.rel1-x86_64-arm-none-eabi/bin/../lib/gcc/arm-none-eabi/14.3.1/../../../../arm-none-eabi/lib/thumb/v7e-m+fp/hard/libnosys.a(sbrk.o)
 *(COMMON)
                0x20000830                        . = ALIGN (0x4)
                0x20000830                        _ebss = .
                0x20000830                        __bss_end__ = _ebss

._user_heap_stack
                0x20000830      0xc00
                0x20000830                        . = ALIGN (0x8)
                0x20000830                        PROVIDE (end = .)
                [!provide]                        PROVIDE (_end = .)
                0x20000c30                        . = (. + _Min_Heap_Size)
 *fill*         0x20000830      0x400 
                0x20001430                        . = (. + _Min_Stack_Size)
 *fill*         0x20000c30      0x800 
                0x20001430                        . = ALIGN (0x8)

/DISCARD/
 libc.a(*)
 libm.a(*)
 libgcc.a(*)

.ARM.attributes
                0x00000000       0x30
 *(.ARM.attributes)
 .ARM.attributes
                0x00000000       0x22 /opt/arm-gnu-toolchain-14.3.rel1-x86_64-arm-none-eabi/bin/../lib/gcc/arm-none-eabi/14.3.1/thumb/v7e-m+fp/hard/crti.o
 .ARM.attributes
                0x00000022       0x34 /opt/arm-gnu-toolchain-14.3.rel1-x86_64-arm-none-eabi/bin/../lib/gcc/arm-none-eabi/14.3.1/thumb/v7e-m+fp/hard/crtbegin.o
 .ARM.attributes
                0x00000056       0x34 /opt/arm-gnu-toolchain-14.3.rel1-x86_64-arm-none-eabi/bin/../lib/gcc/arm-none-eabi/14.3.1/../../../../arm-none-eabi/lib/thumb/v7e-m+fp/hard/libc_nano.a(libc_a-findfp.o)
 .ARM.attributes
                0x0000008a       0x34 /opt/arm-gnu-toolchain-14.3.rel1-x86_64-arm-none-eabi/bin/../lib/gcc/arm-none-eabi/14.3.1/../../../../arm-none-eabi/lib/thumb/v7e-m+fp/hard/libc_nano.a(libc_a-fwalk.o)
 .ARM.attributes
                0x000000be       0x34 /opt/arm-gnu-toolchain-14.3.rel1-x86_64-arm-none-eabi/bin/../lib/gcc/arm-none-eabi/14.3.1/../../../../arm-none-eabi/lib/thumb/v7e-m+fp/hard/libc_nano.a(libc_a-stdio.o)
 .ARM.attributes
                0x000000f2       0x34 /opt/arm-gnu-toolchain-14.3.rel1-x86_64-arm-none-eabi/bin/../lib/gcc/arm-none-eabi/14.3.1/../../../../arm-none-eabi/lib/thumb/v7e-m+fp/hard/libc_nano.a(libc_a-memset.o)
 .ARM.attributes
                0x00000126       0x34 /opt/arm-gnu-toolchain-14.3.rel1-x86_64-arm-none-eabi/bin/../lib/gcc/arm-none-eabi/14.3.1/../../../../arm-none-eabi/lib/thumb/v7e-m+fp/hard/libc_nano.a(libc_a-closer.o)
 .ARM.attributes
                0x0000015a       0x34 /opt/arm-gnu-toolchain-14.3.rel1-x86_64-arm-none-eabi/bin/../lib/gcc/arm-none-eabi/14.3.1/../../../../arm-none-eabi/lib/thumb/v7e-m+fp/hard/libc_nano.a(libc_a-reent.o)
 .ARM.attributes
                0x0000018e       0x34 /opt/arm-gnu-toolchain-14.3.rel1-x86_64-arm-none-eabi/bin/../lib/gcc/arm-none-eabi/14.3.1/../../../../arm-none-eabi/lib/thumb/v7e-m+fp/hard/libc_nano.a(libc_a-impure.o)
 .ARM.attributes
                0x000001c2       0x34 /opt/arm-gnu-toolchain-14.3.rel1-x86_64-arm-none-eabi/bin/../lib/gcc/arm-none-eabi/14.3.1/../../../../arm-none-eabi/lib/thumb/v7e-m+fp/hard/libc_nano.a(libc_a-lseekr.o)
 .ARM.attributes
                0x000001f6       0x34 /opt/arm-gnu-toolchain-14.3.rel1-x86_64-arm-none-eabi/bin/../lib/gcc/arm-none-eabi/14.3.1/../../../../arm-none-eabi/lib/thumb/v7e-m+fp/hard/libc_nano.a(libc_a-readr.o)
 .ARM.attributes
                0x0000022a       0x34 /opt/arm-gnu-toolchain-14.3.rel1-x86_64-arm-none-eabi/bin/../lib/gcc/arm-none-eabi/14.3.1/../../../../arm-none-eabi/lib/thumb/v7e-m+fp/hard/libc_nano.a(libc_a-writer.o)
 .ARM.attributes
                0x0000025e       0x34 /opt/arm-gnu-toolchain-14.3.rel1-x86_64-arm-none-eabi/bin/../lib/gcc/arm-none-eabi/14.3.1/../../../../arm-none-eabi/lib/thumb/v7e-m+fp/hard/libc_nano.a(libc_a-init.o)
 .ARM.attributes
                0x00000292       0x34 /opt/arm-gnu-toolchain-14.3.rel1-x86_64-arm-none-eabi/bin/../lib/gcc/arm-none-eabi/14.3.1/../../../../arm-none-eabi/lib/thumb/v7e-m+fp/hard/libc_nano.a(libc_a-lock.o)
 .ARM.attributes
                0x000002c6       0x34 /opt/arm-gnu-toolchain-14.3.rel1-x86_64-arm-none-eabi/bin/../lib/gcc/arm-none-eabi/14.3.1/../../../../arm-none-eabi/lib/thumb/v7e-m+fp/hard/libc_nano.a(libc_a-freer.o)
 .ARM.attributes
                0x000002fa       0x34 /opt/arm-gnu-toolchain-14.3.rel1-x86_64-arm-none-eabi/bin/../lib/gcc/arm-none-eabi/14.3.1/../../../../arm-none-eabi/lib/thumb/v7e-m+fp/hard/libc_nano.a(libc_a-mallocr.o)
 .ARM.attributes
                0x0000032e       0x34 /opt/arm-gnu-toolchain-14.3.rel1-x86_64-arm-none-eabi/bin/../lib/gcc/arm-none-eabi/14.3.1/../../../../arm-none-eabi/lib/thumb/v7e-m+fp/hard/libc_nano.a(libc_a-mlock.o)
 .ARM.attributes
                0x00000362       0x34 /opt/arm-gnu-toolchain-14.3.rel1-x86_64-arm-none-eabi/bin/../lib/gcc/arm-none-eabi/14.3.1/../../../../arm-none-eabi/lib/thumb/v7e-m+fp/hard/libc_nano.a(libc_a-fflush.o)
 .ARM.attributes
                0x00000396       0x34 /opt/arm-gnu-toolchain-14.3.rel1-x86_64-arm-none-eabi/bin/../lib/gcc/arm-none-eabi/14.3.1/../../../../arm-none-eabi/lib/thumb/v7e-m+fp/hard/libc_nano.a(libc_a-sbrkr.o)
 .ARM.attributes
                0x000003ca       0x34 CMakeFiles/STM32F407_LCKFB.elf.dir/PeripheralModule/OV2640/OV2640_DCMI_Init.c.o
 .ARM.attributes
                0x000003fe       0x34 CMakeFiles/STM32F407_LCKFB.elf.dir/PeripheralModule/OV2640/OV2640_DMA_Init.c.o
 .ARM.attributes
                0x00000432       0x34 CMakeFiles/STM32F407_LCKFB.elf.dir/PeripheralModule/OV2640/OV2640_init.c.o
 .ARM.attributes
                0x00000466       0x34 CMakeFiles/STM32F407_LCKFB.elf.dir/PeripheralModule/SPI_Screen/SPI_Screen_init.c.o
 .ARM.attributes
                0x0000049a       0x34 CMakeFiles/STM32F407_LCKFB.elf.dir/app/main.c.o
 .ARM.attributes
                0x000004ce       0x34 CMakeFiles/STM32F407_LCKFB.elf.dir/board/board.c.o
 .ARM.attributes
                0x00000502       0x34 CMakeFiles/STM32F407_LCKFB.elf.dir/bsp/DMA/DMA_Init.c.o
 .ARM.attributes
                0x00000536       0x34 CMakeFiles/STM32F407_LCKFB.elf.dir/bsp/I2C/i2c_handle.c.o
 .ARM.attributes
                0x0000056a       0x34 CMakeFiles/STM32F407_LCKFB.elf.dir/bsp/I2C/i2c_init.c.o
 .ARM.attributes
                0x0000059e       0x34 CMakeFiles/STM32F407_LCKFB.elf.dir/bsp/NVIC/NVIC_Init.c.o
 .ARM.attributes
                0x000005d2       0x34 CMakeFiles/STM32F407_LCKFB.elf.dir/bsp/Response/response.c.o
 .ARM.attributes
                0x00000606       0x34 CMakeFiles/STM32F407_LCKFB.elf.dir/bsp/SPI/spi_init.c.o
 .ARM.attributes
                0x0000063a       0x34 CMakeFiles/STM32F407_LCKFB.elf.dir/bsp/uart/bsp_uart.c.o
 .ARM.attributes
                0x0000066e       0x34 CMakeFiles/STM32F407_LCKFB.elf.dir/libraries/CMSIS/Device/ST/STM32F4xx/Source/Templates/system_stm32f4xx.c.o
 .ARM.attributes
                0x000006a2       0x34 CMakeFiles/STM32F407_LCKFB.elf.dir/libraries/STM32F4xx_StdPeriph_Driver/src/misc.c.o
 .ARM.attributes
                0x000006d6       0x34 CMakeFiles/STM32F407_LCKFB.elf.dir/libraries/STM32F4xx_StdPeriph_Driver/src/stm32f4xx_dcmi.c.o
 .ARM.attributes
                0x0000070a       0x34 CMakeFiles/STM32F407_LCKFB.elf.dir/libraries/STM32F4xx_StdPeriph_Driver/src/stm32f4xx_dma.c.o
 .ARM.attributes
                0x0000073e       0x34 CMakeFiles/STM32F407_LCKFB.elf.dir/libraries/STM32F4xx_StdPeriph_Driver/src/stm32f4xx_gpio.c.o
 .ARM.attributes
                0x00000772       0x34 CMakeFiles/STM32F407_LCKFB.elf.dir/libraries/STM32F4xx_StdPeriph_Driver/src/stm32f4xx_i2c.c.o
 .ARM.attributes
                0x000007a6       0x34 CMakeFiles/STM32F407_LCKFB.elf.dir/libraries/STM32F4xx_StdPeriph_Driver/src/stm32f4xx_rcc.c.o
 .ARM.attributes
                0x000007da       0x34 CMakeFiles/STM32F407_LCKFB.elf.dir/libraries/STM32F4xx_StdPeriph_Driver/src/stm32f4xx_spi.c.o
 .ARM.attributes
                0x0000080e       0x34 CMakeFiles/STM32F407_LCKFB.elf.dir/libraries/STM32F4xx_StdPeriph_Driver/src/stm32f4xx_usart.c.o
 .ARM.attributes
                0x00000842       0x34 CMakeFiles/STM32F407_LCKFB.elf.dir/module/stm32f4xx_it.c.o
 .ARM.attributes
                0x00000876       0x21 CMakeFiles/STM32F407_LCKFB.elf.dir/libraries/CMSIS/Device/ST/STM32F4xx/Source/Templates/arm/startup_stm32f407xx.s.o
 .ARM.attributes
                0x00000897       0x34 /opt/arm-gnu-toolchain-14.3.rel1-x86_64-arm-none-eabi/bin/../lib/gcc/arm-none-eabi/14.3.1/../../../../arm-none-eabi/lib/thumb/v7e-m+fp/hard/libg_nano.a(libc_a-printf.o)
 .ARM.attributes
                0x000008cb       0x34 /opt/arm-gnu-toolchain-14.3.rel1-x86_64-arm-none-eabi/bin/../lib/gcc/arm-none-eabi/14.3.1/../../../../arm-none-eabi/lib/thumb/v7e-m+fp/hard/libg_nano.a(libc_a-errno.o)
 .ARM.attributes
                0x000008ff       0x34 /opt/arm-gnu-toolchain-14.3.rel1-x86_64-arm-none-eabi/bin/../lib/gcc/arm-none-eabi/14.3.1/../../../../arm-none-eabi/lib/thumb/v7e-m+fp/hard/libg_nano.a(libc_a-memcpy-stub.o)
 .ARM.attributes
                0x00000933       0x34 /opt/arm-gnu-toolchain-14.3.rel1-x86_64-arm-none-eabi/bin/../lib/gcc/arm-none-eabi/14.3.1/../../../../arm-none-eabi/lib/thumb/v7e-m+fp/hard/libg_nano.a(libc_a-nano-vfprintf.o)
 .ARM.attributes
                0x00000967       0x34 /opt/arm-gnu-toolchain-14.3.rel1-x86_64-arm-none-eabi/bin/../lib/gcc/arm-none-eabi/14.3.1/../../../../arm-none-eabi/lib/thumb/v7e-m+fp/hard/libg_nano.a(libc_a-nano-vfprintf_i.o)
 .ARM.attributes
                0x0000099b       0x34 /opt/arm-gnu-toolchain-14.3.rel1-x86_64-arm-none-eabi/bin/../lib/gcc/arm-none-eabi/14.3.1/../../../../arm-none-eabi/lib/thumb/v7e-m+fp/hard/libg_nano.a(libc_a-wbuf.o)
 .ARM.attributes
                0x000009cf       0x34 /opt/arm-gnu-toolchain-14.3.rel1-x86_64-arm-none-eabi/bin/../lib/gcc/arm-none-eabi/14.3.1/../../../../arm-none-eabi/lib/thumb/v7e-m+fp/hard/libg_nano.a(libc_a-wsetup.o)
 .ARM.attributes
                0x00000a03       0x1c /opt/arm-gnu-toolchain-14.3.rel1-x86_64-arm-none-eabi/bin/../lib/gcc/arm-none-eabi/14.3.1/../../../../arm-none-eabi/lib/thumb/v7e-m+fp/hard/libg_nano.a(libc_a-memchr.o)
 .ARM.attributes
                0x00000a1f       0x34 /opt/arm-gnu-toolchain-14.3.rel1-x86_64-arm-none-eabi/bin/../lib/gcc/arm-none-eabi/14.3.1/../../../../arm-none-eabi/lib/thumb/v7e-m+fp/hard/libg_nano.a(libc_a-makebuf.o)
 .ARM.attributes
                0x00000a53       0x34 /opt/arm-gnu-toolchain-14.3.rel1-x86_64-arm-none-eabi/bin/../lib/gcc/arm-none-eabi/14.3.1/../../../../arm-none-eabi/lib/thumb/v7e-m+fp/hard/libg_nano.a(libc_a-fstatr.o)
 .ARM.attributes
                0x00000a87       0x34 /opt/arm-gnu-toolchain-14.3.rel1-x86_64-arm-none-eabi/bin/../lib/gcc/arm-none-eabi/14.3.1/../../../../arm-none-eabi/lib/thumb/v7e-m+fp/hard/libg_nano.a(libc_a-isattyr.o)
 .ARM.attributes
                0x00000abb       0x34 /opt/arm-gnu-toolchain-14.3.rel1-x86_64-arm-none-eabi/bin/../lib/gcc/arm-none-eabi/14.3.1/../../../../arm-none-eabi/lib/thumb/v7e-m+fp/hard/libnosys.a(close.o)
 .ARM.attributes
                0x00000aef       0x34 /opt/arm-gnu-toolchain-14.3.rel1-x86_64-arm-none-eabi/bin/../lib/gcc/arm-none-eabi/14.3.1/../../../../arm-none-eabi/lib/thumb/v7e-m+fp/hard/libnosys.a(fstat.o)
 .ARM.attributes
                0x00000b23       0x34 /opt/arm-gnu-toolchain-14.3.rel1-x86_64-arm-none-eabi/bin/../lib/gcc/arm-none-eabi/14.3.1/../../../../arm-none-eabi/lib/thumb/v7e-m+fp/hard/libnosys.a(lseek.o)
 .ARM.attributes
                0x00000b57       0x34 /opt/arm-gnu-toolchain-14.3.rel1-x86_64-arm-none-eabi/bin/../lib/gcc/arm-none-eabi/14.3.1/../../../../arm-none-eabi/lib/thumb/v7e-m+fp/hard/libnosys.a(read.o)
 .ARM.attributes
                0x00000b8b       0x34 /opt/arm-gnu-toolchain-14.3.rel1-x86_64-arm-none-eabi/bin/../lib/gcc/arm-none-eabi/14.3.1/../../../../arm-none-eabi/lib/thumb/v7e-m+fp/hard/libnosys.a(sbrk.o)
 .ARM.attributes
                0x00000bbf       0x34 /opt/arm-gnu-toolchain-14.3.rel1-x86_64-arm-none-eabi/bin/../lib/gcc/arm-none-eabi/14.3.1/thumb/v7e-m+fp/hard/crtend.o
 .ARM.attributes
                0x00000bf3       0x22 /opt/arm-gnu-toolchain-14.3.rel1-x86_64-arm-none-eabi/bin/../lib/gcc/arm-none-eabi/14.3.1/thumb/v7e-m+fp/hard/crtn.o
OUTPUT(STM32F407_LCKFB.elf elf32-littlearm)
LOAD linker stubs
LOAD /opt/arm-gnu-toolchain-14.3.rel1-x86_64-arm-none-eabi/bin/../lib/gcc/arm-none-eabi/14.3.1/../../../../arm-none-eabi/lib/thumb/v7e-m+fp/hard/libc.a
LOAD /opt/arm-gnu-toolchain-14.3.rel1-x86_64-arm-none-eabi/bin/../lib/gcc/arm-none-eabi/14.3.1/../../../../arm-none-eabi/lib/thumb/v7e-m+fp/hard/libm.a
LOAD /opt/arm-gnu-toolchain-14.3.rel1-x86_64-arm-none-eabi/bin/../lib/gcc/arm-none-eabi/14.3.1/thumb/v7e-m+fp/hard/libgcc.a

.debug_frame    0x00000000     0x33b0
 .debug_frame   0x00000000      0x144 /opt/arm-gnu-toolchain-14.3.rel1-x86_64-arm-none-eabi/bin/../lib/gcc/arm-none-eabi/14.3.1/../../../../arm-none-eabi/lib/thumb/v7e-m+fp/hard/libc_nano.a(libc_a-findfp.o)
 .debug_frame   0x00000144       0x34 /opt/arm-gnu-toolchain-14.3.rel1-x86_64-arm-none-eabi/bin/../lib/gcc/arm-none-eabi/14.3.1/../../../../arm-none-eabi/lib/thumb/v7e-m+fp/hard/libc_nano.a(libc_a-fwalk.o)
 .debug_frame   0x00000178       0x88 /opt/arm-gnu-toolchain-14.3.rel1-x86_64-arm-none-eabi/bin/../lib/gcc/arm-none-eabi/14.3.1/../../../../arm-none-eabi/lib/thumb/v7e-m+fp/hard/libc_nano.a(libc_a-stdio.o)
 .debug_frame   0x00000200       0x20 /opt/arm-gnu-toolchain-14.3.rel1-x86_64-arm-none-eabi/bin/../lib/gcc/arm-none-eabi/14.3.1/../../../../arm-none-eabi/lib/thumb/v7e-m+fp/hard/libc_nano.a(libc_a-memset.o)
 .debug_frame   0x00000220       0x2c /opt/arm-gnu-toolchain-14.3.rel1-x86_64-arm-none-eabi/bin/../lib/gcc/arm-none-eabi/14.3.1/../../../../arm-none-eabi/lib/thumb/v7e-m+fp/hard/libc_nano.a(libc_a-closer.o)
 .debug_frame   0x0000024c       0x38 /opt/arm-gnu-toolchain-14.3.rel1-x86_64-arm-none-eabi/bin/../lib/gcc/arm-none-eabi/14.3.1/../../../../arm-none-eabi/lib/thumb/v7e-m+fp/hard/libc_nano.a(libc_a-reent.o)
 .debug_frame   0x00000284       0x2c /opt/arm-gnu-toolchain-14.3.rel1-x86_64-arm-none-eabi/bin/../lib/gcc/arm-none-eabi/14.3.1/../../../../arm-none-eabi/lib/thumb/v7e-m+fp/hard/libc_nano.a(libc_a-lseekr.o)
 .debug_frame   0x000002b0       0x2c /opt/arm-gnu-toolchain-14.3.rel1-x86_64-arm-none-eabi/bin/../lib/gcc/arm-none-eabi/14.3.1/../../../../arm-none-eabi/lib/thumb/v7e-m+fp/hard/libc_nano.a(libc_a-readr.o)
 .debug_frame   0x000002dc       0x2c /opt/arm-gnu-toolchain-14.3.rel1-x86_64-arm-none-eabi/bin/../lib/gcc/arm-none-eabi/14.3.1/../../../../arm-none-eabi/lib/thumb/v7e-m+fp/hard/libc_nano.a(libc_a-writer.o)
 .debug_frame   0x00000308       0x2c /opt/arm-gnu-toolchain-14.3.rel1-x86_64-arm-none-eabi/bin/../lib/gcc/arm-none-eabi/14.3.1/../../../../arm-none-eabi/lib/thumb/v7e-m+fp/hard/libc_nano.a(libc_a-init.o)
 .debug_frame   0x00000334       0xb0 /opt/arm-gnu-toolchain-14.3.rel1-x86_64-arm-none-eabi/bin/../lib/gcc/arm-none-eabi/14.3.1/../../../../arm-none-eabi/lib/thumb/v7e-m+fp/hard/libc_nano.a(libc_a-lock.o)
 .debug_frame   0x000003e4       0x38 /opt/arm-gnu-toolchain-14.3.rel1-x86_64-arm-none-eabi/bin/../lib/gcc/arm-none-eabi/14.3.1/../../../../arm-none-eabi/lib/thumb/v7e-m+fp/hard/libc_nano.a(libc_a-freer.o)
 .debug_frame   0x0000041c       0x50 /opt/arm-gnu-toolchain-14.3.rel1-x86_64-arm-none-eabi/bin/../lib/gcc/arm-none-eabi/14.3.1/../../../../arm-none-eabi/lib/thumb/v7e-m+fp/hard/libc_nano.a(libc_a-mallocr.o)
 .debug_frame   0x0000046c       0x30 /opt/arm-gnu-toolchain-14.3.rel1-x86_64-arm-none-eabi/bin/../lib/gcc/arm-none-eabi/14.3.1/../../../../arm-none-eabi/lib/thumb/v7e-m+fp/hard/libc_nano.a(libc_a-mlock.o)
 .debug_frame   0x0000049c       0x5c /opt/arm-gnu-toolchain-14.3.rel1-x86_64-arm-none-eabi/bin/../lib/gcc/arm-none-eabi/14.3.1/../../../../arm-none-eabi/lib/thumb/v7e-m+fp/hard/libc_nano.a(libc_a-fflush.o)
 .debug_frame   0x000004f8       0x2c /opt/arm-gnu-toolchain-14.3.rel1-x86_64-arm-none-eabi/bin/../lib/gcc/arm-none-eabi/14.3.1/../../../../arm-none-eabi/lib/thumb/v7e-m+fp/hard/libc_nano.a(libc_a-sbrkr.o)
 .debug_frame   0x00000524       0x74 CMakeFiles/STM32F407_LCKFB.elf.dir/PeripheralModule/OV2640/OV2640_DCMI_Init.c.o
 .debug_frame   0x00000598       0x34 CMakeFiles/STM32F407_LCKFB.elf.dir/PeripheralModule/OV2640/OV2640_DMA_Init.c.o
 .debug_frame   0x000005cc       0xe4 CMakeFiles/STM32F407_LCKFB.elf.dir/PeripheralModule/OV2640/OV2640_init.c.o
 .debug_frame   0x000006b0      0x1c0 CMakeFiles/STM32F407_LCKFB.elf.dir/PeripheralModule/SPI_Screen/SPI_Screen_init.c.o
 .debug_frame   0x00000870       0x38 CMakeFiles/STM32F407_LCKFB.elf.dir/app/main.c.o
 .debug_frame   0x000008a8       0xc0 CMakeFiles/STM32F407_LCKFB.elf.dir/board/board.c.o
 .debug_frame   0x00000968       0x7c CMakeFiles/STM32F407_LCKFB.elf.dir/bsp/DMA/DMA_Init.c.o
 .debug_frame   0x000009e4      0x208 CMakeFiles/STM32F407_LCKFB.elf.dir/bsp/I2C/i2c_handle.c.o
 .debug_frame   0x00000bec       0x78 CMakeFiles/STM32F407_LCKFB.elf.dir/bsp/I2C/i2c_init.c.o
 .debug_frame   0x00000c64       0x34 CMakeFiles/STM32F407_LCKFB.elf.dir/bsp/NVIC/NVIC_Init.c.o
 .debug_frame   0x00000c98       0xf0 CMakeFiles/STM32F407_LCKFB.elf.dir/bsp/Response/response.c.o
 .debug_frame   0x00000d88      0x108 CMakeFiles/STM32F407_LCKFB.elf.dir/bsp/SPI/spi_init.c.o
 .debug_frame   0x00000e90       0xc8 CMakeFiles/STM32F407_LCKFB.elf.dir/bsp/uart/bsp_uart.c.o
 .debug_frame   0x00000f58       0x7c CMakeFiles/STM32F407_LCKFB.elf.dir/libraries/CMSIS/Device/ST/STM32F4xx/Source/Templates/system_stm32f4xx.c.o
 .debug_frame   0x00000fd4       0xd8 CMakeFiles/STM32F407_LCKFB.elf.dir/libraries/STM32F4xx_StdPeriph_Driver/src/misc.c.o
 .debug_frame   0x000010ac      0x258 CMakeFiles/STM32F407_LCKFB.elf.dir/libraries/STM32F4xx_StdPeriph_Driver/src/stm32f4xx_dcmi.c.o
 .debug_frame   0x00001304      0x308 CMakeFiles/STM32F407_LCKFB.elf.dir/libraries/STM32F4xx_StdPeriph_Driver/src/stm32f4xx_dma.c.o
 .debug_frame   0x0000160c      0x23c CMakeFiles/STM32F407_LCKFB.elf.dir/libraries/STM32F4xx_StdPeriph_Driver/src/stm32f4xx_gpio.c.o
 .debug_frame   0x00001848      0x580 CMakeFiles/STM32F407_LCKFB.elf.dir/libraries/STM32F4xx_StdPeriph_Driver/src/stm32f4xx_i2c.c.o
 .debug_frame   0x00001dc8      0x83c CMakeFiles/STM32F407_LCKFB.elf.dir/libraries/STM32F4xx_StdPeriph_Driver/src/stm32f4xx_rcc.c.o
 .debug_frame   0x00002604      0x3f4 CMakeFiles/STM32F407_LCKFB.elf.dir/libraries/STM32F4xx_StdPeriph_Driver/src/stm32f4xx_spi.c.o
 .debug_frame   0x000029f8      0x490 CMakeFiles/STM32F407_LCKFB.elf.dir/libraries/STM32F4xx_StdPeriph_Driver/src/stm32f4xx_usart.c.o
 .debug_frame   0x00002e88      0x164 CMakeFiles/STM32F407_LCKFB.elf.dir/module/stm32f4xx_it.c.o
 .debug_frame   0x00002fec       0x6c /opt/arm-gnu-toolchain-14.3.rel1-x86_64-arm-none-eabi/bin/../lib/gcc/arm-none-eabi/14.3.1/../../../../arm-none-eabi/lib/thumb/v7e-m+fp/hard/libg_nano.a(libc_a-printf.o)
 .debug_frame   0x00003058       0x20 /opt/arm-gnu-toolchain-14.3.rel1-x86_64-arm-none-eabi/bin/../lib/gcc/arm-none-eabi/14.3.1/../../../../arm-none-eabi/lib/thumb/v7e-m+fp/hard/libg_nano.a(libc_a-errno.o)
 .debug_frame   0x00003078       0x28 /opt/arm-gnu-toolchain-14.3.rel1-x86_64-arm-none-eabi/bin/../lib/gcc/arm-none-eabi/14.3.1/../../../../arm-none-eabi/lib/thumb/v7e-m+fp/hard/libg_nano.a(libc_a-memcpy-stub.o)
 .debug_frame   0x000030a0       0xa8 /opt/arm-gnu-toolchain-14.3.rel1-x86_64-arm-none-eabi/bin/../lib/gcc/arm-none-eabi/14.3.1/../../../../arm-none-eabi/lib/thumb/v7e-m+fp/hard/libg_nano.a(libc_a-nano-vfprintf.o)
 .debug_frame   0x00003148       0x60 /opt/arm-gnu-toolchain-14.3.rel1-x86_64-arm-none-eabi/bin/../lib/gcc/arm-none-eabi/14.3.1/../../../../arm-none-eabi/lib/thumb/v7e-m+fp/hard/libg_nano.a(libc_a-nano-vfprintf_i.o)
 .debug_frame   0x000031a8       0x40 /opt/arm-gnu-toolchain-14.3.rel1-x86_64-arm-none-eabi/bin/../lib/gcc/arm-none-eabi/14.3.1/../../../../arm-none-eabi/lib/thumb/v7e-m+fp/hard/libg_nano.a(libc_a-wbuf.o)
 .debug_frame   0x000031e8       0x2c /opt/arm-gnu-toolchain-14.3.rel1-x86_64-arm-none-eabi/bin/../lib/gcc/arm-none-eabi/14.3.1/../../../../arm-none-eabi/lib/thumb/v7e-m+fp/hard/libg_nano.a(libc_a-wsetup.o)
 .debug_frame   0x00003214       0x4c /opt/arm-gnu-toolchain-14.3.rel1-x86_64-arm-none-eabi/bin/../lib/gcc/arm-none-eabi/14.3.1/../../../../arm-none-eabi/lib/thumb/v7e-m+fp/hard/libg_nano.a(libc_a-memchr.o)
 .debug_frame   0x00003260       0x58 /opt/arm-gnu-toolchain-14.3.rel1-x86_64-arm-none-eabi/bin/../lib/gcc/arm-none-eabi/14.3.1/../../../../arm-none-eabi/lib/thumb/v7e-m+fp/hard/libg_nano.a(libc_a-makebuf.o)
 .debug_frame   0x000032b8       0x2c /opt/arm-gnu-toolchain-14.3.rel1-x86_64-arm-none-eabi/bin/../lib/gcc/arm-none-eabi/14.3.1/../../../../arm-none-eabi/lib/thumb/v7e-m+fp/hard/libg_nano.a(libc_a-fstatr.o)
 .debug_frame   0x000032e4       0x2c /opt/arm-gnu-toolchain-14.3.rel1-x86_64-arm-none-eabi/bin/../lib/gcc/arm-none-eabi/14.3.1/../../../../arm-none-eabi/lib/thumb/v7e-m+fp/hard/libg_nano.a(libc_a-isattyr.o)
 .debug_frame   0x00003310       0x20 /opt/arm-gnu-toolchain-14.3.rel1-x86_64-arm-none-eabi/bin/../lib/gcc/arm-none-eabi/14.3.1/../../../../arm-none-eabi/lib/thumb/v7e-m+fp/hard/libnosys.a(close.o)
 .debug_frame   0x00003330       0x20 /opt/arm-gnu-toolchain-14.3.rel1-x86_64-arm-none-eabi/bin/../lib/gcc/arm-none-eabi/14.3.1/../../../../arm-none-eabi/lib/thumb/v7e-m+fp/hard/libnosys.a(fstat.o)
 .debug_frame   0x00003350       0x20 /opt/arm-gnu-toolchain-14.3.rel1-x86_64-arm-none-eabi/bin/../lib/gcc/arm-none-eabi/14.3.1/../../../../arm-none-eabi/lib/thumb/v7e-m+fp/hard/libnosys.a(lseek.o)
 .debug_frame   0x00003370       0x20 /opt/arm-gnu-toolchain-14.3.rel1-x86_64-arm-none-eabi/bin/../lib/gcc/arm-none-eabi/14.3.1/../../../../arm-none-eabi/lib/thumb/v7e-m+fp/hard/libnosys.a(read.o)
 .debug_frame   0x00003390       0x20 /opt/arm-gnu-toolchain-14.3.rel1-x86_64-arm-none-eabi/bin/../lib/gcc/arm-none-eabi/14.3.1/../../../../arm-none-eabi/lib/thumb/v7e-m+fp/hard/libnosys.a(sbrk.o)

.debug_info     0x00000000     0x9480
 .debug_info    0x00000000      0x42f CMakeFiles/STM32F407_LCKFB.elf.dir/PeripheralModule/OV2640/OV2640_DCMI_Init.c.o
 .debug_info    0x0000042f      0x302 CMakeFiles/STM32F407_LCKFB.elf.dir/PeripheralModule/OV2640/OV2640_DMA_Init.c.o
 .debug_info    0x00000731      0x3b4 CMakeFiles/STM32F407_LCKFB.elf.dir/PeripheralModule/OV2640/OV2640_init.c.o
 .debug_info    0x00000ae5      0x767 CMakeFiles/STM32F407_LCKFB.elf.dir/PeripheralModule/SPI_Screen/SPI_Screen_init.c.o
 .debug_info    0x0000124c      0x78a CMakeFiles/STM32F407_LCKFB.elf.dir/app/main.c.o
 .debug_info    0x000019d6      0x383 CMakeFiles/STM32F407_LCKFB.elf.dir/board/board.c.o
 .debug_info    0x00001d59      0x426 CMakeFiles/STM32F407_LCKFB.elf.dir/bsp/DMA/DMA_Init.c.o
 .debug_info    0x0000217f      0x886 CMakeFiles/STM32F407_LCKFB.elf.dir/bsp/I2C/i2c_handle.c.o
 .debug_info    0x00002a05      0x4fa CMakeFiles/STM32F407_LCKFB.elf.dir/bsp/I2C/i2c_init.c.o
 .debug_info    0x00002eff      0x387 CMakeFiles/STM32F407_LCKFB.elf.dir/bsp/NVIC/NVIC_Init.c.o
 .debug_info    0x00003286      0x5db CMakeFiles/STM32F407_LCKFB.elf.dir/bsp/Response/response.c.o
 .debug_info    0x00003861      0x5e7 CMakeFiles/STM32F407_LCKFB.elf.dir/bsp/SPI/spi_init.c.o
 .debug_info    0x00003e48      0x6af CMakeFiles/STM32F407_LCKFB.elf.dir/bsp/uart/bsp_uart.c.o
 .debug_info    0x000044f7      0x5f5 CMakeFiles/STM32F407_LCKFB.elf.dir/libraries/CMSIS/Device/ST/STM32F4xx/Source/Templates/system_stm32f4xx.c.o
 .debug_info    0x00004aec      0x4fa CMakeFiles/STM32F407_LCKFB.elf.dir/libraries/STM32F4xx_StdPeriph_Driver/src/misc.c.o
 .debug_info    0x00004fe6      0x51a CMakeFiles/STM32F407_LCKFB.elf.dir/libraries/STM32F4xx_StdPeriph_Driver/src/stm32f4xx_dcmi.c.o
 .debug_info    0x00005500      0x6f3 CMakeFiles/STM32F407_LCKFB.elf.dir/libraries/STM32F4xx_StdPeriph_Driver/src/stm32f4xx_dma.c.o
 .debug_info    0x00005bf3      0x5fb CMakeFiles/STM32F407_LCKFB.elf.dir/libraries/STM32F4xx_StdPeriph_Driver/src/stm32f4xx_gpio.c.o
 .debug_info    0x000061ee      0xb6a CMakeFiles/STM32F407_LCKFB.elf.dir/libraries/STM32F4xx_StdPeriph_Driver/src/stm32f4xx_i2c.c.o
 .debug_info    0x00006d58      0xde4 CMakeFiles/STM32F407_LCKFB.elf.dir/libraries/STM32F4xx_StdPeriph_Driver/src/stm32f4xx_rcc.c.o
 .debug_info    0x00007b3c      0xaef CMakeFiles/STM32F407_LCKFB.elf.dir/libraries/STM32F4xx_StdPeriph_Driver/src/stm32f4xx_spi.c.o
 .debug_info    0x0000862b      0x9c2 CMakeFiles/STM32F407_LCKFB.elf.dir/libraries/STM32F4xx_StdPeriph_Driver/src/stm32f4xx_usart.c.o
 .debug_info    0x00008fed      0x463 CMakeFiles/STM32F407_LCKFB.elf.dir/module/stm32f4xx_it.c.o
 .debug_info    0x00009450       0x30 CMakeFiles/STM32F407_LCKFB.elf.dir/libraries/CMSIS/Device/ST/STM32F4xx/Source/Templates/arm/startup_stm32f407xx.s.o

.debug_abbrev   0x00000000     0x2809
 .debug_abbrev  0x00000000      0x182 CMakeFiles/STM32F407_LCKFB.elf.dir/PeripheralModule/OV2640/OV2640_DCMI_Init.c.o
 .debug_abbrev  0x00000182      0x12e CMakeFiles/STM32F407_LCKFB.elf.dir/PeripheralModule/OV2640/OV2640_DMA_Init.c.o
 .debug_abbrev  0x000002b0      0x1c3 CMakeFiles/STM32F407_LCKFB.elf.dir/PeripheralModule/OV2640/OV2640_init.c.o
 .debug_abbrev  0x00000473      0x2ef CMakeFiles/STM32F407_LCKFB.elf.dir/PeripheralModule/SPI_Screen/SPI_Screen_init.c.o
 .debug_abbrev  0x00000762      0x228 CMakeFiles/STM32F407_LCKFB.elf.dir/app/main.c.o
 .debug_abbrev  0x0000098a      0x147 CMakeFiles/STM32F407_LCKFB.elf.dir/board/board.c.o
 .debug_abbrev  0x00000ad1      0x1fd CMakeFiles/STM32F407_LCKFB.elf.dir/bsp/DMA/DMA_Init.c.o
 .debug_abbrev  0x00000cce      0x267 CMakeFiles/STM32F407_LCKFB.elf.dir/bsp/I2C/i2c_handle.c.o
 .debug_abbrev  0x00000f35      0x171 CMakeFiles/STM32F407_LCKFB.elf.dir/bsp/I2C/i2c_init.c.o
 .debug_abbrev  0x000010a6       0xf6 CMakeFiles/STM32F407_LCKFB.elf.dir/bsp/NVIC/NVIC_Init.c.o
 .debug_abbrev  0x0000119c      0x1d7 CMakeFiles/STM32F407_LCKFB.elf.dir/bsp/Response/response.c.o
 .debug_abbrev  0x00001373      0x1a1 CMakeFiles/STM32F407_LCKFB.elf.dir/bsp/SPI/spi_init.c.o
 .debug_abbrev  0x00001514      0x212 CMakeFiles/STM32F407_LCKFB.elf.dir/bsp/uart/bsp_uart.c.o
 .debug_abbrev  0x00001726      0x169 CMakeFiles/STM32F407_LCKFB.elf.dir/libraries/CMSIS/Device/ST/STM32F4xx/Source/Templates/system_stm32f4xx.c.o
 .debug_abbrev  0x0000188f      0x17f CMakeFiles/STM32F407_LCKFB.elf.dir/libraries/STM32F4xx_StdPeriph_Driver/src/misc.c.o
 .debug_abbrev  0x00001a0e      0x1b0 CMakeFiles/STM32F407_LCKFB.elf.dir/libraries/STM32F4xx_StdPeriph_Driver/src/stm32f4xx_dcmi.c.o
 .debug_abbrev  0x00001bbe      0x178 CMakeFiles/STM32F407_LCKFB.elf.dir/libraries/STM32F4xx_StdPeriph_Driver/src/stm32f4xx_dma.c.o
 .debug_abbrev  0x00001d36      0x1ee CMakeFiles/STM32F407_LCKFB.elf.dir/libraries/STM32F4xx_StdPeriph_Driver/src/stm32f4xx_gpio.c.o
 .debug_abbrev  0x00001f24      0x1c3 CMakeFiles/STM32F407_LCKFB.elf.dir/libraries/STM32F4xx_StdPeriph_Driver/src/stm32f4xx_i2c.c.o
 .debug_abbrev  0x000020e7      0x1e1 CMakeFiles/STM32F407_LCKFB.elf.dir/libraries/STM32F4xx_StdPeriph_Driver/src/stm32f4xx_rcc.c.o
 .debug_abbrev  0x000022c8      0x1ab CMakeFiles/STM32F407_LCKFB.elf.dir/libraries/STM32F4xx_StdPeriph_Driver/src/stm32f4xx_spi.c.o
 .debug_abbrev  0x00002473      0x1b1 CMakeFiles/STM32F407_LCKFB.elf.dir/libraries/STM32F4xx_StdPeriph_Driver/src/stm32f4xx_usart.c.o
 .debug_abbrev  0x00002624      0x1c1 CMakeFiles/STM32F407_LCKFB.elf.dir/module/stm32f4xx_it.c.o
 .debug_abbrev  0x000027e5       0x24 CMakeFiles/STM32F407_LCKFB.elf.dir/libraries/CMSIS/Device/ST/STM32F4xx/Source/Templates/arm/startup_stm32f407xx.s.o

.debug_aranges  0x00000000      0xaf8
 .debug_aranges
                0x00000000       0x30 CMakeFiles/STM32F407_LCKFB.elf.dir/PeripheralModule/OV2640/OV2640_DCMI_Init.c.o
 .debug_aranges
                0x00000030       0x20 CMakeFiles/STM32F407_LCKFB.elf.dir/PeripheralModule/OV2640/OV2640_DMA_Init.c.o
 .debug_aranges
                0x00000050       0x48 CMakeFiles/STM32F407_LCKFB.elf.dir/PeripheralModule/OV2640/OV2640_init.c.o
 .debug_aranges
                0x00000098       0x78 CMakeFiles/STM32F407_LCKFB.elf.dir/PeripheralModule/SPI_Screen/SPI_Screen_init.c.o
 .debug_aranges
                0x00000110       0x20 CMakeFiles/STM32F407_LCKFB.elf.dir/app/main.c.o
 .debug_aranges
                0x00000130       0x40 CMakeFiles/STM32F407_LCKFB.elf.dir/board/board.c.o
 .debug_aranges
                0x00000170       0x30 CMakeFiles/STM32F407_LCKFB.elf.dir/bsp/DMA/DMA_Init.c.o
 .debug_aranges
                0x000001a0       0x88 CMakeFiles/STM32F407_LCKFB.elf.dir/bsp/I2C/i2c_handle.c.o
 .debug_aranges
                0x00000228       0x30 CMakeFiles/STM32F407_LCKFB.elf.dir/bsp/I2C/i2c_init.c.o
 .debug_aranges
                0x00000258       0x20 CMakeFiles/STM32F407_LCKFB.elf.dir/bsp/NVIC/NVIC_Init.c.o
 .debug_aranges
                0x00000278       0x48 CMakeFiles/STM32F407_LCKFB.elf.dir/bsp/Response/response.c.o
 .debug_aranges
                0x000002c0       0x50 CMakeFiles/STM32F407_LCKFB.elf.dir/bsp/SPI/spi_init.c.o
 .debug_aranges
                0x00000310       0x40 CMakeFiles/STM32F407_LCKFB.elf.dir/bsp/uart/bsp_uart.c.o
 .debug_aranges
                0x00000350       0x30 CMakeFiles/STM32F407_LCKFB.elf.dir/libraries/CMSIS/Device/ST/STM32F4xx/Source/Templates/system_stm32f4xx.c.o
 .debug_aranges
                0x00000380       0x40 CMakeFiles/STM32F407_LCKFB.elf.dir/libraries/STM32F4xx_StdPeriph_Driver/src/misc.c.o
 .debug_aranges
                0x000003c0       0x90 CMakeFiles/STM32F407_LCKFB.elf.dir/libraries/STM32F4xx_StdPeriph_Driver/src/stm32f4xx_dcmi.c.o
 .debug_aranges
                0x00000450       0xb0 CMakeFiles/STM32F407_LCKFB.elf.dir/libraries/STM32F4xx_StdPeriph_Driver/src/stm32f4xx_dma.c.o
 .debug_aranges
                0x00000500       0x88 CMakeFiles/STM32F407_LCKFB.elf.dir/libraries/STM32F4xx_StdPeriph_Driver/src/stm32f4xx_gpio.c.o
 .debug_aranges
                0x00000588      0x130 CMakeFiles/STM32F407_LCKFB.elf.dir/libraries/STM32F4xx_StdPeriph_Driver/src/stm32f4xx_i2c.c.o
 .debug_aranges
                0x000006b8      0x1c0 CMakeFiles/STM32F407_LCKFB.elf.dir/libraries/STM32F4xx_StdPeriph_Driver/src/stm32f4xx_rcc.c.o
 .debug_aranges
                0x00000878       0xe0 CMakeFiles/STM32F407_LCKFB.elf.dir/libraries/STM32F4xx_StdPeriph_Driver/src/stm32f4xx_spi.c.o
 .debug_aranges
                0x00000958      0x100 CMakeFiles/STM32F407_LCKFB.elf.dir/libraries/STM32F4xx_StdPeriph_Driver/src/stm32f4xx_usart.c.o
 .debug_aranges
                0x00000a58       0x78 CMakeFiles/STM32F407_LCKFB.elf.dir/module/stm32f4xx_it.c.o
 .debug_aranges