Archive member included to satisfy reference by file (symbol)

/opt/arm-gnu-toolchain-14.3.rel1-x86_64-arm-none-eabi/bin/../lib/gcc/arm-none-eabi/14.3.1/../../../../arm-none-eabi/lib/thumb/v7e-m+fp/hard/libc_nano.a(libc_a-exit.o)
                              /opt/arm-gnu-toolchain-14.3.rel1-x86_64-arm-none-eabi/bin/../lib/gcc/arm-none-eabi/14.3.1/../../../../arm-none-eabi/lib/thumb/v7e-m+fp/hard/crt0.o (exit)
/opt/arm-gnu-toolchain-14.3.rel1-x86_64-arm-none-eabi/bin/../lib/gcc/arm-none-eabi/14.3.1/../../../../arm-none-eabi/lib/thumb/v7e-m+fp/hard/libc_nano.a(libc_a-findfp.o)
                              /opt/arm-gnu-toolchain-14.3.rel1-x86_64-arm-none-eabi/bin/../lib/gcc/arm-none-eabi/14.3.1/../../../../arm-none-eabi/lib/thumb/v7e-m+fp/hard/libc_nano.a(libc_a-exit.o) (__stdio_exit_handler)
/opt/arm-gnu-toolchain-14.3.rel1-x86_64-arm-none-eabi/bin/../lib/gcc/arm-none-eabi/14.3.1/../../../../arm-none-eabi/lib/thumb/v7e-m+fp/hard/libc_nano.a(libc_a-fwalk.o)
                              /opt/arm-gnu-toolchain-14.3.rel1-x86_64-arm-none-eabi/bin/../lib/gcc/arm-none-eabi/14.3.1/../../../../arm-none-eabi/lib/thumb/v7e-m+fp/hard/libc_nano.a(libc_a-findfp.o) (_fwalk_sglue)
/opt/arm-gnu-toolchain-14.3.rel1-x86_64-arm-none-eabi/bin/../lib/gcc/arm-none-eabi/14.3.1/../../../../arm-none-eabi/lib/thumb/v7e-m+fp/hard/libc_nano.a(libc_a-stdio.o)
                              /opt/arm-gnu-toolchain-14.3.rel1-x86_64-arm-none-eabi/bin/../lib/gcc/arm-none-eabi/14.3.1/../../../../arm-none-eabi/lib/thumb/v7e-m+fp/hard/libc_nano.a(libc_a-findfp.o) (__sread)
/opt/arm-gnu-toolchain-14.3.rel1-x86_64-arm-none-eabi/bin/../lib/gcc/arm-none-eabi/14.3.1/../../../../arm-none-eabi/lib/thumb/v7e-m+fp/hard/libc_nano.a(libc_a-memset.o)
                              /opt/arm-gnu-toolchain-14.3.rel1-x86_64-arm-none-eabi/bin/../lib/gcc/arm-none-eabi/14.3.1/../../../../arm-none-eabi/lib/thumb/v7e-m+fp/hard/crt0.o (memset)
/opt/arm-gnu-toolchain-14.3.rel1-x86_64-arm-none-eabi/bin/../lib/gcc/arm-none-eabi/14.3.1/../../../../arm-none-eabi/lib/thumb/v7e-m+fp/hard/libc_nano.a(libc_a-closer.o)
                              /opt/arm-gnu-toolchain-14.3.rel1-x86_64-arm-none-eabi/bin/../lib/gcc/arm-none-eabi/14.3.1/../../../../arm-none-eabi/lib/thumb/v7e-m+fp/hard/libc_nano.a(libc_a-stdio.o) (_close_r)
/opt/arm-gnu-toolchain-14.3.rel1-x86_64-arm-none-eabi/bin/../lib/gcc/arm-none-eabi/14.3.1/../../../../arm-none-eabi/lib/thumb/v7e-m+fp/hard/libc_nano.a(libc_a-reent.o)
                              /opt/arm-gnu-toolchain-14.3.rel1-x86_64-arm-none-eabi/bin/../lib/gcc/arm-none-eabi/14.3.1/../../../../arm-none-eabi/lib/thumb/v7e-m+fp/hard/libc_nano.a(libc_a-closer.o) (errno)
/opt/arm-gnu-toolchain-14.3.rel1-x86_64-arm-none-eabi/bin/../lib/gcc/arm-none-eabi/14.3.1/../../../../arm-none-eabi/lib/thumb/v7e-m+fp/hard/libc_nano.a(libc_a-impure.o)
                              /opt/arm-gnu-toolchain-14.3.rel1-x86_64-arm-none-eabi/bin/../lib/gcc/arm-none-eabi/14.3.1/../../../../arm-none-eabi/lib/thumb/v7e-m+fp/hard/libc_nano.a(libc_a-reent.o) (_impure_ptr)
/opt/arm-gnu-toolchain-14.3.rel1-x86_64-arm-none-eabi/bin/../lib/gcc/arm-none-eabi/14.3.1/../../../../arm-none-eabi/lib/thumb/v7e-m+fp/hard/libc_nano.a(libc_a-lseekr.o)
                              /opt/arm-gnu-toolchain-14.3.rel1-x86_64-arm-none-eabi/bin/../lib/gcc/arm-none-eabi/14.3.1/../../../../arm-none-eabi/lib/thumb/v7e-m+fp/hard/libc_nano.a(libc_a-stdio.o) (_lseek_r)
/opt/arm-gnu-toolchain-14.3.rel1-x86_64-arm-none-eabi/bin/../lib/gcc/arm-none-eabi/14.3.1/../../../../arm-none-eabi/lib/thumb/v7e-m+fp/hard/libc_nano.a(libc_a-readr.o)
                              /opt/arm-gnu-toolchain-14.3.rel1-x86_64-arm-none-eabi/bin/../lib/gcc/arm-none-eabi/14.3.1/../../../../arm-none-eabi/lib/thumb/v7e-m+fp/hard/libc_nano.a(libc_a-stdio.o) (_read_r)
/opt/arm-gnu-toolchain-14.3.rel1-x86_64-arm-none-eabi/bin/../lib/gcc/arm-none-eabi/14.3.1/../../../../arm-none-eabi/lib/thumb/v7e-m+fp/hard/libc_nano.a(libc_a-writer.o)
                              /opt/arm-gnu-toolchain-14.3.rel1-x86_64-arm-none-eabi/bin/../lib/gcc/arm-none-eabi/14.3.1/../../../../arm-none-eabi/lib/thumb/v7e-m+fp/hard/libc_nano.a(libc_a-stdio.o) (_write_r)
/opt/arm-gnu-toolchain-14.3.rel1-x86_64-arm-none-eabi/bin/../lib/gcc/arm-none-eabi/14.3.1/../../../../arm-none-eabi/lib/thumb/v7e-m+fp/hard/libc_nano.a(libc_a-init.o)
                              /opt/arm-gnu-toolchain-14.3.rel1-x86_64-arm-none-eabi/bin/../lib/gcc/arm-none-eabi/14.3.1/../../../../arm-none-eabi/lib/thumb/v7e-m+fp/hard/crt0.o (__libc_init_array)
/opt/arm-gnu-toolchain-14.3.rel1-x86_64-arm-none-eabi/bin/../lib/gcc/arm-none-eabi/14.3.1/../../../../arm-none-eabi/lib/thumb/v7e-m+fp/hard/libc_nano.a(libc_a-lock.o)
                              /opt/arm-gnu-toolchain-14.3.rel1-x86_64-arm-none-eabi/bin/../lib/gcc/arm-none-eabi/14.3.1/../../../../arm-none-eabi/lib/thumb/v7e-m+fp/hard/libc_nano.a(libc_a-findfp.o) (__retarget_lock_init_recursive)
[...]
Memory Configuration

Name             Origin             Length             Attributes
RAM              0x20000000         0x00020000         xrw
CCMRAM           0x10000000         0x00010000         xrw
FLASH            0x08000000         0x00080000         xr
*default*        0x00000000         0xffffffff

Linker script and memory map

LOAD /opt/arm-gnu-toolchain-14.3.rel1-x86_64-arm-none-eabi/bin/../lib/gcc/arm-none-eabi/14.3.1/thumb/v7e-m+fp/hard/crti.o
LOAD /opt/arm-gnu-toolchain-14.3.rel1-x86_64-arm-none-eabi/bin/../lib/gcc/arm-none-eabi/14.3.1/thumb/v7e-m+fp/hard/crtbegin.o
LOAD /opt/arm-gnu-toolchain-14.3.rel1-x86_64-arm-none-eabi/bin/../lib/gcc/arm-none-eabi/14.3.1/../../../../arm-none-eabi/lib/thumb/v7e-m+fp/hard/crt0.o
LOAD /opt/arm-gnu-toolchain-14.3.rel1-x86_64-arm-none-eabi/bin/../lib/gcc/arm-none-eabi/14.3.1/../../../../arm-none-eabi/lib/thumb/v7e-m+fp/hard/libc_nano.a
LOAD /opt/arm-gnu-toolchain-14.3.rel1-x86_64-arm-none-eabi/bin/../lib/gcc/arm-none-eabi/14.3.1/../../../../arm-none-eabi/lib/thumb/v7e-m+fp/hard/libm.a
LOAD CMakeFiles/STM32F407_LCKFB.elf.dir/PeripheralModule/OV2640/OV2640_DCMI_Init.c.o
LOAD CMakeFiles/STM32F407_LCKFB.elf.dir/PeripheralModule/OV2640/OV2640_DMA_Init.c.o
LOAD CMakeFiles/STM32F407_LCKFB.elf.dir/PeripheralModule/OV2640/OV2640_init.c.o
LOAD CMakeFiles/STM32F407_LCKFB.elf.dir/PeripheralModule/SPI_Screen/SPI_Screen_init.c.o
LOAD CMakeFiles/STM32F407_LCKFB.elf.dir/app/main.c.o
LOAD CMakeFiles/STM32F407_LCKFB.elf.dir/board/board.c.o
LOAD CMakeFiles/STM32F407_LCKFB.elf.dir/bsp/DMA/DMA_Init.c.o
LOAD CMakeFiles/STM32F407_LCKFB.elf.dir/bsp/I2C/i2c_handle.c.o
LOAD CMakeFiles/STM32F407_LCKFB.elf.dir/bsp/I2C/i2c_init.c.o
LOAD CMakeFiles/STM32F407_LCKFB.elf.dir/bsp/NVIC/NVIC_Init.c.o
LOAD CMakeFiles/STM32F407_LCKFB.elf.dir/bsp/Response/response.c.o
LOAD CMakeFiles/STM32F407_LCKFB.elf.dir/bsp/SPI/SPI_Control.c.o
LOAD CMakeFiles/STM32F407_LCKFB.elf.dir/bsp/SPI/spi_init.c.o
LOAD CMakeFiles/STM32F407_LCKFB.elf.dir/bsp/uart/bsp_uart.c.o
LOAD CMakeFiles/STM32F407_LCKFB.elf.dir/libraries/CMSIS/Device/ST/STM32F4xx/Source/Templates/system_stm32f4xx.c.o
LOAD CMakeFiles/STM32F407_LCKFB.elf.dir/libraries/STM32F4xx_StdPeriph_Driver/src/misc.c.o
LOAD CMakeFiles/STM32F407_LCKFB.elf.dir/libraries/STM32F4xx_StdPeriph_Driver/src/stm32f4xx_adc.c.o
LOAD CMakeFiles/STM32F407_LCKFB.elf.dir/libraries/STM32F4xx_StdPeriph_Driver/src/stm32f4xx_can.c.o
LOAD CMakeFiles/STM32F407_LCKFB.elf.dir/libraries/STM32F4xx_StdPeriph_Driver/src/stm32f4xx_cec.c.o
LOAD CMakeFiles/STM32F407_LCKFB.elf.dir/libraries/STM32F4xx_StdPeriph_Driver/src/stm32f4xx_crc.c.o
LOAD CMakeFiles/STM32F407_LCKFB.elf.dir/libraries/STM32F4xx_StdPeriph_Driver/src/stm32f4xx_cryp.c.o
LOAD CMakeFiles/STM32F407_LCKFB.elf.dir/libraries/STM32F4xx_StdPeriph_Driver/src/stm32f4xx_cryp_aes.c.o
LOAD CMakeFiles/STM32F407_LCKFB.elf.dir/libraries/STM32F4xx_StdPeriph_Driver/src/stm32f4xx_cryp_des.c.o
LOAD CMakeFiles/STM32F407_LCKFB.elf.dir/libraries/STM32F4xx_StdPeriph_Driver/src/stm32f4xx_cryp_tdes.c.o
LOAD CMakeFiles/STM32F407_LCKFB.elf.dir/libraries/STM32F4xx_StdPeriph_Driver/src/stm32f4xx_dac.c.o
LOAD CMakeFiles/STM32F407_LCKFB.elf.dir/libraries/STM32F4xx_StdPeriph_Driver/src/stm32f4xx_dbgmcu.c.o
LOAD CMakeFiles/STM32F407_LCKFB.elf.dir/libraries/STM32F4xx_StdPeriph_Driver/src/stm32f4xx_dcmi.c.o
LOAD CMakeFiles/STM32F407_LCKFB.elf.dir/libraries/STM32F4xx_StdPeriph_Driver/src/stm32f4xx_dfsdm.c.o
LOAD CMakeFiles/STM32F407_LCKFB.elf.dir/libraries/STM32F4xx_StdPeriph_Driver/src/stm32f4xx_dma.c.o
LOAD CMakeFiles/STM32F407_LCKFB.elf.dir/libraries/STM32F4xx_StdPeriph_Driver/src/stm32f4xx_dma2d.c.o
LOAD CMakeFiles/STM32F407_LCKFB.elf.dir/libraries/STM32F4xx_StdPeriph_Driver/src/stm32f4xx_dsi.c.o
LOAD CMakeFiles/STM32F407_LCKFB.elf.dir/libraries/STM32F4xx_StdPeriph_Driver/src/stm32f4xx_exti.c.o
LOAD CMakeFiles/STM32F407_LCKFB.elf.dir/libraries/STM32F4xx_StdPeriph_Driver/src/stm32f4xx_flash.c.o
LOAD CMakeFiles/STM32F407_LCKFB.elf.dir/libraries/STM32F4xx_StdPeriph_Driver/src/stm32f4xx_flash_ramfunc.c.o
LOAD CMakeFiles/STM32F407_LCKFB.elf.dir/libraries/STM32F4xx_StdPeriph_Driver/src/stm32f4xx_fmpi2c.c.o
LOAD CMakeFiles/STM32F407_LCKFB.elf.dir/libraries/STM32F4xx_StdPeriph_Driver/src/stm32f4xx_fsmc.c.o
LOAD CMakeFiles/STM32F407_LCKFB.elf.dir/libraries/STM32F4xx_StdPeriph_Driver/src/stm32f4xx_gpio.c.o
LOAD CMakeFiles/STM32F407_LCKFB.elf.dir/libraries/STM32F4xx_StdPeriph_Driver/src/stm32f4xx_hash.c.o
LOAD CMakeFiles/STM32F407_LCKFB.elf.dir/libraries/STM32F4xx_StdPeriph_Driver/src/stm32f4xx_hash_md5.c.o
LOAD CMakeFiles/STM32F407_LCKFB.elf.dir/libraries/STM32F4xx_StdPeriph_Driver/src/stm32f4xx_hash_sha1.c.o
LOAD CMakeFiles/STM32F407_LCKFB.elf.dir/libraries/STM32F4xx_StdPeriph_Driver/src/stm32f4xx_i2c.c.o
LOAD CMakeFiles/STM32F407_LCKFB.elf.dir/libraries/STM32F4xx_StdPeriph_Driver/src/stm32f4xx_iwdg.c.o
LOAD CMakeFiles/STM32F407_LCKFB.elf.dir/libraries/STM32F4xx_StdPeriph_Driver/src/stm32f4xx_lptim.c.o
LOAD CMakeFiles/STM32F407_LCKFB.elf.dir/libraries/STM32F4xx_StdPeriph_Driver/src/stm32f4xx_ltdc.c.o
LOAD CMakeFiles/STM32F407_LCKFB.elf.dir/libraries/STM32F4xx_StdPeriph_Driver/src/stm32f4xx_pwr.c.o
LOAD CMakeFiles/STM32F407_LCKFB.elf.dir/libraries/STM32F4xx_StdPeriph_Driver/src/stm32f4xx_qspi.c.o
LOAD CMakeFiles/STM32F407_LCKFB.elf.dir/libraries/STM32F4xx_StdPeriph_Driver/src/stm32f4xx_rcc.c.o
LOAD CMakeFiles/STM32F407_LCKFB.elf.dir/libraries/STM32F4xx_StdPeriph_Driver/src/stm32f4xx_rng.c.o
LOAD CMakeFiles/STM32F407_LCKFB.elf.dir/libraries/STM32F4xx_StdPeriph_Driver/src/stm32f4xx_rtc.c.o
LOAD CMakeFiles/STM32F407_LCKFB.elf.dir/libraries/STM32F4xx_StdPeriph_Driver/src/stm32f4xx_sai.c.o
LOAD CMakeFiles/STM32F407_LCKFB.elf.dir/libraries/STM32F4xx_StdPeriph_Driver/src/stm32f4xx_sdio.c.o
LOAD CMakeFiles/STM32F407_LCKFB.elf.dir/libraries/STM32F4xx_StdPeriph_Driver/src/stm32f4xx_spdifrx.c.o
LOAD CMakeFiles/STM32F407_LCKFB.elf.dir/libraries/STM32F4xx_StdPeriph_Driver/src/stm32f4xx_spi.c.o
LOAD CMakeFiles/STM32F407_LCKFB.elf.dir/libraries/STM32F4xx_StdPeriph_Driver/src/stm32f4xx_syscfg.c.o
LOAD CMakeFiles/STM32F407_LCKFB.elf.dir/libraries/STM32F4xx_StdPeriph_Driver/src/stm32f4xx_tim.c.o
LOAD CMakeFiles/STM32F407_LCKFB.elf.dir/libraries/STM32F4xx_StdPeriph_Driver/src/stm32f4xx_usart.c.o
LOAD CMakeFiles/STM32F407_LCKFB.elf.dir/libraries/STM32F4xx_StdPeriph_Driver/src/stm32f4xx_wwdg.c.o
LOAD CMakeFiles/STM32F407_LCKFB.elf.dir/module/stm32f4xx_it.c.o
LOAD CMakeFiles/STM32F407_LCKFB.elf.dir/protocol/MY_your_driver.c.o
LOAD CMakeFiles/STM32F407_LCKFB.elf.dir/protocol/cmd_handlers.c.o
LOAD CMakeFiles/STM32F407_LCKFB.elf.dir/protocol/crc16.c.o
LOAD CMakeFiles/STM32F407_LCKFB.elf.dir/protocol/hdlc_core.c.o
LOAD CMakeFiles/STM32F407_LCKFB.elf.dir/libraries/CMSIS/Device/ST/STM32F4xx/Source/Templates/arm/startup_stm32f407xx.s.o
START GROUP
LOAD /opt/arm-gnu-toolchain-14.3.rel1-x86_64-arm-none-eabi/bin/../lib/gcc/arm-none-eabi/14.3.1/thumb/v7e-m+fp/hard/libgcc.a
LOAD /opt/arm-gnu-toolchain-14.3.rel1-x86_64-arm-none-eabi/bin/../lib/gcc/arm-none-eabi/14.3.1/../../../../arm-none-eabi/lib/thumb/v7e-m+fp/hard/libg_nano.a
LOAD /opt/arm-gnu-toolchain-14.3.rel1-x86_64-arm-none-eabi/bin/../lib/gcc/arm-none-eabi/14.3.1/../../../../arm-none-eabi/lib/thumb/v7e-m+fp/hard/libc_nano.a
END GROUP
START GROUP
LOAD /opt/arm-gnu-toolchain-14.3.rel1-x86_64-arm-none-eabi/bin/../lib/gcc/arm-none-eabi/14.3.1/thumb/v7e-m+fp/hard/libgcc.a
LOAD /opt/arm-gnu-toolchain-14.3.rel1-x86_64-arm-none-eabi/bin/../lib/gcc/arm-none-eabi/14.3.1/../../../../arm-none-eabi/lib/thumb/v7e-m+fp/hard/libc_nano.a
LOAD /opt/arm-gnu-toolchain-14.3.rel1-x86_64-arm-none-eabi/bin/../lib/gcc/arm-none-eabi/14.3.1/../../../../arm-none-eabi/lib/thumb/v7e-m+fp/hard/libnosys.a
END GROUP
START GROUP
LOAD /opt/arm-gnu-toolchain-14.3.rel1-x86_64-arm-none-eabi/bin/../lib/gcc/arm-none-eabi/14.3.1/thumb/v7e-m+fp/hard/libgcc.a
LOAD /opt/arm-gnu-toolchain-14.3.rel1-x86_64-arm-none-eabi/bin/../lib/gcc/arm-none-eabi/14.3.1/../../../../arm-none-eabi/lib/thumb/v7e-m+fp/hard/libc_nano.a
LOAD /opt/arm-gnu-toolchain-14.3.rel1-x86_64-arm-none-eabi/bin/../lib/gcc/arm-none-eabi/14.3.1/../../../../arm-none-eabi/lib/thumb/v7e-m+fp/hard/libnosys.a
END GROUP
LOAD /opt/arm-gnu-toolchain-14.3.rel1-x86_64-arm-none-eabi/bin/../lib/gcc/arm-none-eabi/14.3.1/thumb/v7e-m+fp/hard/crtend.o
LOAD /opt/arm-gnu-toolchain-14.3.rel1-x86_64-arm-none-eabi/bin/../lib/gcc/arm-none-eabi/14.3.1/thumb/v7e-m+fp/hard/crtn.o
                0x2001ffff                        _estack = ((ORIGIN (RAM) + LENGTH (RAM)) - 0x1)
                0x00000400                        _Min_Heap_Size = 0x400
                0x00000800                        _Min_Stack_Size = 0x800

.isr_vector     0x08000000      0x188
                0x08000000                        . = ALIGN (0x4)
 *(.isr_vector)
 .isr_vector    0x08000000      0x188 CMakeFiles/STM32F407_LCKFB.elf.dir/libraries/CMSIS/Device/ST/STM32F4xx/Source/Templates/arm/startup_stm32f407xx.s.o
                0x08000000                g_pfnVectors
                0x08000188                        . = ALIGN (0x4)

.text           0x08000190     0x34a4
                0x08000190                        . = ALIGN (0x4)
 *(.text)
 .text          0x08000190       0xa0 /opt/arm-gnu-toolchain-14.3.rel1-x86_64-arm-none-eabi/bin/../lib/gcc/arm-none-eabi/14.3.1/../../../../arm-none-eabi/lib/thumb/v7e-m+fp/hard/libg_nano.a(libc_a-memchr.o)
                0x08000190                memchr
 *(.text*)
 .text.deregister_tm_clones
                0x08000230       0x1c /opt/arm-gnu-toolchain-14.3.rel1-x86_64-arm-none-eabi/bin/../lib/gcc/arm-none-eabi/14.3.1/thumb/v7e-m+fp/hard/crtbegin.o
 .text.register_tm_clones
                0x0800024c       0x24 /opt/arm-gnu-toolchain-14.3.rel1-x86_64-arm-none-eabi/bin/../lib/gcc/arm-none-eabi/14.3.1/thumb/v7e-m+fp/hard/crtbegin.o
 .text.__do_global_dtors_aux
                0x08000270       0x28 /opt/arm-gnu-toolchain-14.3.rel1-x86_64-arm-none-eabi/bin/../lib/gcc/arm-none-eabi/14.3.1/thumb/v7e-m+fp/hard/crtbegin.o
 .text.frame_dummy
                0x08000298       0x24 /opt/arm-gnu-toolchain-14.3.rel1-x86_64-arm-none-eabi/bin/../lib/gcc/arm-none-eabi/14.3.1/thumb/v7e-m+fp/hard/crtbegin.o
 .text.std      0x080002bc       0x6c /opt/arm-gnu-toolchain-14.3.rel1-x86_64-arm-none-eabi/bin/../lib/gcc/arm-none-eabi/14.3.1/../../../../arm-none-eabi/lib/thumb/v7e-m+fp/hard/libc_nano.a(libc_a-findfp.o)
 .text.stdio_exit_handler
                0x08000328       0x18 /opt/arm-gnu-toolchain-14.3.rel1-x86_64-arm-none-eabi/bin/../lib/gcc/arm-none-eabi/14.3.1/../../../../arm-none-eabi/lib/thumb/v7e-m+fp/hard/libc_nano.a(libc_a-findfp.o)
 .text.cleanup_stdio
                0x08000340       0x40 /opt/arm-gnu-toolchain-14.3.rel1-x86_64-arm-none-eabi/bin/../lib/gcc/arm-none-eabi/14.3.1/../../../../arm-none-eabi/lib/thumb/v7e-m+fp/hard/libc_nano.a(libc_a-findfp.o)
 .text.global_stdio_init.part.0
                0x08000380       0x40 /opt/arm-gnu-toolchain-14.3.rel1-x86_64-arm-none-eabi/bin/../lib/gcc/arm-none-eabi/14.3.1/../../../../arm-none-eabi/lib/thumb/v7e-m+fp/hard/libc_nano.a(libc_a-findfp.o)
 .text.__sfp_lock_acquire
                0x080003c0        0xc /opt/arm-gnu-toolchain-14.3.rel1-x86_64-arm-none-eabi/bin/../lib/gcc/arm-none-eabi/14.3.1/../../../../arm-none-eabi/lib/thumb/v7e-m+fp/hard/libc_nano.a(libc_a-findfp.o)
                0x080003c0                __sfp_lock_acquire
 .text.__sfp_lock_release
                0x080003cc        0xc /opt/arm-gnu-toolchain-14.3.rel1-x86_64-arm-none-eabi/bin/../lib/gcc/arm-none-eabi/14.3.1/../../../../arm-none-eabi/lib/thumb/v7e-m+fp/hard/libc_nano.a(libc_a-findfp.o)
                0x080003cc                __sfp_lock_release
 .text.__sinit  0x080003d8       0x30 /opt/arm-gnu-toolchain-14.3.rel1-x86_64-arm-none-eabi/bin/../lib/gcc/arm-none-eabi/14.3.1/../../../../arm-none-eabi/lib/thumb/v7e-m+fp/hard/libc_nano.a(libc_a-findfp.o)
                0x080003d8                __sinit
 .text._fwalk_sglue
                0x08000408       0x3c /opt/arm-gnu-toolchain-14.3.rel1-x86_64-arm-none-eabi/bin/../lib/gcc/arm-none-eabi/14.3.1/../../../../arm-none-eabi/lib/thumb/v7e-m+fp/hard/libc_nano.a(libc_a-fwalk.o)
                0x08000408                _fwalk_sglue
 .text.__sread  0x08000444       0x22 /opt/arm-gnu-toolchain-14.3.rel1-x86_64-arm-none-eabi/bin/../lib/gcc/arm-none-eabi/14.3.1/../../../../arm-none-eabi/lib/thumb/v7e-m+fp/hard/libc_nano.a(libc_a-stdio.o)
                0x08000444                __sread
 .text.__swrite
                0x08000466       0x38 /opt/arm-gnu-toolchain-14.3.rel1-x86_64-arm-none-eabi/bin/../lib/gcc/arm-none-eabi/14.3.1/../../../../arm-none-eabi/lib/thumb/v7e-m+fp/hard/libc_nano.a(libc_a-stdio.o)
                0x08000466                __swrite
 .text.__sseek  0x0800049e       0x26 /opt/arm-gnu-toolchain-14.3.rel1-x86_64-arm-none-eabi/bin/../lib/gcc/arm-none-eabi/14.3.1/../../../../arm-none-eabi/lib/thumb/v7e-m+fp/hard/libc_nano.a(libc_a-stdio.o)
                0x0800049e                __sseek
 .text.__sclose
                0x080004c4        0x8 /opt/arm-gnu-toolchain-14.3.rel1-x86_64-arm-none-eabi/bin/../lib/gcc/arm-none-eabi/14.3.1/../../../../arm-none-eabi/lib/thumb/v7e-m+fp/hard/libc_nano.a(libc_a-stdio.o)
                0x080004c4                __sclose
 .text.memset   0x080004cc       0x10 /opt/arm-gnu-toolchain-14.3.rel1-x86_64-arm-none-eabi/bin/../lib/gcc/arm-none-eabi/14.3.1/../../../../arm-none-eabi/lib/thumb/v7e-m+fp/hard/libc_nano.a(libc_a-memset.o)
                0x080004cc                memset
 .text._close_r
                0x080004dc       0x20 /opt/arm-gnu-toolchain-14.3.rel1-x86_64-arm-none-eabi/bin/../lib/gcc/arm-none-eabi/14.3.1/../../../../arm-none-eabi/lib/thumb/v7e-m+fp/hard/libc_nano.a(libc_a-closer.o)
                0x080004dc                _close_r
 .text._lseek_r
                0x080004fc       0x24 /opt/arm-gnu-toolchain-14.3.rel1-x86_64-arm-none-eabi/bin/../lib/gcc/arm-none-eabi/14.3.1/../../../../arm-none-eabi/lib/thumb/v7e-m+fp/hard/libc_nano.a(libc_a-lseekr.o)
                0x080004fc                _lseek_r
 .text._read_r  0x08000520       0x24 /opt/arm-gnu-toolchain-14.3.rel1-x86_64-arm-none-eabi/bin/../lib/gcc/arm-none-eabi/14.3.1/../../../../arm-none-eabi/lib/thumb/v7e-m+fp/hard/libc_nano.a(libc_a-readr.o)
                0x08000520                _read_r
 .text._write_r
                0x08000544       0x24 /opt/arm-gnu-toolchain-14.3.rel1-x86_64-arm-none-eabi/bin/../lib/gcc/arm-none-eabi/14.3.1/../../../../arm-none-eabi/lib/thumb/v7e-m+fp/hard/libc_nano.a(libc_a-writer.o)
                0x08000544                _write_r
 .text.__libc_init_array
                0x08000568       0x48 /opt/arm-gnu-toolchain-14.3.rel1-x86_64-arm-none-eabi/bin/../lib/gcc/arm-none-eabi/14.3.1/../../../../arm-none-eabi/lib/thumb/v7e-m+fp/hard/libc_nano.a(libc_a-init.o)
                0x08000568                __libc_init_array
 .text.__retarget_lock_init_recursive
                0x080005b0        0x2 /opt/arm-gnu-toolchain-14.3.rel1-x86_64-arm-none-eabi/bin/../lib/gcc/arm-none-eabi/14.3.1/../../../../arm-none-eabi/lib/thumb/v7e-m+fp/hard/libc_nano.a(libc_a-lock.o)
                0x080005b0                __retarget_lock_init_recursive
 .text.__retarget_lock_acquire_recursive
                0x080005b2        0x2 /opt/arm-gnu-toolchain-14.3.rel1-x86_64-arm-none-eabi/bin/../lib/gcc/arm-none-eabi/14.3.1/../../../../arm-none-eabi/lib/thumb/v7e-m+fp/hard/libc_nano.a(libc_a-lock.o)
                0x080005b2                __retarget_lock_acquire_recursive
 .text.__retarget_lock_release_recursive
                0x080005b4        0x2 /opt/arm-gnu-toolchain-14.3.rel1-x86_64-arm-none-eabi/bin/../lib/gcc/arm-none-eabi/14.3.1/../../../../arm-none-eabi/lib/thumb/v7e-m+fp/hard/libc_nano.a(libc_a-lock.o)
                0x080005b4                __retarget_lock_release_recursive
 *fill*         0x080005b6        0x2 
 .text._free_r  0x080005b8       0x94 /opt/arm-gnu-toolchain-14.3.rel1-x86_64-arm-none-eabi/bin/../lib/gcc/arm-none-eabi/14.3.1/../../../../arm-none-eabi/lib/thumb/v7e-m+fp/hard/libc_nano.a(libc_a-freer.o)
                0x080005b8                _free_r
 .text.sbrk_aligned
                0x0800064c       0x44 /opt/arm-gnu-toolchain-14.3.rel1-x86_64-arm-none-eabi/bin/../lib/gcc/arm-none-eabi/14.3.1/../../../../arm-none-eabi/lib/thumb/v7e-m+fp/hard/libc_nano.a(libc_a-mallocr.o)
 .text._malloc_r
                0x08000690      0x100 /opt/arm-gnu-toolchain-14.3.rel1-x86_64-arm-none-eabi/bin/../lib/gcc/arm-none-eabi/14.3.1/../../../../arm-none-eabi/lib/thumb/v7e-m+fp/hard/libc_nano.a(libc_a-mallocr.o)
                0x08000690                _malloc_r
 .text.__malloc_lock
                0x08000790        0xc /opt/arm-gnu-toolchain-14.3.rel1-x86_64-arm-none-eabi/bin/../lib/gcc/arm-none-eabi/14.3.1/../../../../arm-none-eabi/lib/thumb/v7e-m+fp/hard/libc_nano.a(libc_a-mlock.o)
                0x08000790                __malloc_lock
 .text.__malloc_unlock
                0x0800079c        0xc /opt/arm-gnu-toolchain-14.3.rel1-x86_64-arm-none-eabi/bin/../lib/gcc/arm-none-eabi/14.3.1/../../../../arm-none-eabi/lib/thumb/v7e-m+fp/hard/libc_nano.a(libc_a-mlock.o)
                0x0800079c                __malloc_unlock
 .text.__sflush_r
                0x080007a8      0x104 /opt/arm-gnu-toolchain-14.3.rel1-x86_64-arm-none-eabi/bin/../lib/gcc/arm-none-eabi/14.3.1/../../../../arm-none-eabi/lib/thumb/v7e-m+fp/hard/libc_nano.a(libc_a-fflush.o)
                0x080007a8                __sflush_r
 .text._fflush_r
                0x080008ac       0x50 /opt/arm-gnu-toolchain-14.3.rel1-x86_64-arm-none-eabi/bin/../lib/gcc/arm-none-eabi/14.3.1/../../../../arm-none-eabi/lib/thumb/v7e-m+fp/hard/libc_nano.a(libc_a-fflush.o)
                0x080008ac                _fflush_r
 .text._sbrk_r  0x080008fc       0x20 /opt/arm-gnu-toolchain-14.3.rel1-x86_64-arm-none-eabi/bin/../lib/gcc/arm-none-eabi/14.3.1/../../../../arm-none-eabi/lib/thumb/v7e-m+fp/hard/libc_nano.a(libc_a-sbrkr.o)
                0x080008fc                _sbrk_r
 .text.DCMI_Camera_Init
                0x0800091c      0x174 CMakeFiles/STM32F407_LCKFB.elf.dir/PeripheralModule/OV2640/OV2640_DCMI_Init.c.o
                0x0800091c                DCMI_Camera_Init
 .text.DMA_DCMI_Init_Config
                0x08000a90       0x8c CMakeFiles/STM32F407_LCKFB.elf.dir/PeripheralModule/OV2640/OV2640_DMA_Init.c.o
                0x08000a90                DMA_DCMI_Init_Config
 .text.OV2640_WriteReg
                0x08000b1c       0x10 CMakeFiles/STM32F407_LCKFB.elf.dir/PeripheralModule/OV2640/OV2640_init.c.o
 .text.OV2640_Image_Config
                0x08000b2c       0x8c CMakeFiles/STM32F407_LCKFB.elf.dir/PeripheralModule/OV2640/OV2640_init.c.o
                0x08000b2c                OV2640_Image_Config
 .text.OV2640_Hardware_Init
                0x08000bb8        0xe CMakeFiles/STM32F407_LCKFB.elf.dir/PeripheralModule/OV2640/OV2640_init.c.o
                0x08000bb8                OV2640_Hardware_Init
 *fill*         0x08000bc6        0x2 
 .text.LCD_WR_DATA
                0x08000bc8       0x88 CMakeFiles/STM32F407_LCKFB.elf.dir/PeripheralModule/SPI_Screen/SPI_Screen_init.c.o
 .text.LCD_Writ_Bus.isra.0
                0x08000c50       0x68 CMakeFiles/STM32F407_LCKFB.elf.dir/PeripheralModule/SPI_Screen/SPI_Screen_init.c.o
 .text.LCD_WR_REG.isra.0
                0x08000cb8       0x28 CMakeFiles/STM32F407_LCKFB.elf.dir/PeripheralModule/SPI_Screen/SPI_Screen_init.c.o
 .text.LCD_WR_DATA8.isra.0
                0x08000ce0        0x4 CMakeFiles/STM32F407_LCKFB.elf.dir/PeripheralModule/SPI_Screen/SPI_Screen_init.c.o
 .text.LCD_Write_Repeat_Data
                0x08000ce4       0x90 CMakeFiles/STM32F407_LCKFB.elf.dir/PeripheralModule/SPI_Screen/SPI_Screen_init.c.o
                0x08000ce4                LCD_Write_Repeat_Data
 .text.LCD_Screen_Init
                0x08000d74      0x1f4 CMakeFiles/STM32F407_LCKFB.elf.dir/PeripheralModule/SPI_Screen/SPI_Screen_init.c.o
                0x08000d74                LCD_Screen_Init
 .text.LCD_Address_Set
                0x08000f68       0x40 CMakeFiles/STM32F407_LCKFB.elf.dir/PeripheralModule/SPI_Screen/SPI_Screen_init.c.o
                0x08000f68                LCD_Address_Set
 .text.LCD_Fill
                0x08000fa8        0xe CMakeFiles/STM32F407_LCKFB.elf.dir/PeripheralModule/SPI_Screen/SPI_Screen_init.c.o
                0x08000fa8                LCD_Fill
 *fill*         0x08000fb6        0x2 
 .text.startup.main
                0x08000fb8      0x13c CMakeFiles/STM32F407_LCKFB.elf.dir/app/main.c.o
                0x08000fb8                main
 .text.board_init
                0x080010f4       0x28 CMakeFiles/STM32F407_LCKFB.elf.dir/board/board.c.o
                0x080010f4                board_init
 .text.delay_us
                0x0800111c       0x40 CMakeFiles/STM32F407_LCKFB.elf.dir/board/board.c.o
                0x0800111c                delay_us
 .text.delay_ms
                0x0800115c        0xa CMakeFiles/STM32F407_LCKFB.elf.dir/board/board.c.o
                0x0800115c                delay_ms
 .text.delay_1ms
                0x08001166        0x4 CMakeFiles/STM32F407_LCKFB.elf.dir/board/board.c.o
                0x08001166                delay_1ms
 *fill*         0x0800116a        0x2 
 .text.DMA_Uart_Init_Config
                0x0800116c       0xc4 CMakeFiles/STM32F407_LCKFB.elf.dir/bsp/DMA/DMA_Init.c.o
                0x0800116c                DMA_Uart_Init_Config
 .text.usart_send_String_DMA
                0x08001230       0x60 CMakeFiles/STM32F407_LCKFB.elf.dir/bsp/DMA/DMA_Init.c.o
                0x08001230                usart_send_String_DMA
 .text.I2C_TIMEOUT_UserCallback.isra.0
                0x08001290       0x3c CMakeFiles/STM32F407_LCKFB.elf.dir/bsp/I2C/i2c_handle.c.o
 .text.I2C_ByteWrite
                0x080012cc       0xa4 CMakeFiles/STM32F407_LCKFB.elf.dir/bsp/I2C/i2c_handle.c.o
                0x080012cc                I2C_ByteWrite
 .text.I2C_BufferWrite
                0x08001370       0x34 CMakeFiles/STM32F407_LCKFB.elf.dir/bsp/I2C/i2c_handle.c.o
                0x08001370                I2C_BufferWrite
 .text.I2C_BufferRead
                0x080013a4      0x138 CMakeFiles/STM32F407_LCKFB.elf.dir/bsp/I2C/i2c_handle.c.o
                0x080013a4                I2C_BufferRead
 .text.I2C_byteRead
                0x080014dc      0x120 CMakeFiles/STM32F407_LCKFB.elf.dir/bsp/I2C/i2c_handle.c.o
                0x080014dc                I2C_byteRead
 .text.I2C_Write_16addr
                0x080015fc       0xc0 CMakeFiles/STM32F407_LCKFB.elf.dir/bsp/I2C/i2c_handle.c.o
                0x080015fc                I2C_Write_16addr
 .text.I2C_Read16addr
                0x080016bc      0x140 CMakeFiles/STM32F407_LCKFB.elf.dir/bsp/I2C/i2c_handle.c.o
                0x080016bc                I2C_Read16addr
 .text.I2C_BufferWrite_16addr
                0x080017fc       0x34 CMakeFiles/STM32F407_LCKFB.elf.dir/bsp/I2C/i2c_handle.c.o
                0x080017fc                I2C_BufferWrite_16addr
 .text.I2C_BufferRead_16addr
                0x08001830      0x158 CMakeFiles/STM32F407_LCKFB.elf.dir/bsp/I2C/i2c_handle.c.o
                0x08001830                I2C_BufferRead_16addr
 .text.Find_i2c_device
                0x08001988       0x8c CMakeFiles/STM32F407_LCKFB.elf.dir/bsp/I2C/i2c_handle.c.o
                0x08001988                Find_i2c_device
 .text.I2C_EE_8Addr_PageWrite
                0x08001a14      0x12c CMakeFiles/STM32F407_LCKFB.elf.dir/bsp/I2C/i2c_handle.c.o
                0x08001a14                I2C_EE_8Addr_PageWrite
 .text.I2C_EE_16Addr_PageWrite
                0x08001b40       0xd0 CMakeFiles/STM32F407_LCKFB.elf.dir/bsp/I2C/i2c_handle.c.o
                0x08001b40                I2C_EE_16Addr_PageWrite
 .text.User_I2C_Init
                0x08001c10       0x84 CMakeFiles/STM32F407_LCKFB.elf.dir/bsp/I2C/i2c_init.c.o
                0x08001c10                User_I2C_Init
 .text.NVIC_Configuration
                0x08001c94       0x58 CMakeFiles/STM32F407_LCKFB.elf.dir/bsp/NVIC/NVIC_Init.c.o
                0x08001c94                NVIC_Configuration
 .text.do_process
                0x08001cec      0x22c CMakeFiles/STM32F407_LCKFB.elf.dir/bsp/Response/response.c.o
                0x08001cec                do_process
 .text.SPI_Screen_BUS_Init
                0x08001f18       0xc0 CMakeFiles/STM32F407_LCKFB.elf.dir/bsp/SPI/spi_init.c.o
                0x08001f18                SPI_Screen_BUS_Init
 .text.uart_init
                0x08001fd8       0xb8 CMakeFiles/STM32F407_LCKFB.elf.dir/bsp/uart/bsp_uart.c.o
                0x08001fd8                uart_init
 .text.usart_send_data
                0x08002090       0x1c CMakeFiles/STM32F407_LCKFB.elf.dir/bsp/uart/bsp_uart.c.o
                0x08002090                usart_send_data
 .text._isatty  0x080020ac        0xa CMakeFiles/STM32F407_LCKFB.elf.dir/bsp/uart/bsp_uart.c.o
                0x080020ac                _isatty
 .text._write   0x080020b6       0x26 CMakeFiles/STM32F407_LCKFB.elf.dir/bsp/uart/bsp_uart.c.o
                0x080020b6                _write
 .text.SystemInit
                0x080020dc       0xf4 CMakeFiles/STM32F407_LCKFB.elf.dir/libraries/CMSIS/Device/ST/STM32F4xx/Source/Templates/system_stm32f4xx.c.o
                0x080020dc                SystemInit
 .text.NVIC_PriorityGroupConfig
                0x080021d0       0x14 CMakeFiles/STM32F407_LCKFB.elf.dir/libraries/STM32F4xx_StdPeriph_Driver/src/misc.c.o
                0x080021d0                NVIC_PriorityGroupConfig
 .text.NVIC_Init
                0x080021e4       0x58 CMakeFiles/STM32F407_LCKFB.elf.dir/libraries/STM32F4xx_StdPeriph_Driver/src/misc.c.o
                0x080021e4                NVIC_Init
 .text.SysTick_CLKSourceConfig
                0x0800223c       0x16 CMakeFiles/STM32F407_LCKFB.elf.dir/libraries/STM32F4xx_StdPeriph_Driver/src/misc.c.o
                0x0800223c                SysTick_CLKSourceConfig
 *fill*         0x08002252        0x2 
 .text.DCMI_DeInit
                0x08002254       0x1c CMakeFiles/STM32F407_LCKFB.elf.dir/libraries/STM32F4xx_StdPeriph_Driver/src/stm32f4xx_dcmi.c.o
                0x08002254                DCMI_DeInit
 .text.DCMI_Init
                0x08002270       0x40 CMakeFiles/STM32F407_LCKFB.elf.dir/libraries/STM32F4xx_StdPeriph_Driver/src/stm32f4xx_dcmi.c.o
                0x08002270                DCMI_Init
 .text.DCMI_Cmd
                0x080022b0       0x18 CMakeFiles/STM32F407_LCKFB.elf.dir/libraries/STM32F4xx_StdPeriph_Driver/src/stm32f4xx_dcmi.c.o
                0x080022b0                DCMI_Cmd
 .text.DCMI_CaptureCmd
                0x080022c8       0x18 CMakeFiles/STM32F407_LCKFB.elf.dir/libraries/STM32F4xx_StdPeriph_Driver/src/stm32f4xx_dcmi.c.o
                0x080022c8                DCMI_CaptureCmd
 .text.DCMI_ITConfig
                0x080022e0       0x18 CMakeFiles/STM32F407_LCKFB.elf.dir/libraries/STM32F4xx_StdPeriph_Driver/src/stm32f4xx_dcmi.c.o
                0x080022e0                DCMI_ITConfig
 .text.DCMI_GetITStatus
                0x080022f8       0x14 CMakeFiles/STM32F407_LCKFB.elf.dir/libraries/STM32F4xx_StdPeriph_Driver/src/stm32f4xx_dcmi.c.o
                0x080022f8                DCMI_GetITStatus
 .text.DCMI_ClearITPendingBit
                0x0800230c        0xc CMakeFiles/STM32F407_LCKFB.elf.dir/libraries/STM32F4xx_StdPeriph_Driver/src/stm32f4xx_dcmi.c.o
                0x0800230c                DCMI_ClearITPendingBit
 .text.DMA_DeInit
                0x08002318      0x110 CMakeFiles/STM32F407_LCKFB.elf.dir/libraries/STM32F4xx_StdPeriph_Driver/src/stm32f4xx_dma.c.o
                0x08002318                DMA_DeInit
 .text.DMA_Init
                0x08002428       0x54 CMakeFiles/STM32F407_LCKFB.elf.dir/libraries/STM32F4xx_StdPeriph_Driver/src/stm32f4xx_dma.c.o
                0x08002428                DMA_Init
 .text.DMA_Cmd  0x0800247c       0x12 CMakeFiles/STM32F407_LCKFB.elf.dir/libraries/STM32F4xx_StdPeriph_Driver/src/stm32f4xx_dma.c.o
                0x0800247c                DMA_Cmd
 .text.DMA_SetCurrDataCounter
                0x0800248e        0x4 CMakeFiles/STM32F407_LCKFB.elf.dir/libraries/STM32F4xx_StdPeriph_Driver/src/stm32f4xx_dma.c.o
                0x0800248e                DMA_SetCurrDataCounter
 .text.DMA_GetCurrDataCounter
                0x08002492        0x6 CMakeFiles/STM32F407_LCKFB.elf.dir/libraries/STM32F4xx_StdPeriph_Driver/src/stm32f4xx_dma.c.o
                0x08002492                DMA_GetCurrDataCounter
 .text.DMA_GetCmdStatus
                0x08002498        0x8 CMakeFiles/STM32F407_LCKFB.elf.dir/libraries/STM32F4xx_StdPeriph_Driver/src/stm32f4xx_dma.c.o
                0x08002498                DMA_GetCmdStatus
 .text.DMA_ClearFlag
                0x080024a0       0x2c CMakeFiles/STM32F407_LCKFB.elf.dir/libraries/STM32F4xx_StdPeriph_Driver/src/stm32f4xx_dma.c.o
                0x080024a0                DMA_ClearFlag
 .text.DMA_ITConfig
                0x080024cc       0x3c CMakeFiles/STM32F407_LCKFB.elf.dir/libraries/STM32F4xx_StdPeriph_Driver/src/stm32f4xx_dma.c.o
                0x080024cc                DMA_ITConfig
 .text.DMA_GetITStatus
                0x08002508       0x54 CMakeFiles/STM32F407_LCKFB.elf.dir/libraries/STM32F4xx_StdPeriph_Driver/src/stm32f4xx_dma.c.o
                0x08002508                DMA_GetITStatus
 .text.DMA_ClearITPendingBit
                0x0800255c        0x4 CMakeFiles/STM32F407_LCKFB.elf.dir/libraries/STM32F4xx_StdPeriph_Driver/src/stm32f4xx_dma.c.o
                0x0800255c                DMA_ClearITPendingBit
 .text.GPIO_Init
                0x08002560       0x8a CMakeFiles/STM32F407_LCKFB.elf.dir/libraries/STM32F4xx_StdPeriph_Driver/src/stm32f4xx_gpio.c.o
                0x08002560                GPIO_Init
 .text.GPIO_StructInit
                0x080025ea        0xc CMakeFiles/STM32F407_LCKFB.elf.dir/libraries/STM32F4xx_StdPeriph_Driver/src/stm32f4xx_gpio.c.o
                0x080025ea                GPIO_StructInit
 .text.GPIO_SetBits
                0x080025f6        0x4 CMakeFiles/STM32F407_LCKFB.elf.dir/libraries/STM32F4xx_StdPeriph_Driver/src/stm32f4xx_gpio.c.o
                0x080025f6                GPIO_SetBits
 .text.GPIO_ResetBits
                0x080025fa        0x6 CMakeFiles/STM32F407_LCKFB.elf.dir/libraries/STM32F4xx_StdPeriph_Driver/src/stm32f4xx_gpio.c.o
                0x080025fa                GPIO_ResetBits
 .text.GPIO_WriteBit
                0x08002600        0xa CMakeFiles/STM32F407_LCKFB.elf.dir/libraries/STM32F4xx_StdPeriph_Driver/src/stm32f4xx_gpio.c.o
                0x08002600                GPIO_WriteBit
 .text.GPIO_PinAFConfig
                0x0800260a       0x24 CMakeFiles/STM32F407_LCKFB.elf.dir/libraries/STM32F4xx_StdPeriph_Driver/src/stm32f4xx_gpio.c.o
                0x0800260a                GPIO_PinAFConfig
 *fill*         0x0800262e        0x2 
 .text.I2C_Init
                0x08002630       0xd4 CMakeFiles/STM32F407_LCKFB.elf.dir/libraries/STM32F4xx_StdPeriph_Driver/src/stm32f4xx_i2c.c.o
                0x08002630                I2C_Init
 .text.I2C_Cmd  0x08002704       0x18 CMakeFiles/STM32F407_LCKFB.elf.dir/libraries/STM32F4xx_StdPeriph_Driver/src/stm32f4xx_i2c.c.o
                0x08002704                I2C_Cmd
 .text.I2C_GenerateSTART
                0x0800271c       0x18 CMakeFiles/STM32F407_LCKFB.elf.dir/libraries/STM32F4xx_StdPeriph_Driver/src/stm32f4xx_i2c.c.o
                0x0800271c                I2C_GenerateSTART
 .text.I2C_GenerateSTOP
                0x08002734       0x18 CMakeFiles/STM32F407_LCKFB.elf.dir/libraries/STM32F4xx_StdPeriph_Driver/src/stm32f4xx_i2c.c.o
                0x08002734                I2C_GenerateSTOP
 .text.I2C_Send7bitAddress
                0x0800274c       0x10 CMakeFiles/STM32F407_LCKFB.elf.dir/libraries/STM32F4xx_StdPeriph_Driver/src/stm32f4xx_i2c.c.o
                0x0800274c                I2C_Send7bitAddress
 .text.I2C_AcknowledgeConfig
                0x0800275c       0x18 CMakeFiles/STM32F407_LCKFB.elf.dir/libraries/STM32F4xx_StdPeriph_Driver/src/stm32f4xx_i2c.c.o
                0x0800275c                I2C_AcknowledgeConfig
 .text.I2C_SendData
                0x08002774        0x4 CMakeFiles/STM32F407_LCKFB.elf.dir/libraries/STM32F4xx_StdPeriph_Driver/src/stm32f4xx_i2c.c.o
                0x08002774                I2C_SendData
 .text.I2C_ReceiveData
                0x08002778        0x6 CMakeFiles/STM32F407_LCKFB.elf.dir/libraries/STM32F4xx_StdPeriph_Driver/src/stm32f4xx_i2c.c.o
                0x08002778                I2C_ReceiveData
 .text.I2C_ReadRegister
                0x0800277e       0x18 CMakeFiles/STM32F407_LCKFB.elf.dir/libraries/STM32F4xx_StdPeriph_Driver/src/stm32f4xx_i2c.c.o
                0x0800277e                I2C_ReadRegister
 .text.I2C_CheckEvent
                0x08002796       0x20 CMakeFiles/STM32F407_LCKFB.elf.dir/libraries/STM32F4xx_StdPeriph_Driver/src/stm32f4xx_i2c.c.o
                0x08002796                I2C_CheckEvent
 .text.I2C_GetFlagStatus
                0x080027b6       0x34 CMakeFiles/STM32F407_LCKFB.elf.dir/libraries/STM32F4xx_StdPeriph_Driver/src/stm32f4xx_i2c.c.o
                0x080027b6                I2C_GetFlagStatus
 .text.I2C_ClearFlag
                0x080027ea        0x8 CMakeFiles/STM32F407_LCKFB.elf.dir/libraries/STM32F4xx_StdPeriph_Driver/src/stm32f4xx_i2c.c.o
                0x080027ea                I2C_ClearFlag
 *fill*         0x080027f2        0x2 
 .text.RCC_GetClocksFreq
                0x080027f4       0x84 CMakeFiles/STM32F407_LCKFB.elf.dir/libraries/STM32F4xx_StdPeriph_Driver/src/stm32f4xx_rcc.c.o
                0x080027f4                RCC_GetClocksFreq
 .text.RCC_AHB1PeriphClockCmd
                0x08002878       0x18 CMakeFiles/STM32F407_LCKFB.elf.dir/libraries/STM32F4xx_StdPeriph_Driver/src/stm32f4xx_rcc.c.o
                0x08002878                RCC_AHB1PeriphClockCmd
 .text.RCC_AHB2PeriphClockCmd
                0x08002890       0x18 CMakeFiles/STM32F407_LCKFB.elf.dir/libraries/STM32F4xx_StdPeriph_Driver/src/stm32f4xx_rcc.c.o
                0x08002890                RCC_AHB2PeriphClockCmd
 .text.RCC_APB1PeriphClockCmd
                0x080028a8       0x18 CMakeFiles/STM32F407_LCKFB.elf.dir/libraries/STM32F4xx_StdPeriph_Driver/src/stm32f4xx_rcc.c.o
                0x080028a8                RCC_APB1PeriphClockCmd
 .text.RCC_APB2PeriphClockCmd
                0x080028c0       0x18 CMakeFiles/STM32F407_LCKFB.elf.dir/libraries/STM32F4xx_StdPeriph_Driver/src/stm32f4xx_rcc.c.o
                0x080028c0                RCC_APB2PeriphClockCmd
 .text.RCC_APB1PeriphResetCmd
                0x080028d8       0x18 CMakeFiles/STM32F407_LCKFB.elf.dir/libraries/STM32F4xx_StdPeriph_Driver/src/stm32f4xx_rcc.c.o
                0x080028d8                RCC_APB1PeriphResetCmd
 .text.RCC_APB2PeriphResetCmd
                0x080028f0       0x18 CMakeFiles/STM32F407_LCKFB.elf.dir/libraries/STM32F4xx_StdPeriph_Driver/src/stm32f4xx_rcc.c.o
                0x080028f0                RCC_APB2PeriphResetCmd
 .text.SPI_Init
                0x08002908       0x3e CMakeFiles/STM32F407_LCKFB.elf.dir/libraries/STM32F4xx_StdPeriph_Driver/src/stm32f4xx_spi.c.o
                0x08002908                SPI_Init
 .text.SPI_Cmd  0x08002946       0x18 CMakeFiles/STM32F407_LCKFB.elf.dir/libraries/STM32F4xx_StdPeriph_Driver/src/stm32f4xx_spi.c.o
                0x08002946                SPI_Cmd
 .text.SPI_DataSizeConfig
                0x0800295e       0x16 CMakeFiles/STM32F407_LCKFB.elf.dir/libraries/STM32F4xx_StdPeriph_Driver/src/stm32f4xx_spi.c.o
                0x0800295e                SPI_DataSizeConfig
 .text.SPI_I2S_SendData
                0x08002974        0x4 CMakeFiles/STM32F407_LCKFB.elf.dir/libraries/STM32F4xx_StdPeriph_Driver/src/stm32f4xx_spi.c.o
                0x08002974                SPI_I2S_SendData
 .text.SPI_I2S_GetFlagStatus
                0x08002978        0xe CMakeFiles/STM32F407_LCKFB.elf.dir/libraries/STM32F4xx_StdPeriph_Driver/src/stm32f4xx_spi.c.o
                0x08002978                SPI_I2S_GetFlagStatus
 *fill*         0x08002986        0x2 
 .text.USART_DeInit
                0x08002988       0xe8 CMakeFiles/STM32F407_LCKFB.elf.dir/libraries/STM32F4xx_StdPeriph_Driver/src/stm32f4xx_usart.c.o
                0x08002988                USART_DeInit
 .text.USART_Init
                0x08002a70       0xac CMakeFiles/STM32F407_LCKFB.elf.dir/libraries/STM32F4xx_StdPeriph_Driver/src/stm32f4xx_usart.c.o
                0x08002a70                USART_Init
 .text.USART_Cmd
                0x08002b1c       0x18 CMakeFiles/STM32F407_LCKFB.elf.dir/libraries/STM32F4xx_StdPeriph_Driver/src/stm32f4xx_usart.c.o
                0x08002b1c                USART_Cmd
 .text.USART_SendData
                0x08002b34        0x8 CMakeFiles/STM32F407_LCKFB.elf.dir/libraries/STM32F4xx_StdPeriph_Driver/src/stm32f4xx_usart.c.o
                0x08002b34                USART_SendData
 .text.USART_ReceiveData
                0x08002b3c        0x8 CMakeFiles/STM32F407_LCKFB.elf.dir/libraries/STM32F4xx_StdPeriph_Driver/src/stm32f4xx_usart.c.o
                0x08002b3c                USART_ReceiveData
 .text.USART_DMACmd
                0x08002b44       0x12 CMakeFiles/STM32F407_LCKFB.elf.dir/libraries/STM32F4xx_StdPeriph_Driver/src/stm32f4xx_usart.c.o
                0x08002b44                USART_DMACmd
 .text.USART_ITConfig
                0x08002b56       0x32 CMakeFiles/STM32F407_LCKFB.elf.dir/libraries/STM32F4xx_StdPeriph_Driver/src/stm32f4xx_usart.c.o
                0x08002b56                USART_ITConfig
 .text.USART_GetFlagStatus
                0x08002b88        0xe CMakeFiles/STM32F407_LCKFB.elf.dir/libraries/STM32F4xx_StdPeriph_Driver/src/stm32f4xx_usart.c.o
                0x08002b88                USART_GetFlagStatus
 .text.USART_GetITStatus
                0x08002b96       0x3c CMakeFiles/STM32F407_LCKFB.elf.dir/libraries/STM32F4xx_StdPeriph_Driver/src/stm32f4xx_usart.c.o
                0x08002b96                USART_GetITStatus
 .text.NMI_Handler
                0x08002bd2        0x2 CMakeFiles/STM32F407_LCKFB.elf.dir/module/stm32f4xx_it.c.o
                0x08002bd2                NMI_Handler
 .text.HardFault_Handler
                0x08002bd4        0x2 CMakeFiles/STM32F407_LCKFB.elf.dir/module/stm32f4xx_it.c.o
                0x08002bd4                HardFault_Handler
 .text.MemManage_Handler
                0x08002bd6        0x2 CMakeFiles/STM32F407_LCKFB.elf.dir/module/stm32f4xx_it.c.o
                0x08002bd6                MemManage_Handler
 .text.BusFault_Handler
                0x08002bd8        0x2 CMakeFiles/STM32F407_LCKFB.elf.dir/module/stm32f4xx_it.c.o
                0x08002bd8                BusFault_Handler
 .text.UsageFault_Handler
                0x08002bda        0x2 CMakeFiles/STM32F407_LCKFB.elf.dir/module/stm32f4xx_it.c.o
                0x08002bda                UsageFault_Handler
 .text.SVC_Handler
                0x08002bdc        0x2 CMakeFiles/STM32F407_LCKFB.elf.dir/module/stm32f4xx_it.c.o
                0x08002bdc                SVC_Handler
 .text.DebugMon_Handler
                0x08002bde        0x2 CMakeFiles/STM32F407_LCKFB.elf.dir/module/stm32f4xx_it.c.o
                0x08002bde                DebugMon_Handler
 .text.PendSV_Handler
                0x08002be0        0x2 CMakeFiles/STM32F407_LCKFB.elf.dir/module/stm32f4xx_it.c.o
                0x08002be0                PendSV_Handler
 *fill*         0x08002be2        0x2 
 .text.USART2_IRQHandler
                0x08002be4       0x74 CMakeFiles/STM32F407_LCKFB.elf.dir/module/stm32f4xx_it.c.o
                0x08002be4                USART2_IRQHandler
 .text.DMA1_Stream6_IRQHandler
                0x08002c58       0x24 CMakeFiles/STM32F407_LCKFB.elf.dir/module/stm32f4xx_it.c.o
                0x08002c58                DMA1_Stream6_IRQHandler
 .text.DCMI_IRQHandler
                0x08002c7c       0x1c CMakeFiles/STM32F407_LCKFB.elf.dir/module/stm32f4xx_it.c.o
                0x08002c7c                DCMI_IRQHandler
 .text.SysTick_Handler
                0x08002c98        0x2 CMakeFiles/STM32F407_LCKFB.elf.dir/module/stm32f4xx_it.c.o
                0x08002c98                SysTick_Handler
 *fill*         0x08002c9a        0x2 
 .text.Reset_Handler
                0x08002c9c       0x50 CMakeFiles/STM32F407_LCKFB.elf.dir/libraries/CMSIS/Device/ST/STM32F4xx/Source/Templates/arm/startup_stm32f407xx.s.o
                0x08002c9c                Reset_Handler
 .text.Default_Handler
                0x08002cec        0x2 CMakeFiles/STM32F407_LCKFB.elf.dir/libraries/CMSIS/Device/ST/STM32F4xx/Source/Templates/arm/startup_stm32f407xx.s.o
                0x08002cec                RTC_Alarm_IRQHandler
                0x08002cec                HASH_RNG_IRQHandler
                0x08002cec                EXTI2_IRQHandler
                0x08002cec                TIM8_CC_IRQHandler
                0x08002cec                TIM1_CC_IRQHandler
                0x08002cec                DMA2_Stream5_IRQHandler
                0x08002cec                DMA1_Stream5_IRQHandler
                0x08002cec                PVD_IRQHandler
                0x08002cec                SDIO_IRQHandler
                0x08002cec                TAMP_STAMP_IRQHandler
                0x08002cec                CAN2_RX1_IRQHandler
                0x08002cec                EXTI3_IRQHandler
                0x08002cec                TIM8_TRG_COM_TIM14_IRQHandler
                0x08002cec                TIM1_UP_TIM10_IRQHandler
                0x08002cec                TIM8_UP_TIM13_IRQHandler
                0x08002cec                I2C3_ER_IRQHandler
                0x08002cec                EXTI0_IRQHandler
                0x08002cec                I2C2_EV_IRQHandler
                0x08002cec                DMA1_Stream2_IRQHandler
                0x08002cec                CAN1_RX0_IRQHandler
                0x08002cec                FPU_IRQHandler
                0x08002cec                OTG_HS_WKUP_IRQHandler
                0x08002cec                CAN2_SCE_IRQHandler
                0x08002cec                DMA2_Stream2_IRQHandler
                0x08002cec                SPI1_IRQHandler
                0x08002cec                TIM6_DAC_IRQHandler
                0x08002cec                TIM1_BRK_TIM9_IRQHandler
                0x08002cec                CAN2_RX0_IRQHandler
                0x08002cec                DMA2_Stream3_IRQHandler
                0x08002cec                USART6_IRQHandler
                0x08002cec                USART3_IRQHandler
                0x08002cec                CAN1_RX1_IRQHandler
                0x08002cec                UART5_IRQHandler
                0x08002cec                DMA2_Stream0_IRQHandler
                0x08002cec                TIM4_IRQHandler
                0x08002cec                I2C1_EV_IRQHandler
                0x08002cec                DMA1_Stream1_IRQHandler
                0x08002cec                UART4_IRQHandler
                0x08002cec                TIM3_IRQHandler
                0x08002cec                RCC_IRQHandler
                0x08002cec                TIM8_BRK_TIM12_IRQHandler
                0x08002cec                Default_Handler
                0x08002cec                EXTI15_10_IRQHandler
                0x08002cec                ADC_IRQHandler
                0x08002cec                DMA1_Stream7_IRQHandler
                0x08002cec                TIM7_IRQHandler
                0x08002cec                CAN2_TX_IRQHandler
                0x08002cec                TIM5_IRQHandler
                0x08002cec                DMA2_Stream7_IRQHandler
                0x08002cec                I2C3_EV_IRQHandler
                0x08002cec                EXTI9_5_IRQHandler
                0x08002cec                RTC_WKUP_IRQHandler
                0x08002cec                ETH_WKUP_IRQHandler
                0x08002cec                SPI2_IRQHandler
                0x08002cec                OTG_HS_EP1_IN_IRQHandler
                0x08002cec                DMA1_Stream0_IRQHandler
                0x08002cec                CAN1_TX_IRQHandler
                0x08002cec                EXTI4_IRQHandler
                0x08002cec                FSMC_IRQHandler
                0x08002cec                ETH_IRQHandler
                0x08002cec                OTG_HS_EP1_OUT_IRQHandler
                0x08002cec                WWDG_IRQHandler
                0x08002cec                TIM2_IRQHandler
                0x08002cec                OTG_FS_WKUP_IRQHandler
                0x08002cec                TIM1_TRG_COM_TIM11_IRQHandler
                0x08002cec                OTG_HS_IRQHandler
                0x08002cec                EXTI1_IRQHandler
                0x08002cec                I2C2_ER_IRQHandler
                0x08002cec                DMA2_Stream1_IRQHandler
                0x08002cec                CAN1_SCE_IRQHandler
                0x08002cec                FLASH_IRQHandler
                0x08002cec                DMA2_Stream4_IRQHandler
                0x08002cec                USART1_IRQHandler
                0x08002cec                OTG_FS_IRQHandler
                0x08002cec                SPI3_IRQHandler
                0x08002cec                DMA1_Stream4_IRQHandler
                0x08002cec                I2C1_ER_IRQHandler
                0x08002cec                DMA2_Stream6_IRQHandler
                0x08002cec                DMA1_Stream3_IRQHandler
 *fill*         0x08002cee        0x2 
 .text.printf   0x08002cf0       0x24 /opt/arm-gnu-toolchain-14.3.rel1-x86_64-arm-none-eabi/bin/../lib/gcc/arm-none-eabi/14.3.1/../../../../arm-none-eabi/lib/thumb/v7e-m+fp/hard/libg_nano.a(libc_a-printf.o)
                0x08002cf0                printf
                0x08002cf0                iprintf
 .text._puts_r  0x08002d14       0xaa /opt/arm-gnu-toolchain-14.3.rel1-x86_64-arm-none-eabi/bin/../lib/gcc/arm-none-eabi/14.3.1/../../../../arm-none-eabi/lib/thumb/v7e-m+fp/hard/libg_nano.a(libc_a-puts.o)
                0x08002d14                _puts_r
 *fill*         0x08002dbe        0x2 
 .text.puts     0x08002dc0       0x10 /opt/arm-gnu-toolchain-14.3.rel1-x86_64-arm-none-eabi/bin/../lib/gcc/arm-none-eabi/14.3.1/../../../../arm-none-eabi/lib/thumb/v7e-m+fp/hard/libg_nano.a(libc_a-puts.o)
                0x08002dc0                puts
 .text.__swbuf_r
                0x08002dd0       0x7c /opt/arm-gnu-toolchain-14.3.rel1-x86_64-arm-none-eabi/bin/../lib/gcc/arm-none-eabi/14.3.1/../../../../arm-none-eabi/lib/thumb/v7e-m+fp/hard/libg_nano.a(libc_a-wbuf.o)
                0x08002dd0                __swbuf_r
 .text.__swsetup_r
                0x08002e4c       0xa8 /opt/arm-gnu-toolchain-14.3.rel1-x86_64-arm-none-eabi/bin/../lib/gcc/arm-none-eabi/14.3.1/../../../../arm-none-eabi/lib/thumb/v7e-m+fp/hard/libg_nano.a(libc_a-wsetup.o)
                0x08002e4c                __swsetup_r
 .text.__errno  0x08002ef4        0xc /opt/arm-gnu-toolchain-14.3.rel1-x86_64-arm-none-eabi/bin/../lib/gcc/arm-none-eabi/14.3.1/../../../../arm-none-eabi/lib/thumb/v7e-m+fp/hard/libg_nano.a(libc_a-errno.o)
                0x08002ef4                __errno
 .text.memcpy   0x08002f00       0x1c /opt/arm-gnu-toolchain-14.3.rel1-x86_64-arm-none-eabi/bin/../lib/gcc/arm-none-eabi/14.3.1/../../../../arm-none-eabi/lib/thumb/v7e-m+fp/hard/libg_nano.a(libc_a-memcpy-stub.o)
                0x08002f00                memcpy
 .text.__sfputc_r
                0x08002f1c       0x2e /opt/arm-gnu-toolchain-14.3.rel1-x86_64-arm-none-eabi/bin/../lib/gcc/arm-none-eabi/14.3.1/../../../../arm-none-eabi/lib/thumb/v7e-m+fp/hard/libg_nano.a(libc_a-nano-vfprintf.o)
 .text.__sfputs_r
                0x08002f4a       0x24 /opt/arm-gnu-toolchain-14.3.rel1-x86_64-arm-none-eabi/bin/../lib/gcc/arm-none-eabi/14.3.1/../../../../arm-none-eabi/lib/thumb/v7e-m+fp/hard/libg_nano.a(libc_a-nano-vfprintf.o)
                0x08002f4a                __sfputs_r
 *fill*         0x08002f6e        0x2 
 .text._vfprintf_r
                0x08002f70      0x228 /opt/arm-gnu-toolchain-14.3.rel1-x86_64-arm-none-eabi/bin/../lib/gcc/arm-none-eabi/14.3.1/../../../../arm-none-eabi/lib/thumb/v7e-m+fp/hard/libg_nano.a(libc_a-nano-vfprintf.o)
                0x08002f70                _vfiprintf_r
                0x08002f70                _vfprintf_r
 .text._printf_common
                0x08003198       0xda /opt/arm-gnu-toolchain-14.3.rel1-x86_64-arm-none-eabi/bin/../lib/gcc/arm-none-eabi/14.3.1/../../../../arm-none-eabi/lib/thumb/v7e-m+fp/hard/libg_nano.a(libc_a-nano-vfprintf_i.o)
                0x08003198                _printf_common
 *fill*         0x08003272        0x2 
 .text._printf_i
                0x08003274      0x24c /opt/arm-gnu-toolchain-14.3.rel1-x86_64-arm-none-eabi/bin/../lib/gcc/arm-none-eabi/14.3.1/../../../../arm-none-eabi/lib/thumb/v7e-m+fp/hard/libg_nano.a(libc_a-nano-vfprintf_i.o)
                0x08003274                _printf_i
 .text.__swhatbuf_r
                0x080034c0       0x48 /opt/arm-gnu-toolchain-14.3.rel1-x86_64-arm-none-eabi/bin/../lib/gcc/arm-none-eabi/14.3.1/../../../../arm-none-eabi/lib/thumb/v7e-m+fp/hard/libg_nano.a(libc_a-makebuf.o)
                0x080034c0                __swhatbuf_r
 .text.__smakebuf_r
                0x08003508       0x72 /opt/arm-gnu-toolchain-14.3.rel1-x86_64-arm-none-eabi/bin/../lib/gcc/arm-none-eabi/14.3.1/../../../../arm-none-eabi/lib/thumb/v7e-m+fp/hard/libg_nano.a(libc_a-makebuf.o)
                0x08003508                __smakebuf_r
 *fill*         0x0800357a        0x2 
 .text._fstat_r
                0x0800357c       0x24 /opt/arm-gnu-toolchain-14.3.rel1-x86_64-arm-none-eabi/bin/../lib/gcc/arm-none-eabi/14.3.1/../../../../arm-none-eabi/lib/thumb/v7e-m+fp/hard/libg_nano.a(libc_a-fstatr.o)
                0x0800357c                _fstat_r
 .text._isatty_r
                0x080035a0       0x20 /opt/arm-gnu-toolchain-14.3.rel1-x86_64-arm-none-eabi/bin/../lib/gcc/arm-none-eabi/14.3.1/../../../../arm-none-eabi/lib/thumb/v7e-m+fp/hard/libg_nano.a(libc_a-isattyr.o)
                0x080035a0                _isatty_r
 .text._close   0x080035c0       0x10 /opt/arm-gnu-toolchain-14.3.rel1-x86_64-arm-none-eabi/bin/../lib/gcc/arm-none-eabi/14.3.1/../../../../arm-none-eabi/lib/thumb/v7e-m+fp/hard/libnosys.a(close.o)
                0x080035c0                _close
 .text._fstat   0x080035d0       0x10 /opt/arm-gnu-toolchain-14.3.rel1-x86_64-arm-none-eabi/bin/../lib/gcc/arm-none-eabi/14.3.1/../../../../arm-none-eabi/lib/thumb/v7e-m+fp/hard/libnosys.a(fstat.o)
                0x080035d0                _fstat
 .text._lseek   0x080035e0       0x10 /opt/arm-gnu-toolchain-14.3.rel1-x86_64-arm-none-eabi/bin/../lib/gcc/arm-none-eabi/14.3.1/../../../../arm-none-eabi/lib/thumb/v7e-m+fp/hard/libnosys.a(lseek.o)
                0x080035e0                _lseek
 .text._read    0x080035f0       0x10 /opt/arm-gnu-toolchain-14.3.rel1-x86_64-arm-none-eabi/bin/../lib/gcc/arm-none-eabi/14.3.1/../../../../arm-none-eabi/lib/thumb/v7e-m+fp/hard/libnosys.a(read.o)
                0x080035f0                _read
 .text._sbrk    0x08003600       0x1c /opt/arm-gnu-toolchain-14.3.rel1-x86_64-arm-none-eabi/bin/../lib/gcc/arm-none-eabi/14.3.1/../../../../arm-none-eabi/lib/thumb/v7e-m+fp/hard/libnosys.a(sbrk.o)
                0x08003600                _sbrk
 *(.glue_7)
 .glue_7        0x0800361c        0x0 linker stubs
 *(.glue_7t)
 .glue_7t       0x0800361c        0x0 linker stubs
 *(.eh_frame)
 .eh_frame      0x0800361c        0x0 /opt/arm-gnu-toolchain-14.3.rel1-x86_64-arm-none-eabi/bin/../lib/gcc/arm-none-eabi/14.3.1/thumb/v7e-m+fp/hard/crtbegin.o
 *(.init)
 .init          0x0800361c        0x4 /opt/arm-gnu-toolchain-14.3.rel1-x86_64-arm-none-eabi/bin/../lib/gcc/arm-none-eabi/14.3.1/thumb/v7e-m+fp/hard/crti.o
                0x0800361c                _init
 .init          0x08003620        0x8 /opt/arm-gnu-toolchain-14.3.rel1-x86_64-arm-none-eabi/bin/../lib/gcc/arm-none-eabi/14.3.1/thumb/v7e-m+fp/hard/crtn.o
 *(.fini)
 .fini          0x08003628        0x4 /opt/arm-gnu-toolchain-14.3.rel1-x86_64-arm-none-eabi/bin/../lib/gcc/arm-none-eabi/14.3.1/thumb/v7e-m+fp/hard/crti.o
                0x08003628                _fini
 .fini          0x0800362c        0x8 /opt/arm-gnu-toolchain-14.3.rel1-x86_64-arm-none-eabi/bin/../lib/gcc/arm-none-eabi/14.3.1/thumb/v7e-m+fp/hard/crtn.o
                0x08003634                        . = ALIGN (0x4)
                0x08003634                        _etext = .

.vfp11_veneer   0x08003634        0x0
 .vfp11_veneer  0x08003634        0x0 linker stubs

.v4_bx          0x08003634        0x0
 .v4_bx         0x08003634        0x0 linker stubs

.iplt           0x08003634        0x0
 .iplt          0x08003634        0x0 /opt/arm-gnu-toolchain-14.3.rel1-x86_64-arm-none-eabi/bin/../lib/gcc/arm-none-eabi/14.3.1/thumb/v7e-m+fp/hard/crtbegin.o

.rodata         0x08003634      0x584
                0x08003634                        . = ALIGN (0x4)
 *(.rodata)
 .rodata        0x08003634       0x10 CMakeFiles/STM32F407_LCKFB.elf.dir/bsp/I2C/i2c_init.c.o
 .rodata        0x08003644       0x24 CMakeFiles/STM32F407_LCKFB.elf.dir/bsp/SPI/spi_init.c.o
 *(.rodata*)
 .rodata.OV2640_Image_Config.str1.1
                0x08003668      0x398 CMakeFiles/STM32F407_LCKFB.elf.dir/PeripheralModule/OV2640/OV2640_init.c.o
                                 0x50 (size before relaxing)
 .rodata.OV2640_UXGA
                0x08003a00      0x16e CMakeFiles/STM32F407_LCKFB.elf.dir/PeripheralModule/OV2640/OV2640_init.c.o
                0x08003a00                OV2640_UXGA
 .rodata.LCD_Writ_Bus.isra.0.str1.1
                0x08003b6e        0xd CMakeFiles/STM32F407_LCKFB.elf.dir/PeripheralModule/SPI_Screen/SPI_Screen_init.c.o
 .rodata.LCD_Screen_Init.str1.1
                0x08003b6e       0x16 CMakeFiles/STM32F407_LCKFB.elf.dir/PeripheralModule/SPI_Screen/SPI_Screen_init.c.o
 .rodata.main.str1.1
                0x08003b6e       0x36 CMakeFiles/STM32F407_LCKFB.elf.dir/app/main.c.o
 .rodata.I2C_TIMEOUT_UserCallback.isra.0.str1.1
                0x08003b6e        0x3 CMakeFiles/STM32F407_LCKFB.elf.dir/bsp/I2C/i2c_handle.c.o
 .rodata.I2C_BufferWrite.str1.1
                0x08003b6e       0x2f CMakeFiles/STM32F407_LCKFB.elf.dir/bsp/I2C/i2c_handle.c.o
 .rodata.I2C_BufferWrite_16addr.str1.1
                0x08003b6e       0x30 CMakeFiles/STM32F407_LCKFB.elf.dir/bsp/I2C/i2c_handle.c.o
 .rodata.Find_i2c_device.str1.1
                0x08003b6e       0x5c CMakeFiles/STM32F407_LCKFB.elf.dir/bsp/I2C/i2c_handle.c.o
 .rodata.str1.1
                0x08003b6e       0xdc CMakeFiles/STM32F407_LCKFB.elf.dir/bsp/I2C/i2c_handle.c.o
 *fill*         0x08003b6e        0x2 
 .rodata.i2c_Errors
                0x08003b70       0x38 CMakeFiles/STM32F407_LCKFB.elf.dir/bsp/I2C/i2c_handle.c.o
 .rodata.do_process.str1.1
                0x08003ba8      0x122 CMakeFiles/STM32F407_LCKFB.elf.dir/bsp/Response/response.c.o
 .rodata.APBAHBPrescTable
                0x08003ba8       0x10 CMakeFiles/STM32F407_LCKFB.elf.dir/libraries/STM32F4xx_StdPeriph_Driver/src/stm32f4xx_rcc.c.o
 .rodata._vfprintf_r.str1.1
                0x08003bb8       0x11 /opt/arm-gnu-toolchain-14.3.rel1-x86_64-arm-none-eabi/bin/../lib/gcc/arm-none-eabi/14.3.1/../../../../arm-none-eabi/lib/thumb/v7e-m+fp/hard/libg_nano.a(libc_a-nano-vfprintf.o)
 .rodata._printf_i.str1.1
                0x08003bb8       0x22 /opt/arm-gnu-toolchain-14.3.rel1-x86_64-arm-none-eabi/bin/../lib/gcc/arm-none-eabi/14.3.1/../../../../arm-none-eabi/lib/thumb/v7e-m+fp/hard/libg_nano.a(libc_a-nano-vfprintf_i.o)
                0x08003ccc                        . = ALIGN (0x4)

.ARM.extab
 *(.ARM.extab* .gnu.linkonce.armextab.*)

.ARM            0x08003bb8        0x8
                0x08003bb8                        __exidx_start = .
 *(.ARM.exidx*)
 .ARM.exidx     0x08003bb8        0x8 /opt/arm-gnu-toolchain-14.3.rel1-x86_64-arm-none-eabi/bin/../lib/gcc/arm-none-eabi/14.3.1/../../../../arm-none-eabi/lib/thumb/v7e-m+fp/hard/libg_nano.a(libc_a-memchr.o)
                0x08003bc0                        __exidx_end = .

.rel.dyn        0x08003bc0        0x0
 .rel.iplt      0x08003bc0        0x0 /opt/arm-gnu-toolchain-14.3.rel1-x86_64-arm-none-eabi/bin/../lib/gcc/arm-none-eabi/14.3.1/thumb/v7e-m+fp/hard/crtbegin.o

.preinit_array  0x08003bc0        0x0
                0x08003bc0                        PROVIDE (__preinit_array_start = .)
 *(.preinit_array*)
                0x08003bc0                        PROVIDE (__preinit_array_end = .)

.init_array     0x08003bc0        0x4
                0x08003bc0                        PROVIDE (__init_array_start = .)
 *(SORT_BY_NAME(.init_array.*))
 *(.init_array*)
 .init_array    0x08003bc0        0x4 /opt/arm-gnu-toolchain-14.3.rel1-x86_64-arm-none-eabi/bin/../lib/gcc/arm-none-eabi/14.3.1/thumb/v7e-m+fp/hard/crtbegin.o
                0x08003bc4                        PROVIDE (__init_array_end = .)

.fini_array     0x08003bc4        0x4
                [!provide]                        PROVIDE (__fini_array_start = .)
 *(SORT_BY_NAME(.fini_array.*))
 *(.fini_array*)
 .fini_array    0x08003bc4        0x4 /opt/arm-gnu-toolchain-14.3.rel1-x86_64-arm-none-eabi/bin/../lib/gcc/arm-none-eabi/14.3.1/thumb/v7e-m+fp/hard/crtbegin.o
                [!provide]                        PROVIDE (__fini_array_end = .)
                0x08003bc8                        _sidata = LOADADDR (.data)

.data           0x20000000       0x60 load address 0x08003bc8
                0x20000000                        . = ALIGN (0x4)
                0x20000000                        _sdata = .
 *(.data)
 *(.data*)
 .data.__sglue  0x20000000        0xc /opt/arm-gnu-toolchain-14.3.rel1-x86_64-arm-none-eabi/bin/../lib/gcc/arm-none-eabi/14.3.1/../../../../arm-none-eabi/lib/thumb/v7e-m+fp/hard/libc_nano.a(libc_a-findfp.o)
                0x20000000                __sglue
 .data._impure_ptr
                0x2000000c        0x4 /opt/arm-gnu-toolchain-14.3.rel1-x86_64-arm-none-eabi/bin/../lib/gcc/arm-none-eabi/14.3.1/../../../../arm-none-eabi/lib/thumb/v7e-m+fp/hard/libc_nano.a(libc_a-impure.o)
                0x2000000c                _impure_ptr
 .data._impure_data
                0x20000010       0x4c /opt/arm-gnu-toolchain-14.3.rel1-x86_64-arm-none-eabi/bin/../lib/gcc/arm-none-eabi/14.3.1/../../../../arm-none-eabi/lib/thumb/v7e-m+fp/hard/libc_nano.a(libc_a-impure.o)
                0x20000010                _impure_data
 .data.SystemCoreClock
                0x2000005c        0x4 CMakeFiles/STM32F407_LCKFB.elf.dir/libraries/CMSIS/Device/ST/STM32F4xx/Source/Templates/system_stm32f4xx.c.o
                0x2000005c                SystemCoreClock
                0x20000060                        . = ALIGN (0x4)
                0x20000060                        _edata = .
                0x08003c28                        _siccmram = LOADADDR (.ccmram)

.tm_clone_table
                0x20000060        0x0 load address 0x08003c28
 .tm_clone_table
                0x20000060        0x0 /opt/arm-gnu-toolchain-14.3.rel1-x86_64-arm-none-eabi/bin/../lib/gcc/arm-none-eabi/14.3.1/thumb/v7e-m+fp/hard/crtbegin.o
 .tm_clone_table
                0x20000060        0x0 /opt/arm-gnu-toolchain-14.3.rel1-x86_64-arm-none-eabi/bin/../lib/gcc/arm-none-eabi/14.3.1/thumb/v7e-m+fp/hard/crtend.o

.igot.plt       0x20000060        0x0 load address 0x08003c28
 .igot.plt      0x20000060        0x0 /opt/arm-gnu-toolchain-14.3.rel1-x86_64-arm-none-eabi/bin/../lib/gcc/arm-none-eabi/14.3.1/thumb/v7e-m+fp/hard/crtbegin.o

.ccmram         0x10000000        0x0 load address 0x08003c28
                0x10000000                        . = ALIGN (0x4)
                0x10000000                        _sccmram = .
 *(.ccmram)
 *(.ccmram*)
                0x10000000                        . = ALIGN (0x4)
                0x10000000                        _eccmram = .
                0x10000000                        . = ALIGN (0x4)

.bss            0x20000060      0x7cc
                0x20000060                        _sbss = .
                0x20000060                        __bss_start__ = _sbss
 *(.bss)
 *(.bss*)
 .bss.completed.1
                0x20000060        0x1 /opt/arm-gnu-toolchain-14.3.rel1-x86_64-arm-none-eabi/bin/../lib/gcc/arm-none-eabi/14.3.1/thumb/v7e-m+fp/hard/crtbegin.o
 *fill*         0x20000061        0x3 
 .bss.object.0  0x20000064       0x18 /opt/arm-gnu-toolchain-14.3.rel1-x86_64-arm-none-eabi/bin/../lib/gcc/arm-none-eabi/14.3.1/thumb/v7e-m+fp/hard/crtbegin.o
 .bss.__sf      0x2000007c      0x138 /opt/arm-gnu-toolchain-14.3.rel1-x86_64-arm-none-eabi/bin/../lib/gcc/arm-none-eabi/14.3.1/../../../../arm-none-eabi/lib/thumb/v7e-m+fp/hard/libc_nano.a(libc_a-findfp.o)
                0x2000007c                __sf
 .bss.__stdio_exit_handler
                0x200001b4        0x4 /opt/arm-gnu-toolchain-14.3.rel1-x86_64-arm-none-eabi/bin/../lib/gcc/arm-none-eabi/14.3.1/../../../../arm-none-eabi/lib/thumb/v7e-m+fp/hard/libc_nano.a(libc_a-findfp.o)
                0x200001b4                __stdio_exit_handler
 .bss.errno     0x200001b8        0x4 /opt/arm-gnu-toolchain-14.3.rel1-x86_64-arm-none-eabi/bin/../lib/gcc/arm-none-eabi/14.3.1/../../../../arm-none-eabi/lib/thumb/v7e-m+fp/hard/libc_nano.a(libc_a-reent.o)
                0x200001b8                errno
 .bss.__lock___malloc_recursive_mutex
                0x200001bc        0x1 /opt/arm-gnu-toolchain-14.3.rel1-x86_64-arm-none-eabi/bin/../lib/gcc/arm-none-eabi/14.3.1/../../../../arm-none-eabi/lib/thumb/v7e-m+fp/hard/libc_nano.a(libc_a-lock.o)
                0x200001bc                __lock___malloc_recursive_mutex
 .bss.__lock___sfp_recursive_mutex
                0x200001bd        0x1 /opt/arm-gnu-toolchain-14.3.rel1-x86_64-arm-none-eabi/bin/../lib/gcc/arm-none-eabi/14.3.1/../../../../arm-none-eabi/lib/thumb/v7e-m+fp/hard/libc_nano.a(libc_a-lock.o)
                0x200001bd                __lock___sfp_recursive_mutex
 *fill*         0x200001be        0x2 
 .bss.__malloc_sbrk_start
                0x200001c0        0x4 /opt/arm-gnu-toolchain-14.3.rel1-x86_64-arm-none-eabi/bin/../lib/gcc/arm-none-eabi/14.3.1/../../../../arm-none-eabi/lib/thumb/v7e-m+fp/hard/libc_nano.a(libc_a-mallocr.o)
                0x200001c0                __malloc_sbrk_start
 .bss.__malloc_free_list
                0x200001c4        0x4 /opt/arm-gnu-toolchain-14.3.rel1-x86_64-arm-none-eabi/bin/../lib/gcc/arm-none-eabi/14.3.1/../../../../arm-none-eabi/lib/thumb/v7e-m+fp/hard/libc_nano.a(libc_a-mallocr.o)
                0x200001c4                __malloc_free_list
 .bss.DMA_USART1_TX_BUF
                0x200001c8      0x208 CMakeFiles/STM32F407_LCKFB.elf.dir/bsp/DMA/DMA_Init.c.o
                0x200001c8                DMA_USART1_TX_BUF
 .bss.DMA_USART1_RX_BUF
                0x200003d0      0x208 CMakeFiles/STM32F407_LCKFB.elf.dir/bsp/DMA/DMA_Init.c.o
                0x200003d0                DMA_USART1_RX_BUF
 .bss.usart1_rx_len
                0x200005d8        0x2 CMakeFiles/STM32F407_LCKFB.elf.dir/bsp/DMA/DMA_Init.c.o
                0x200005d8                usart1_rx_len
 .bss.Frame_it  0x200005da        0x1 CMakeFiles/STM32F407_LCKFB.elf.dir/bsp/Response/response.c.o
                0x200005da                Frame_it
 *fill*         0x200005db        0x1 
 .bss.test_data
                0x200005dc      0x24c CMakeFiles/STM32F407_LCKFB.elf.dir/bsp/Response/response.c.o
                0x200005dc                test_data
 .bss.heap_end.0
                0x20000828        0x4 /opt/arm-gnu-toolchain-14.3.rel1-x86_64-arm-none-eabi/bin/../lib/gcc/arm-none-eabi/14.3.1/../../../../arm-none-eabi/lib/thumb/v7e-m+fp/hard/libnosys.a(sbrk.o)
 *(COMMON)
                0x2000082c                        . = ALIGN (0x4)
                0x2000082c                        _ebss = .
                0x2000082c                        __bss_end__ = _ebss

._user_heap_stack
                0x2000082c      0xc04
                0x20000830                        . = ALIGN (0x8)
 *fill*         0x2000082c        0x4 
                0x20000830                        PROVIDE (end = .)
                [!provide]                        PROVIDE (_end = .)
                0x20000c30                        . = (. + _Min_Heap_Size)
 *fill*         0x20000830      0x400 
                0x20001430                        . = (. + _Min_Stack_Size)
 *fill*         0x20000c30      0x800 
                0x20001430                        . = ALIGN (0x8)

/DISCARD/
 libc.a(*)
 libm.a(*)
 libgcc.a(*)

.ARM.attributes
                0x00000000       0x30
 *(.ARM.attributes)
 .ARM.attributes
                0x00000000       0x22 /opt/arm-gnu-toolchain-14.3.rel1-x86_64-arm-none-eabi/bin/../lib/gcc/arm-none-eabi/14.3.1/thumb/v7e-m+fp/hard/crti.o
 .ARM.attributes
                0x00000022       0x34 /opt/arm-gnu-toolchain-14.3.rel1-x86_64-arm-none-eabi/bin/../lib/gcc/arm-none-eabi/14.3.1/thumb/v7e-m+fp/hard/crtbegin.o
 .ARM.attributes
                0x00000056       0x34 /opt/arm-gnu-toolchain-14.3.rel1-x86_64-arm-none-eabi/bin/../lib/gcc/arm-none-eabi/14.3.1/../../../../arm-none-eabi/lib/thumb/v7e-m+fp/hard/libc_nano.a(libc_a-findfp.o)
 .ARM.attributes
                0x0000008a       0x34 /opt/arm-gnu-toolchain-14.3.rel1-x86_64-arm-none-eabi/bin/../lib/gcc/arm-none-eabi/14.3.1/../../../../arm-none-eabi/lib/thumb/v7e-m+fp/hard/libc_nano.a(libc_a-fwalk.o)
 .ARM.attributes
                0x000000be       0x34 /opt/arm-gnu-toolchain-14.3.rel1-x86_64-arm-none-eabi/bin/../lib/gcc/arm-none-eabi/14.3.1/../../../../arm-none-eabi/lib/thumb/v7e-m+fp/hard/libc_nano.a(libc_a-stdio.o)
 .ARM.attributes
                0x000000f2       0x34 /opt/arm-gnu-toolchain-14.3.rel1-x86_64-arm-none-eabi/bin/../lib/gcc/arm-none-eabi/14.3.1/../../../../arm-none-eabi/lib/thumb/v7e-m+fp/hard/libc_nano.a(libc_a-memset.o)
 .ARM.attributes
                0x00000126       0x34 /opt/arm-gnu-toolchain-14.3.rel1-x86_64-arm-none-eabi/bin/../lib/gcc/arm-none-eabi/14.3.1/../../../../arm-none-eabi/lib/thumb/v7e-m+fp/hard/libc_nano.a(libc_a-closer.o)
 .ARM.attributes
                0x0000015a       0x34 /opt/arm-gnu-toolchain-14.3.rel1-x86_64-arm-none-eabi/bin/../lib/gcc/arm-none-eabi/14.3.1/../../../../arm-none-eabi/lib/thumb/v7e-m+fp/hard/libc_nano.a(libc_a-reent.o)
 .ARM.attributes
                0x0000018e       0x34 /opt/arm-gnu-toolchain-14.3.rel1-x86_64-arm-none-eabi/bin/../lib/gcc/arm-none-eabi/14.3.1/../../../../arm-none-eabi/lib/thumb/v7e-m+fp/hard/libc_nano.a(libc_a-impure.o)
 .ARM.attributes
                0x000001c2       0x34 /opt/arm-gnu-toolchain-14.3.rel1-x86_64-arm-none-eabi/bin/../lib/gcc/arm-none-eabi/14.3.1/../../../../arm-none-eabi/lib/thumb/v7e-m+fp/hard/libc_nano.a(libc_a-lseekr.o)
 .ARM.attributes
                0x000001f6       0x34 /opt/arm-gnu-toolchain-14.3.rel1-x86_64-arm-none-eabi/bin/../lib/gcc/arm-none-eabi/14.3.1/../../../../arm-none-eabi/lib/thumb/v7e-m+fp/hard/libc_nano.a(libc_a-readr.o)
 .ARM.attributes
                0x0000022a       0x34 /opt/arm-gnu-toolchain-14.3.rel1-x86_64-arm-none-eabi/bin/../lib/gcc/arm-none-eabi/14.3.1/../../../../arm-none-eabi/lib/thumb/v7e-m+fp/hard/libc_nano.a(libc_a-writer.o)
 .ARM.attributes
                0x0000025e       0x34 /opt/arm-gnu-toolchain-14.3.rel1-x86_64-arm-none-eabi/bin/../lib/gcc/arm-none-eabi/14.3.1/../../../../arm-none-eabi/lib/thumb/v7e-m+fp/hard/libc_nano.a(libc_a-init.o)
 .ARM.attributes
                0x00000292       0x34 /opt/arm-gnu-toolchain-14.3.rel1-x86_64-arm-none-eabi/bin/../lib/gcc/arm-none-eabi/14.3.1/../../../../arm-none-eabi/lib/thumb/v7e-m+fp/hard/libc_nano.a(libc_a-lock.o)
 .ARM.attributes
                0x000002c6       0x34 /opt/arm-gnu-toolchain-14.3.rel1-x86_64-arm-none-eabi/bin/../lib/gcc/arm-none-eabi/14.3.1/../../../../arm-none-eabi/lib/thumb/v7e-m+fp/hard/libc_nano.a(libc_a-freer.o)
 .ARM.attributes
                0x000002fa       0x34 /opt/arm-gnu-toolchain-14.3.rel1-x86_64-arm-none-eabi/bin/../lib/gcc/arm-none-eabi/14.3.1/../../../../arm-none-eabi/lib/thumb/v7e-m+fp/hard/libc_nano.a(libc_a-mallocr.o)
 .ARM.attributes
                0x0000032e       0x34 /opt/arm-gnu-toolchain-14.3.rel1-x86_64-arm-none-eabi/bin/../lib/gcc/arm-none-eabi/14.3.1/../../../../arm-none-eabi/lib/thumb/v7e-m+fp/hard/libc_nano.a(libc_a-mlock.o)
 .ARM.attributes
                0x00000362       0x34 /opt/arm-gnu-toolchain-14.3.rel1-x86_64-arm-none-eabi/bin/../lib/gcc/arm-none-eabi/14.3.1/../../../../arm-none-eabi/lib/thumb/v7e-m+fp/hard/libc_nano.a(libc_a-fflush.o)
 .ARM.attributes
                0x00000396       0x34 /opt/arm-gnu-toolchain-14.3.rel1-x86_64-arm-none-eabi/bin/../lib/gcc/arm-none-eabi/14.3.1/../../../../arm-none-eabi/lib/thumb/v7e-m+fp/hard/libc_nano.a(libc_a-sbrkr.o)
 .ARM.attributes
                0x000003ca       0x34 CMakeFiles/STM32F407_LCKFB.elf.dir/PeripheralModule/OV2640/OV2640_DCMI_Init.c.o
 .ARM.attributes
                0x000003fe       0x34 CMakeFiles/STM32F407_LCKFB.elf.dir/PeripheralModule/OV2640/OV2640_DMA_Init.c.o
 .ARM.attributes
                0x00000432       0x34 CMakeFiles/STM32F407_LCKFB.elf.dir/PeripheralModule/OV2640/OV2640_init.c.o
 .ARM.attributes
                0x00000466       0x34 CMakeFiles/STM32F407_LCKFB.elf.dir/PeripheralModule/SPI_Screen/SPI_Screen_init.c.o
 .ARM.attributes
                0x0000049a       0x34 CMakeFiles/STM32F407_LCKFB.elf.dir/app/main.c.o
 .ARM.attributes
                0x000004ce       0x34 CMakeFiles/STM32F407_LCKFB.elf.dir/board/board.c.o
 .ARM.attributes
                0x00000502       0x34 CMakeFiles/STM32F407_LCKFB.elf.dir/bsp/DMA/DMA_Init.c.o
 .ARM.attributes
                0x00000536       0x34 CMakeFiles/STM32F407_LCKFB.elf.dir/bsp/I2C/i2c_handle.c.o
 .ARM.attributes
                0x0000056a       0x34 CMakeFiles/STM32F407_LCKFB.elf.dir/bsp/I2C/i2c_init.c.o
 .ARM.attributes
                0x0000059e       0x34 CMakeFiles/STM32F407_LCKFB.elf.dir/bsp/NVIC/NVIC_Init.c.o
 .ARM.attributes
                0x000005d2       0x34 CMakeFiles/STM32F407_LCKFB.elf.dir/bsp/Response/response.c.o
 .ARM.attributes
                0x00000606       0x34 CMakeFiles/STM32F407_LCKFB.elf.dir/bsp/SPI/spi_init.c.o
 .ARM.attributes
                0x0000063a       0x34 CMakeFiles/STM32F407_LCKFB.elf.dir/bsp/uart/bsp_uart.c.o
 .ARM.attributes
                0x0000066e       0x34 CMakeFiles/STM32F407_LCKFB.elf.dir/libraries/CMSIS/Device/ST/STM32F4xx/Source/Templates/system_stm32f4xx.c.o
 .ARM.attributes
                0x000006a2       0x34 CMakeFiles/STM32F407_LCKFB.elf.dir/libraries/STM32F4xx_StdPeriph_Driver/src/misc.c.o
 .ARM.attributes
                0x000006d6       0x34 CMakeFiles/STM32F407_LCKFB.elf.dir/libraries/STM32F4xx_StdPeriph_Driver/src/stm32f4xx_dcmi.c.o
 .ARM.attributes
                0x0000070a       0x34 CMakeFiles/STM32F407_LCKFB.elf.dir/libraries/STM32F4xx_StdPeriph_Driver/src/stm32f4xx_dma.c.o
 .ARM.attributes
                0x0000073e       0x34 CMakeFiles/STM32F407_LCKFB.elf.dir/libraries/STM32F4xx_StdPeriph_Driver/src/stm32f4xx_gpio.c.o
 .ARM.attributes
                0x00000772       0x34 CMakeFiles/STM32F407_LCKFB.elf.dir/libraries/STM32F4xx_StdPeriph_Driver/src/stm32f4xx_i2c.c.o
 .ARM.attributes
                0x000007a6       0x34 CMakeFiles/STM32F407_LCKFB.elf.dir/libraries/STM32F4xx_StdPeriph_Driver/src/stm32f4xx_rcc.c.o
 .ARM.attributes
                0x000007da       0x34 CMakeFiles/STM32F407_LCKFB.elf.dir/libraries/STM32F4xx_StdPeriph_Driver/src/stm32f4xx_spi.c.o
 .ARM.attributes
                0x0000080e       0x34 CMakeFiles/STM32F407_LCKFB.elf.dir/libraries/STM32F4xx_StdPeriph_Driver/src/stm32f4xx_usart.c.o
 .ARM.attributes
                0x00000842       0x34 CMakeFiles/STM32F407_LCKFB.elf.dir/module/stm32f4xx_it.c.o
 .ARM.attributes
                0x00000876       0x21 CMakeFiles/STM32F407_LCKFB.elf.dir/libraries/CMSIS/Device/ST/STM32F4xx/Source/Templates/arm/startup_stm32f407xx.s.o
 .ARM.attributes
                0x00000897       0x34 /opt/arm-gnu-toolchain-14.3.rel1-x86_64-arm-none-eabi/bin/../lib/gcc/arm-none-eabi/14.3.1/../../../../arm-none-eabi/lib/thumb/v7e-m+fp/hard/libg_nano.a(libc_a-printf.o)
 .ARM.attributes
                0x000008cb       0x34 /opt/arm-gnu-toolchain-14.3.rel1-x86_64-arm-none-eabi/bin/../lib/gcc/arm-none-eabi/14.3.1/../../../../arm-none-eabi/lib/thumb/v7e-m+fp/hard/libg_nano.a(libc_a-puts.o)
 .ARM.attributes
                0x000008ff       0x34 /opt/arm-gnu-toolchain-14.3.rel1-x86_64-arm-none-eabi/bin/../lib/gcc/arm-none-eabi/14.3.1/../../../../arm-none-eabi/lib/thumb/v7e-m+fp/hard/libg_nano.a(libc_a-wbuf.o)
 .ARM.attributes
                0x00000933       0x34 /opt/arm-gnu-toolchain-14.3.rel1-x86_64-arm-none-eabi/bin/../lib/gcc/arm-none-eabi/14.3.1/../../../../arm-none-eabi/lib/thumb/v7e-m+fp/hard/libg_nano.a(libc_a-wsetup.o)
 .ARM.attributes
                0x00000967       0x34 /opt/arm-gnu-toolchain-14.3.rel1-x86_64-arm-none-eabi/bin/../lib/gcc/arm-none-eabi/14.3.1/../../../../arm-none-eabi/lib/thumb/v7e-m+fp/hard/libg_nano.a(libc_a-errno.o)
 .ARM.attributes
                0x0000099b       0x34 /opt/arm-gnu-toolchain-14.3.rel1-x86_64-arm-none-eabi/bin/../lib/gcc/arm-none-eabi/14.3.1/../../../../arm-none-eabi/lib/thumb/v7e-m+fp/hard/libg_nano.a(libc_a-memcpy-stub.o)
 .ARM.attributes
                0x000009cf       0x34 /opt/arm-gnu-toolchain-14.3.rel1-x86_64-arm-none-eabi/bin/../lib/gcc/arm-none-eabi/14.3.1/../../../../arm-none-eabi/lib/thumb/v7e-m+fp/hard/libg_nano.a(libc_a-nano-vfprintf.o)
 .ARM.attributes
                0x00000a03       0x34 /opt/arm-gnu-toolchain-14.3.rel1-x86_64-arm-none-eabi/bin/../lib/gcc/arm-none-eabi/14.3.1/../../../../arm-none-eabi/lib/thumb/v7e-m+fp/hard/libg_nano.a(libc_a-nano-vfprintf_i.o)
 .ARM.attributes
                0x00000a37       0x34 /opt/arm-gnu-toolchain-14.3.rel1-x86_64-arm-none-eabi/bin/../lib/gcc/arm-none-eabi/14.3.1/../../../../arm-none-eabi/lib/thumb/v7e-m+fp/hard/libg_nano.a(libc_a-makebuf.o)
 .ARM.attributes
                0x00000a6b       0x34 /opt/arm-gnu-toolchain-14.3.rel1-x86_64-arm-none-eabi/bin/../lib/gcc/arm-none-eabi/14.3.1/../../../../arm-none-eabi/lib/thumb/v7e-m+fp/hard/libg_nano.a(libc_a-fstatr.o)
 .ARM.attributes
                0x00000a9f       0x34 /opt/arm-gnu-toolchain-14.3.rel1-x86_64-arm-none-eabi/bin/../lib/gcc/arm-none-eabi/14.3.1/../../../../arm-none-eabi/lib/thumb/v7e-m+fp/hard/libg_nano.a(libc_a-isattyr.o)
 .ARM.attributes
                0x00000ad3       0x1c /opt/arm-gnu-toolchain-14.3.rel1-x86_64-arm-none-eabi/bin/../lib/gcc/arm-none-eabi/14.3.1/../../../../arm-none-eabi/lib/thumb/v7e-m+fp/hard/libg_nano.a(libc_a-memchr.o)
 .ARM.attributes
                0x00000aef       0x34 /opt/arm-gnu-toolchain-14.3.rel1-x86_64-arm-none-eabi/bin/../lib/gcc/arm-none-eabi/14.3.1/../../../../arm-none-eabi/lib/thumb/v7e-m+fp/hard/libnosys.a(close.o)
 .ARM.attributes
                0x00000b23       0x34 /opt/arm-gnu-toolchain-14.3.rel1-x86_64-arm-none-eabi/bin/../lib/gcc/arm-none-eabi/14.3.1/../../../../arm-none-eabi/lib/thumb/v7e-m+fp/hard/libnosys.a(fstat.o)
 .ARM.attributes
                0x00000b57       0x34 /opt/arm-gnu-toolchain-14.3.rel1-x86_64-arm-none-eabi/bin/../lib/gcc/arm-none-eabi/14.3.1/../../../../arm-none-eabi/lib/thumb/v7e-m+fp/hard/libnosys.a(lseek.o)
 .ARM.attributes
                0x00000b8b       0x34 /opt/arm-gnu-toolchain-14.3.rel1-x86_64-arm-none-eabi/bin/../lib/gcc/arm-none-eabi/14.3.1/../../../../arm-none-eabi/lib/thumb/v7e-m+fp/hard/libnosys.a(read.o)
 .ARM.attributes
                0x00000bbf       0x34 /opt/arm-gnu-toolchain-14.3.rel1-x86_64-arm-none-eabi/bin/../lib/gcc/arm-none-eabi/14.3.1/../../../../arm-none-eabi/lib/thumb/v7e-m+fp/hard/libnosys.a(sbrk.o)
 .ARM.attributes
                0x00000bf3       0x34 /opt/arm-gnu-toolchain-14.3.rel1-x86_64-arm-none-eabi/bin/../lib/gcc/arm-none-eabi/14.3.1/thumb/v7e-m+fp/hard/crtend.o
 .ARM.attributes
                0x00000c27       0x22 /opt/arm-gnu-toolchain-14.3.rel1-x86_64-arm-none-eabi/bin/../lib/gcc/arm-none-eabi/14.3.1/thumb/v7e-m+fp/hard/crtn.o
OUTPUT(STM32F407_LCKFB.elf elf32-littlearm)
LOAD linker stubs
LOAD /opt/arm-gnu-toolchain-14.3.rel1-x86_64-arm-none-eabi/bin/../lib/gcc/arm-none-eabi/14.3.1/../../../../arm-none-eabi/lib/thumb/v7e-m+fp/hard/libc.a
LOAD /opt/arm-gnu-toolchain-14.3.rel1-x86_64-arm-none-eabi/bin/../lib/gcc/arm-none-eabi/14.3.1/../../../../arm-none-eabi/lib/thumb/v7e-m+fp/hard/libm.a
LOAD /opt/arm-gnu-toolchain-14.3.rel1-x86_64-arm-none-eabi/bin/../lib/gcc/arm-none-eabi/14.3.1/thumb/v7e-m+fp/hard/libgcc.a

.debug_frame    0x00000000     0x1ed0
 .debug_frame   0x00000000      0x144 /opt/arm-gnu-toolchain-14.3.rel1-x86_64-arm-none-eabi/bin/../lib/gcc/arm-none-eabi/14.3.1/../../../../arm-none-eabi/lib/thumb/v7e-m+fp/hard/libc_nano.a(libc_a-findfp.o)
 .debug_frame   0x00000144       0x34 /opt/arm-gnu-toolchain-14.3.rel1-x86_64-arm-none-eabi/bin/../lib/gcc/arm-none-eabi/14.3.1/../../../../arm-none-eabi/lib/thumb/v7e-m+fp/hard/libc_nano.a(libc_a-fwalk.o)
 .debug_frame   0x00000178       0x88 /opt/arm-gnu-toolchain-14.3.rel1-x86_64-arm-none-eabi/bin/../lib/gcc/arm-none-eabi/14.3.1/../../../../arm-none-eabi/lib/thumb/v7e-m+fp/hard/libc_nano.a(libc_a-stdio.o)
 .debug_frame   0x00000200       0x20 /opt/arm-gnu-toolchain-14.3.rel1-x86_64-arm-none-eabi/bin/../lib/gcc/arm-none-eabi/14.3.1/../../../../arm-none-eabi/lib/thumb/v7e-m+fp/hard/libc_nano.a(libc_a-memset.o)
 .debug_frame   0x00000220       0x2c /opt/arm-gnu-toolchain-14.3.rel1-x86_64-arm-none-eabi/bin/../lib/gcc/arm-none-eabi/14.3.1/../../../../arm-none-eabi/lib/thumb/v7e-m+fp/hard/libc_nano.a(libc_a-closer.o)
 .debug_frame   0x0000024c       0x38 /opt/arm-gnu-toolchain-14.3.rel1-x86_64-arm-none-eabi/bin/../lib/gcc/arm-none-eabi/14.3.1/../../../../arm-none-eabi/lib/thumb/v7e-m+fp/hard/libc_nano.a(libc_a-reent.o)
 .debug_frame   0x00000284       0x2c /opt/arm-gnu-toolchain-14.3.rel1-x86_64-arm-none-eabi/bin/../lib/gcc/arm-none-eabi/14.3.1/../../../../arm-none-eabi/lib/thumb/v7e-m+fp/hard/libc_nano.a(libc_a-lseekr.o)
 .debug_frame   0x000002b0       0x2c /opt/arm-gnu-toolchain-14.3.rel1-x86_64-arm-none-eabi/bin/../lib/gcc/arm-none-eabi/14.3.1/../../../../arm-none-eabi/lib/thumb/v7e-m+fp/hard/libc_nano.a(libc_a-readr.o)
 .debug_frame   0x000002dc       0x2c /opt/arm-gnu-toolchain-14.3.rel1-x86_64-arm-none-eabi/bin/../lib/gcc/arm-none-eabi/14.3.1/../../../../arm-none-eabi/lib/thumb/v7e-m+fp/hard/libc_nano.a(libc_a-writer.o)
 .debug_frame   0x00000308       0x2c /opt/arm-gnu-toolchain-14.3.rel1-x86_64-arm-none-eabi/bin/../lib/gcc/arm-none-eabi/14.3.1/../../../../arm-none-eabi/lib/thumb/v7e-m+fp/hard/libc_nano.a(libc_a-init.o)
 .debug_frame   0x00000334       0xb0 /opt/arm-gnu-toolchain-14.3.rel1-x86_64-arm-none-eabi/bin/../lib/gcc/arm-none-eabi/14.3.1/../../../../arm-none-eabi/lib/thumb/v7e-m+fp/hard/libc_nano.a(libc_a-lock.o)
 .debug_frame   0x000003e4       0x38 /opt/arm-gnu-toolchain-14.3.rel1-x86_64-arm-none-eabi/bin/../lib/gcc/arm-none-eabi/14.3.1/../../../../arm-none-eabi/lib/thumb/v7e-m+fp/hard/libc_nano.a(libc_a-freer.o)
 .debug_frame   0x0000041c       0x50 /opt/arm-gnu-toolchain-14.3.rel1-x86_64-arm-none-eabi/bin/../lib/gcc/arm-none-eabi/14.3.1/../../../../arm-none-eabi/lib/thumb/v7e-m+fp/hard/libc_nano.a(libc_a-mallocr.o)
 .debug_frame   0x0000046c       0x30 /opt/arm-gnu-toolchain-14.3.rel1-x86_64-arm-none-eabi/bin/../lib/gcc/arm-none-eabi/14.3.1/../../../../arm-none-eabi/lib/thumb/v7e-m+fp/hard/libc_nano.a(libc_a-mlock.o)
 .debug_frame   0x0000049c       0x5c /opt/arm-gnu-toolchain-14.3.rel1-x86_64-arm-none-eabi/bin/../lib/gcc/arm-none-eabi/14.3.1/../../../../arm-none-eabi/lib/thumb/v7e-m+fp/hard/libc_nano.a(libc_a-fflush.o)
 .debug_frame   0x000004f8       0x2c /opt/arm-gnu-toolchain-14.3.rel1-x86_64-arm-none-eabi/bin/../lib/gcc/arm-none-eabi/14.3.1/../../../../arm-none-eabi/lib/thumb/v7e-m+fp/hard/libc_nano.a(libc_a-sbrkr.o)
 .debug_frame   0x00000524       0x34 CMakeFiles/STM32F407_LCKFB.elf.dir/PeripheralModule/OV2640/OV2640_DCMI_Init.c.o
 .debug_frame   0x00000558       0x30 CMakeFiles/STM32F407_LCKFB.elf.dir/PeripheralModule/OV2640/OV2640_DMA_Init.c.o
 .debug_frame   0x00000588       0x98 CMakeFiles/STM32F407_LCKFB.elf.dir/PeripheralModule/OV2640/OV2640_init.c.o
 .debug_frame   0x00000620      0x160 CMakeFiles/STM32F407_LCKFB.elf.dir/PeripheralModule/SPI_Screen/SPI_Screen_init.c.o
 .debug_frame   0x00000780       0x30 CMakeFiles/STM32F407_LCKFB.elf.dir/app/main.c.o
 .debug_frame   0x000007b0       0x74 CMakeFiles/STM32F407_LCKFB.elf.dir/board/board.c.o
 .debug_frame   0x00000824       0x54 CMakeFiles/STM32F407_LCKFB.elf.dir/bsp/DMA/DMA_Init.c.o
 .debug_frame   0x00000878      0x1a4 CMakeFiles/STM32F407_LCKFB.elf.dir/bsp/I2C/i2c_handle.c.o
 .debug_frame   0x00000a1c       0x30 CMakeFiles/STM32F407_LCKFB.elf.dir/bsp/I2C/i2c_init.c.o
 .debug_frame   0x00000a4c       0x28 CMakeFiles/STM32F407_LCKFB.elf.dir/bsp/NVIC/NVIC_Init.c.o
 .debug_frame   0x00000a74       0x4c CMakeFiles/STM32F407_LCKFB.elf.dir/bsp/Response/response.c.o
 .debug_frame   0x00000ac0       0x60 CMakeFiles/STM32F407_LCKFB.elf.dir/bsp/SPI/spi_init.c.o
 .debug_frame   0x00000b20       0x88 CMakeFiles/STM32F407_LCKFB.elf.dir/bsp/uart/bsp_uart.c.o
 .debug_frame   0x00000ba8       0x38 CMakeFiles/STM32F407_LCKFB.elf.dir/libraries/CMSIS/Device/ST/STM32F4xx/Source/Templates/system_stm32f4xx.c.o
 .debug_frame   0x00000be0       0x6c CMakeFiles/STM32F407_LCKFB.elf.dir/libraries/STM32F4xx_StdPeriph_Driver/src/misc.c.o
 .debug_frame   0x00000c4c      0x108 CMakeFiles/STM32F407_LCKFB.elf.dir/libraries/STM32F4xx_StdPeriph_Driver/src/stm32f4xx_dcmi.c.o
 .debug_frame   0x00000d54      0x160 CMakeFiles/STM32F407_LCKFB.elf.dir/libraries/STM32F4xx_StdPeriph_Driver/src/stm32f4xx_dma.c.o
 .debug_frame   0x00000eb4      0x120 CMakeFiles/STM32F407_LCKFB.elf.dir/libraries/STM32F4xx_StdPeriph_Driver/src/stm32f4xx_gpio.c.o
 .debug_frame   0x00000fd4      0x278 CMakeFiles/STM32F407_LCKFB.elf.dir/libraries/STM32F4xx_StdPeriph_Driver/src/stm32f4xx_i2c.c.o
 .debug_frame   0x0000124c      0x37c CMakeFiles/STM32F407_LCKFB.elf.dir/libraries/STM32F4xx_StdPeriph_Driver/src/stm32f4xx_rcc.c.o
 .debug_frame   0x000015c8      0x1e4 CMakeFiles/STM32F407_LCKFB.elf.dir/libraries/STM32F4xx_StdPeriph_Driver/src/stm32f4xx_spi.c.o
 .debug_frame   0x000017ac      0x224 CMakeFiles/STM32F407_LCKFB.elf.dir/libraries/STM32F4xx_StdPeriph_Driver/src/stm32f4xx_usart.c.o
 .debug_frame   0x000019d0      0x100 CMakeFiles/STM32F407_LCKFB.elf.dir/module/stm32f4xx_it.c.o
 .debug_frame   0x00001ad0       0x6c /opt/arm-gnu-toolchain-14.3.rel1-x86_64-arm-none-eabi/bin/../lib/gcc/arm-none-eabi/14.3.1/../../../../arm-none-eabi/lib/thumb/v7e-m+fp/hard/libg_nano.a(libc_a-printf.o)
 .debug_frame   0x00001b3c       0x3c /opt/arm-gnu-toolchain-14.3.rel1-x86_64-arm-none-eabi/bin/../lib/gcc/arm-none-eabi/14.3.1/../../../../arm-none-eabi/lib/thumb/v7e-m+fp/hard/libg_nano.a(libc_a-puts.o)
 .debug_frame   0x00001b78       0x40 /opt/arm-gnu-toolchain-14.3.rel1-x86_64-arm-none-eabi/bin/../lib/gcc/arm-none-eabi/14.3.1/../../../../arm-none-eabi/lib/thumb/v7e-m+fp/hard/libg_nano.a(libc_a-wbuf.o)
 .debug_frame   0x00001bb8       0x2c /opt/arm-gnu-toolchain-14.3.rel1-x86_64-arm-none-eabi/bin/../lib/gcc/arm-none-eabi/14.3.1/../../../../arm-none-eabi/lib/thumb/v7e-m+fp/hard/libg_nano.a(libc_a-wsetup.o)
 .debug_frame   0x00001be4       0x20 /opt/arm-gnu-toolchain-14.3.rel1-x86_64-arm-none-eabi/bin/../lib/gcc/arm-none-eabi/14.3.1/../../../../arm-none-eabi/lib/thumb/v7e-m+fp/hard/libg_nano.a(libc_a-errno.o)
 .debug_frame   0x00001c04       0x28 /opt/arm-gnu-toolchain-14.3.rel1-x86_64-arm-none-eabi/bin/../lib/gcc/arm-none-eabi/14.3.1/../../../../arm-none-eabi/lib/thumb/v7e-m+fp/hard/libg_nano.a(libc_a-memcpy-stub.o)
 .debug_frame   0x00001c2c       0xa8 /opt/arm-gnu-toolchain-14.3.rel1-x86_64-arm-none-eabi/bin/../lib/gcc/arm-none-eabi/14.3.1/../../../../arm-none-eabi/lib/thumb/v7e-m+fp/hard/libg_nano.a(libc_a-nano-vfprintf.o)
 .debug_frame   0x00001cd4       0x60 /opt/arm-gnu-toolchain-14.3.rel1-x86_64-arm-none-eabi/bin/../lib/gcc/arm-none-eabi/14.3.1/../../../../arm-none-eabi/lib/thumb/v7e-m+fp/hard/libg_nano.a(libc_a-nano-vfprintf_i.o)
 .debug_frame   0x00001d34       0x58 /opt/arm-gnu-toolchain-14.3.rel1-x86_64-arm-none-eabi/bin/../lib/gcc/arm-none-eabi/14.3.1/../../../../arm-none-eabi/lib/thumb/v7e-m+fp/hard/libg_nano.a(libc_a-makebuf.o)
 .debug_frame   0x00001d8c       0x2c /opt/arm-gnu-toolchain-14.3.rel1-x86_64-arm-none-eabi/bin/../lib/gcc/arm-none-eabi/14.3.1/../../../../arm-none-eabi/lib/thumb/v7e-m+fp/hard/libg_nano.a(libc_a-fstatr.o)
 .debug_frame   0x00001db8       0x2c /opt/arm-gnu-toolchain-14.3.rel1-x86_64-arm-none-eabi/bin/../lib/gcc/arm-none-eabi/14.3.1/../../../../arm-none-eabi/lib/thumb/v7e-m+fp/hard/libg_nano.a(libc_a-isattyr.o)
 .debug_frame   0x00001de4       0x4c /opt/arm-gnu-toolchain-14.3.rel1-x86_64-arm-none-eabi/bin/../lib/gcc/arm-none-eabi/14.3.1/../../../../arm-none-eabi/lib/thumb/v7e-m+fp/hard/libg_nano.a(libc_a-memchr.o)
 .debug_frame   0x00001e30       0x20 /opt/arm-gnu-toolchain-14.3.rel1-x86_64-arm-none-eabi/bin/../lib/gcc/arm-none-eabi/14.3.1/../../../../arm-none-eabi/lib/thumb/v7e-m+fp/hard/libnosys.a(close.o)
 .debug_frame   0x00001e50       0x20 /opt/arm-gnu-toolchain-14.3.rel1-x86_64-arm-none-eabi/bin/../lib/gcc/arm-none-eabi/14.3.1/../../../../arm-none-eabi/lib/thumb/v7e-m+fp/hard/libnosys.a(fstat.o)
 .debug_frame   0x00001e70       0x20 /opt/arm-gnu-toolchain-14.3.rel1-x86_64-arm-none-eabi/bin/../lib/gcc/arm-none-eabi/14.3.1/../../../../arm-none-eabi/lib/thumb/v7e-m+fp/hard/libnosys.a(lseek.o)
 .debug_frame   0x00001e90       0x20 /opt/arm-gnu-toolchain-14.3.rel1-x86_64-arm-none-eabi/bin/../lib/gcc/arm-none-eabi/14.3.1/../../../../arm-none-eabi/lib/thumb/v7e-m+fp/hard/libnosys.a(read.o)
 .debug_frame   0x00001eb0       0x20 /opt/arm-gnu-toolchain-14.3.rel1-x86_64-arm-none-eabi/bin/../lib/gcc/arm-none-eabi/14.3.1/../../../../arm-none-eabi/lib/thumb/v7e-m+fp/hard/libnosys.a(sbrk.o)

.debug_info     0x00000000     0xce90
 .debug_info    0x00000000      0x809 CMakeFiles/STM32F407_LCKFB.elf.dir/PeripheralModule/OV2640/OV2640_DCMI_Init.c.o
 .debug_info    0x00000809      0x398 CMakeFiles/STM32F407_LCKFB.elf.dir/PeripheralModule/OV2640/OV2640_DMA_Init.c.o
 .debug_info    0x00000ba1      0x732 CMakeFiles/STM32F407_LCKFB.elf.dir/PeripheralModule/OV2640/OV2640_init.c.o
 .debug_info    0x000012d3     0x1453 CMakeFiles/STM32F407_LCKFB.elf.dir/PeripheralModule/SPI_Screen/SPI_Screen_init.c.o
 .debug_info    0x00002726      0x92c CMakeFiles/STM32F407_LCKFB.elf.dir/app/main.c.o
 .debug_info    0x00003052      0x3dd CMakeFiles/STM32F407_LCKFB.elf.dir/board/board.c.o
 .debug_info    0x0000342f      0x546 CMakeFiles/STM32F407_LCKFB.elf.dir/bsp/DMA/DMA_Init.c.o
 .debug_info    0x00003975     0x1999 CMakeFiles/STM32F407_LCKFB.elf.dir/bsp/I2C/i2c_handle.c.o
 .debug_info    0x0000530e      0x630 CMakeFiles/STM32F407_LCKFB.elf.dir/bsp/I2C/i2c_init.c.o
 .debug_info    0x0000593e      0x3fc CMakeFiles/STM32F407_LCKFB.elf.dir/bsp/NVIC/NVIC_Init.c.o
 .debug_info    0x00005d3a      0x90f CMakeFiles/STM32F407_LCKFB.elf.dir/bsp/Response/response.c.o
 .debug_info    0x00006649      0x93e CMakeFiles/STM32F407_LCKFB.elf.dir/bsp/SPI/spi_init.c.o
 .debug_info    0x00006f87      0x867 CMakeFiles/STM32F407_LCKFB.elf.dir/bsp/uart/bsp_uart.c.o
 .debug_info    0x000077ee      0x61b CMakeFiles/STM32F407_LCKFB.elf.dir/libraries/CMSIS/Device/ST/STM32F4xx/Source/Templates/system_stm32f4xx.c.o
 .debug_info    0x00007e09      0x50e CMakeFiles/STM32F407_LCKFB.elf.dir/libraries/STM32F4xx_StdPeriph_Driver/src/misc.c.o
 .debug_info    0x00008317      0x547 CMakeFiles/STM32F407_LCKFB.elf.dir/libraries/STM32F4xx_StdPeriph_Driver/src/stm32f4xx_dcmi.c.o
 .debug_info    0x0000885e      0x72a CMakeFiles/STM32F407_LCKFB.elf.dir/libraries/STM32F4xx_StdPeriph_Driver/src/stm32f4xx_dma.c.o
 .debug_info    0x00008f88      0x75d CMakeFiles/STM32F407_LCKFB.elf.dir/libraries/STM32F4xx_StdPeriph_Driver/src/stm32f4xx_gpio.c.o
 .debug_info    0x000096e5      0xc3f CMakeFiles/STM32F407_LCKFB.elf.dir/libraries/STM32F4xx_StdPeriph_Driver/src/stm32f4xx_i2c.c.o
 .debug_info    0x0000a324      0xe7d CMakeFiles/STM32F407_LCKFB.elf.dir/libraries/STM32F4xx_StdPeriph_Driver/src/stm32f4xx_rcc.c.o
 .debug_info    0x0000b1a1      0xc22 CMakeFiles/STM32F407_LCKFB.elf.dir/libraries/STM32F4xx_StdPeriph_Driver/src/stm32f4xx_spi.c.o
 .debug_info    0x0000bdc3      0xb2e CMakeFiles/STM32F407_LCKFB.elf.dir/libraries/STM32F4xx_StdPeriph_Driver/src/stm32f4xx_usart.c.o
 .debug_info    0x0000c8f1      0x56f CMakeFiles/STM32F407_LCKFB.elf.dir/module/stm32f4xx_it.c.o
 .debug_info    0x0000ce60       0x30 CMakeFiles/STM32F407_LCKFB.elf.dir/libraries/CMSIS/Device/ST/STM32F4xx/Source/Templates/arm/startup_stm32f407xx.s.o

.debug_abbrev   0x00000000     0x2f65
 .debug_abbrev  0x00000000      0x1d8 CMakeFiles/STM32F407_LCKFB.elf.dir/PeripheralModule/OV2640/OV2640_DCMI_Init.c.o
 .debug_abbrev  0x000001d8      0x14b CMakeFiles/STM32F407_LCKFB.elf.dir/PeripheralModule/OV2640/OV2640_DMA_Init.c.o
 .debug_abbrev  0x00000323      0x228 CMakeFiles/STM32F407_LCKFB.elf.dir/PeripheralModule/OV2640/OV2640_init.c.o
 .debug_abbrev  0x0000054b      0x37a CMakeFiles/STM32F407_LCKFB.elf.dir/PeripheralModule/SPI_Screen/SPI_Screen_init.c.o
 .debug_abbrev  0x000008c5      0x241 CMakeFiles/STM32F407_LCKFB.elf.dir/app/main.c.o
 .debug_abbrev  0x00000b06      0x183 CMakeFiles/STM32F407_LCKFB.elf.dir/board/board.c.o
 .debug_abbrev  0x00000c89      0x214 CMakeFiles/STM32F407_LCKFB.elf.dir/bsp/DMA/DMA_Init.c.o
 .debug_abbrev  0x00000e9d      0x355 CMakeFiles/STM32F407_LCKFB.elf.dir/bsp/I2C/i2c_handle.c.o
 .debug_abbrev  0x000011f2      0x1be CMakeFiles/STM32F407_LCKFB.elf.dir/bsp/I2C/i2c_init.c.o
 .debug_abbrev  0x000013b0      0x113 CMakeFiles/STM32F407_LCKFB.elf.dir/bsp/NVIC/NVIC_Init.c.o
 .debug_abbrev  0x000014c3      0x247 CMakeFiles/STM32F407_LCKFB.elf.dir/bsp/Response/response.c.o
 .debug_abbrev  0x0000170a      0x1d8 CMakeFiles/STM32F407_LCKFB.elf.dir/bsp/SPI/spi_init.c.o
 .debug_abbrev  0x000018e2      0x223 CMakeFiles/STM32F407_LCKFB.elf.dir/bsp/uart/bsp_uart.c.o
 .debug_abbrev  0x00001b05      0x19c CMakeFiles/STM32F407_LCKFB.elf.dir/libraries/CMSIS/Device/ST/STM32F4xx/Source/Templates/system_stm32f4xx.c.o
 .debug_abbrev  0x00001ca1      0x197 CMakeFiles/STM32F407_LCKFB.elf.dir/libraries/STM32F4xx_StdPeriph_Driver/src/misc.c.o
 .debug_abbrev  0x00001e38      0x22f CMakeFiles/STM32F407_LCKFB.elf.dir/libraries/STM32F4xx_StdPeriph_Driver/src/stm32f4xx_dcmi.c.o
 .debug_abbrev  0x00002067      0x1c7 CMakeFiles/STM32F407_LCKFB.elf.dir/libraries/STM32F4xx_StdPeriph_Driver/src/stm32f4xx_dma.c.o
 .debug_abbrev  0x0000222e      0x249 CMakeFiles/STM32F407_LCKFB.elf.dir/libraries/STM32F4xx_StdPeriph_Driver/src/stm32f4xx_gpio.c.o
 .debug_abbrev  0x00002477      0x293 CMakeFiles/STM32F407_LCKFB.elf.dir/libraries/STM32F4xx_StdPeriph_Driver/src/stm32f4xx_i2c.c.o
 .debug_abbrev  0x0000270a      0x221 CMakeFiles/STM32F407_LCKFB.elf.dir/libraries/STM32F4xx_StdPeriph_Driver/src/stm32f4xx_rcc.c.o
 .debug_abbrev  0x0000292b      0x1f2 CMakeFiles/STM32F407_LCKFB.elf.dir/libraries/STM32F4xx_StdPeriph_Driver/src/stm32f4xx_spi.c.o
 .debug_abbrev  0x00002b1d      0x209 CMakeFiles/STM32F407_LCKFB.elf.dir/libraries/STM32F4xx_StdPeriph_Driver/src/stm32f4xx_usart.c.o
 .debug_abbrev  0x00002d26      0x21b CMakeFiles/STM32F407_LCKFB.elf.dir/module/stm32f4xx_it.c.o
 .debug_abbrev  0x00002f41       0x24 CMakeFiles/STM32F407_LCKFB.elf.dir/libraries/CMSIS/Device/ST/STM32F4xx/Source/Templates/arm/startup_stm32f407xx.s.o

.debug_aranges  0x00000000      0xa68
 .debug_aranges
                0x00000000       0x20 CMakeFiles/STM32F407_LCKFB.elf.dir/PeripheralModule/OV2640/OV2640_DCMI_Init.c.o
 .debug_aranges
                0x00000020       0x20 CMakeFiles/STM32F407_LCKFB.elf.dir/PeripheralModule/OV2640/OV2640_DMA_Init.c.o
 .debug_aranges
                0x00000040       0x40 CMakeFiles/STM32F407_LCKFB.elf.dir/PeripheralModule/OV2640/OV2640_init.c.o
 .debug_aranges
                0x00000080       0x70 CMakeFiles/STM32F407_LCKFB.elf.dir/PeripheralModule/SPI_Screen/SPI_Screen_init.c.o
 .debug_aranges
                0x000000f0       0x20 CMakeFiles/STM32F407_LCKFB.elf.dir/app/main.c.o
 .debug_aranges
                0x00000110       0x40 CMakeFiles/STM32F407_LCKFB.elf.dir/board/board.c.o
 .debug_aranges
                0x00000150       0x28 CMakeFiles/STM32F407_LCKFB.elf.dir/bsp/DMA/DMA_Init.c.o
 .debug_aranges
                0x00000178       0x78 CMakeFiles/STM32F407_LCKFB.elf.dir/bsp/I2C/i2c_handle.c.o
 .debug_aranges
                0x000001f0       0x20 CMakeFiles/STM32F407_LCKFB.elf.dir/bsp/I2C/i2c_init.c.o
 .debug_aranges
                0x00000210       0x20 CMakeFiles/STM32F407_LCKFB.elf.dir/bsp/NVIC/NVIC_Init.c.o
 .debug_aranges
                0x00000230       0x28 CMakeFiles/STM32F407_LCKFB.elf.dir/bsp/Response/response.c.o
 .debug_aranges
                0x00000258       0x30 CMakeFiles/STM32F407_LCKFB.elf.dir/bsp/SPI/spi_init.c.o
 .debug_aranges
                0x00000288       0x40 CMakeFiles/STM32F407_LCKFB.elf.dir/bsp/uart/bsp_uart.c.o
 .debug_aranges
                0x000002c8       0x28 CMakeFiles/STM32F407_LCKFB.elf.dir/libraries/CMSIS/Device/ST/STM32F4xx/Source/Templates/system_stm32f4xx.c.o
 .debug_aranges
                0x000002f0       0x40 CMakeFiles/STM32F407_LCKFB.elf.dir/libraries/STM32F4xx_StdPeriph_Driver/src/misc.c.o
 .debug_aranges
                0x00000330       0x90 CMakeFiles/STM32F407_LCKFB.elf.dir/libraries/STM32F4xx_StdPeriph_Driver/src/stm32f4xx_dcmi.c.o
 .debug_aranges
                0x000003c0       0xb0 CMakeFiles/STM32F407_LCKFB.elf.dir/libraries/STM32F4xx_StdPeriph_Driver/src/stm32f4xx_dma.c.o
 .debug_aranges
                0x00000470       0x88 CMakeFiles/STM32F407_LCKFB.elf.dir/libraries/STM32F4xx_StdPeriph_Driver/src/stm32f4xx_gpio.c.o
 .debug_aranges
                0x000004f8      0x130 CMakeFiles/STM32F407_LCKFB.elf.dir/libraries/STM32F4xx_StdPeriph_Driver/src/stm32f4xx_i2c.c.o
 .debug_aranges
                0x00000628      0x1c0 CMakeFiles/STM32F407_LCKFB.elf.dir/libraries/STM32F4xx_StdPeriph_Driver/src/stm32f4xx_rcc.c.o
 .debug_aranges
                0x000007e8       0xe0 CMakeFiles/STM32F407_LCKFB.elf.dir/libraries/STM32F4xx_StdPeriph_Driver/src/stm32f4xx_spi.c.o
 .debug_aranges
                0x000008c8      0x100 CMakeFiles/STM32F407_LCKFB.elf.dir/libraries/STM32F4xx_StdPeriph_Driver/src/stm32f4xx_usart.c.o
 .debug_aranges
                0x000009c8       0x78 CMakeFiles/STM32F407_LCKFB.elf.dir/module/stm32f4xx_it.c.o
 .debug_aranges
                0x00000a40       0x28 CMakeFiles/STM32F407_LCKFB.elf.dir/libraries/CMSIS/Device/ST/STM32F4xx/Source/Templates/arm/startup_stm32f407xx.s.o

.debug_rnglists
                0x00000000      0x83c
 .debug_rnglists